Archive member included because of file (symbol)

C:\Program Files (x86)\VEX Robotics\VEXcode Pro V5\sdk/vexv5\libv5rt.a(v5_startup.c.obj)
                              (vexStartup)
C:\Program Files (x86)\VEX Robotics\VEXcode Pro V5\sdk/vexv5\libv5rt.a(v5_util.c.obj)
                              C:\Program Files (x86)\VEX Robotics\VEXcode Pro V5\sdk/vexv5\libv5rt.a(v5_startup.c.obj) (vexStdlibVersionLinked)
C:\Program Files (x86)\VEX Robotics\VEXcode Pro V5\sdk/vexv5\libv5rt.a(v5_apijump.c.obj)
                              C:\Program Files (x86)\VEX Robotics\VEXcode Pro V5\sdk/vexv5\libv5rt.a(v5_startup.c.obj) (vexPrivateApiEnable)
C:\Program Files (x86)\VEX Robotics\VEXcode Pro V5\sdk/vexv5\libv5rt.a(v5_apiversions.c.obj)
                              C:\Program Files (x86)\VEX Robotics\VEXcode Pro V5\sdk/vexv5\libv5rt.a(v5_apijump.c.obj) (vexSystemVersion)
C:\Program Files (x86)\VEX Robotics\VEXcode Pro V5\sdk/vexv5\libv5rt.a(vex_global.cpp.obj)
                              build/src/main.o (vex::wait(double, vex::timeUnits))
C:\Program Files (x86)\VEX Robotics\VEXcode Pro V5\sdk/vexv5\libv5rt.a(vex_motor.cpp.obj)
                              build/src/robot-config.o (vex::motor::~motor())
C:\Program Files (x86)\VEX Robotics\VEXcode Pro V5\sdk/vexv5\libv5rt.a(vex_vision.cpp.obj)
                              build/src/turret.o (vex::vision::~vision())
C:\Program Files (x86)\VEX Robotics\VEXcode Pro V5\sdk/vexv5\libv5rt.a(vex_imu.cpp.obj)
                              build/src/robot-config.o (vex::inertial::~inertial())
C:\Program Files (x86)\VEX Robotics\VEXcode Pro V5\sdk/vexv5\libv5rt.a(vex_rotation.cpp.obj)
                              build/src/robot-config.o (vex::rotation::~rotation())
C:\Program Files (x86)\VEX Robotics\VEXcode Pro V5\sdk/vexv5\libv5rt.a(vex_optical.cpp.obj)
                              build/src/robot-config.o (vex::optical::~optical())
C:\Program Files (x86)\VEX Robotics\VEXcode Pro V5\sdk/vexv5\libv5rt.a(vex_controller.cpp.obj)
                              build/src/robot-config.o (vex::controller::~controller())
C:\Program Files (x86)\VEX Robotics\VEXcode Pro V5\sdk/vexv5\libv5rt.a(vex_task.cpp.obj)
                              build/src/sylib/system.o (vex::task::task(int (*)()))
C:\Program Files (x86)\VEX Robotics\VEXcode Pro V5\sdk/vexv5\libv5rt.a(vex_thread.cpp.obj)
                              build/src/main.o (vex::thread::thread(int (*)()))
C:\Program Files (x86)\VEX Robotics\VEXcode Pro V5\sdk/vexv5\libv5rt.a(vex_event.cpp.obj)
                              C:\Program Files (x86)\VEX Robotics\VEXcode Pro V5\sdk/vexv5\libv5rt.a(vex_imu.cpp.obj) (vex::event::init(unsigned long, unsigned long, void (*)()))
C:\Program Files (x86)\VEX Robotics\VEXcode Pro V5\sdk/vexv5\libv5rt.a(vex_mevent.cpp.obj)
                              C:\Program Files (x86)\VEX Robotics\VEXcode Pro V5\sdk/vexv5\libv5rt.a(vex_controller.cpp.obj) (vex::mevent::mevent(unsigned long, unsigned long))
C:\Program Files (x86)\VEX Robotics\VEXcode Pro V5\sdk/vexv5\libv5rt.a(vex_brain.cpp.obj)
                              build/src/main.o (vex::brain::timer(vex::timeUnits))
C:\Program Files (x86)\VEX Robotics\VEXcode Pro V5\sdk/vexv5\libv5rt.a(vex_competition.cpp.obj)
                              build/src/main.o (vex::competition::competition())
C:\Program Files (x86)\VEX Robotics\VEXcode Pro V5\sdk/vexv5\libv5rt.a(vex_triport.cpp.obj)
                              C:\Program Files (x86)\VEX Robotics\VEXcode Pro V5\sdk/vexv5\libv5rt.a(vex_brain.cpp.obj) (vex::triport::~triport())
C:\Program Files (x86)\VEX Robotics\VEXcode Pro V5\sdk/vexv5\libv5rt.a(vex_color.cpp.obj)
                              build/src/main.o (vex::color::~color())
C:\Program Files (x86)\VEX Robotics\VEXcode Pro V5\sdk/vexv5\libv5rt.a(vex_timer.cpp.obj)
                              C:\Program Files (x86)\VEX Robotics\VEXcode Pro V5\sdk/vexv5\libv5rt.a(vex_brain.cpp.obj) (vex::timer::~timer())
C:\Program Files (x86)\VEX Robotics\VEXcode Pro V5\sdk/vexv5\libv5rt.a(v5_apiuser.c.obj)
                              C:\Program Files (x86)\VEX Robotics\VEXcode Pro V5\sdk/vexv5\libv5rt.a(vex_triport.cpp.obj) (vexAdiPortConfigSet)
C:\Program Files (x86)\VEX Robotics\VEXcode Pro V5\sdk/vexv5\libv5rt.a(vex_device.cpp.obj)
                              C:\Program Files (x86)\VEX Robotics\VEXcode Pro V5\sdk/vexv5\libv5rt.a(vex_motor.cpp.obj) (vex::device::~device())
C:\Program Files (x86)\VEX Robotics\VEXcode Pro V5\sdk/vexv5/gcc/libs\libc.a(lib_a-aeabi_memclr.o)
                              build/src/sylib/addrled.o (__aeabi_memclr4)
C:\Program Files (x86)\VEX Robotics\VEXcode Pro V5\sdk/vexv5/gcc/libs\libc.a(lib_a-aeabi_memcpy.o)
                              build/src/sylib/motor.o (__aeabi_memcpy8)
C:\Program Files (x86)\VEX Robotics\VEXcode Pro V5\sdk/vexv5/gcc/libs\libc.a(lib_a-aeabi_memmove-soft.o)
                              build/src/sylib/math.o (__aeabi_memmove4)
[...]
Memory Configuration

Name             Origin             Length             Attributes
ps7_ddr_0_S_AXI_BASEADDR 0x03800000         0x04800000
*default*        0x00000000         0xffffffff

Linker script and memory map

                0x00002000                _STACK_SIZE = DEFINED (_STACK_SIZE)?_STACK_SIZE:0x2000
                0x00100000                _HEAP_SIZE = DEFINED (_HEAP_SIZE)?_HEAP_SIZE:0x100000
                0x00000400                _ABORT_STACK_SIZE = DEFINED (_ABORT_STACK_SIZE)?_ABORT_STACK_SIZE:0x400
                0x00000800                _SUPERVISOR_STACK_SIZE = DEFINED (_SUPERVISOR_STACK_SIZE)?_SUPERVISOR_STACK_SIZE:0x800
                0x00000400                _IRQ_STACK_SIZE = DEFINED (_IRQ_STACK_SIZE)?_IRQ_STACK_SIZE:0x400
                0x00000400                _FIQ_STACK_SIZE = DEFINED (_FIQ_STACK_SIZE)?_FIQ_STACK_SIZE:0x400
                0x00000400                _UNDEF_STACK_SIZE = DEFINED (_UNDEF_STACK_SIZE)?_UNDEF_STACK_SIZE:0x400

.text           0x03800000     0xa440
 *(.vectors)
 *(.boot_data)
 .boot_data     0x03800000       0x20 C:\Program Files (x86)\VEX Robotics\VEXcode Pro V5\sdk/vexv5\libv5rt.a(v5_startup.c.obj)
                0x03800000                vexCodeSig
                0x00000020                . = 0x20
 *(.boot)
 .boot          0x03800020       0xbc C:\Program Files (x86)\VEX Robotics\VEXcode Pro V5\sdk/vexv5\libv5rt.a(v5_startup.c.obj)
                0x03800020                vexStartup
                0x03800100                . = ALIGN (0x40)
 *fill*         0x038000dc       0x24 
 *(.freertos_vectors)
 *(.text)
 .text          0x03800100       0x3a C:\Program Files (x86)\VEX Robotics\VEXcode Pro V5\sdk/vexv5/gcc/libs\libc.a(lib_a-aeabi_memmove-soft.o)
                0x03800100                __aeabi_memmove4
                0x03800100                __aeabi_memmove
                0x03800100                __aeabi_memmove8
 .text          0x0380013a       0x9a C:\Program Files (x86)\VEX Robotics\VEXcode Pro V5\sdk/vexv5/gcc/libs\libc.a(lib_a-aeabi_memset-soft.o)
                0x0380013a                __aeabi_memset8
                0x0380013a                __aeabi_memset
                0x0380013a                __aeabi_memset4
 *(.text.*)
 *fill*         0x038001d4        0x4 
 .text._Z15ControllerPrintv
                0x038001d8      0x1f0 build/src/main.o
                0x038001d8                ControllerPrint()
 .text._Z9pre_autonv
                0x038003c8      0x1ec build/src/main.o
                0x038003c8                pre_auton()
 *fill*         0x038005b4        0x4 
 .text._Z10autonomousv
                0x038005b8      0x2f8 build/src/main.o
                0x038005b8                autonomous()
 .text._Z12toggleIntakev
                0x038008b0       0x18 build/src/main.o
                0x038008b0                toggleIntake()
 .text._Z11driveSwitchv
                0x038008c8       0x18 build/src/main.o
                0x038008c8                driveSwitch()
 .text._Z11usercontrolv
                0x038008e0      0x5c8 build/src/main.o
                0x038008e0                usercontrol()
 .text.main     0x03800ea8       0xd8 build/src/main.o
                0x03800ea8                main
 .text._GLOBAL__sub_I_main.cpp
                0x03800f80       0x5c build/src/main.o
 .text._Z5driveiid
                0x03800fdc      0x100 build/src/drive.o
                0x03800fdc                drive(int, int, double)
 .text._Z11drive_brakev
                0x038010dc       0x58 build/src/drive.o
                0x038010dc                drive_brake()
 *fill*         0x03801134        0x4 
 .text._Z6rotatedd
                0x03801138      0x1d8 build/src/drive.o
                0x03801138                rotate(double, double)
 .text._Z9inchDriveff
                0x03801310      0x118 build/src/drive.o
                0x03801310                inchDrive(float, float)
 .text._ZN5sylib5MotorD2Ev
                0x03801428       0xb4 build/src/robot-config.o
                0x03801428                sylib::Motor::~Motor()
 .text._Z11vexcodeInitv
                0x038014dc        0x4 build/src/robot-config.o
                0x038014dc                vexcodeInit()
 .text._ZNSt12__shared_ptrIdLN9__gnu_cxx12_Lock_policyE0EED2Ev
                0x038014e0       0x60 build/src/robot-config.o
                0x038014e0                std::__shared_ptr<double, (__gnu_cxx::_Lock_policy)0>::~__shared_ptr()
 .text._ZNSt11_Deque_baseIdSaIdEED2Ev
                0x03801540       0x50 build/src/robot-config.o
                0x03801540                std::_Deque_base<double, std::allocator<double> >::~_Deque_base()
 .text._ZNSt17_Function_handlerIFddEZN5sylib19SpeedControllerInfoC1ESt8functionIS0_EddddbdbdddbddEd12_UldE_E9_M_invokeERKSt9_Any_datad
                0x03801590        0xc build/src/robot-config.o
                0x03801590                std::_Function_handler<double (double), sylib::SpeedControllerInfo::SpeedControllerInfo(std::function<double (double)>, double, double, double, double, bool, double, bool, double, double, double, bool, double, double)::{default arg#14}::{lambda(double)#1}>::_M_invoke(std::_Any_data const&, double)
 .text._ZNSt14_Function_base13_Base_managerIZN5sylib19SpeedControllerInfoC1ESt8functionIFddEEddddbdbdddbddEd12_UldE_E10_M_managerERSt9_Any_dataRKS8_St18_Manager_operation
                0x0380159c       0x54 build/src/robot-config.o
                0x0380159c                std::_Function_base::_Base_manager<sylib::SpeedControllerInfo::SpeedControllerInfo(std::function<double (double)>, double, double, double, double, bool, double, bool, double, double, double, bool, double, double)::{default arg#14}::{lambda(double)#1}>::_M_manager(std::_Any_data&, std::_Function_base::_Base_manager<sylib::SpeedControllerInfo::SpeedControllerInfo(std::function<double (double)>, double, double, double, double, bool, double, bool, double, double, double, bool, double, double)::{default arg#14}::{lambda(double)#1}> const&, std::_Manager_operation)
 .text._GLOBAL__sub_I_robot_config.cpp
                0x038015f0      0x5a4 build/src/robot-config.o
 *fill*         0x03801b94        0x4 
 .text._Z12spinFlywheeld
                0x03801b98       0x48 build/src/flywheel.o
                0x03801b98                spinFlywheel(double)
 .text._Z20controlFlywheelSpeedv
                0x03801be0       0xd8 build/src/flywheel.o
                0x03801be0                controlFlywheelSpeed()
 .text._GLOBAL__sub_I_flywheel.cpp
                0x03801cb8       0x34 build/src/flywheel.o
 .text._ZN3vex6visionC2IJNS0_9signatureES2_S2_S2_S2_S2_S2_EEElhDpRT_
                0x03801cec       0x64 build/src/turret.o
                0x03801cec                vex::vision::vision<vex::vision::signature, vex::vision::signature, vex::vision::signature, vex::vision::signature, vex::vision::signature, vex::vision::signature, vex::vision::signature>(long, unsigned char, vex::vision::signature&, vex::vision::signature&, vex::vision::signature&, vex::vision::signature&, vex::vision::signature&, vex::vision::signature&, vex::vision::signature&)
 .text._Z12turretStablev
                0x03801d50      0x3a0 build/src/turret.o
                0x03801d50                turretStable()
 .text._Z12turretSpinTodb
                0x038020f0      0x1c0 build/src/turret.o
                0x038020f0                turretSpinTo(double, bool)
 .text._Z12toggleTurretv
                0x038022b0       0x34 build/src/turret.o
                0x038022b0                toggleTurret()
 .text._ZN3vex6vision7_setsigINS0_9signatureEJS2_S2_S2_S2_EEEvRT_DpRT0_
                0x038022e4       0x4c build/src/turret.o
                0x038022e4                void vex::vision::_setsig<vex::vision::signature, vex::vision::signature, vex::vision::signature, vex::vision::signature, vex::vision::signature>(vex::vision::signature&, vex::vision::signature&, vex::vision::signature&, vex::vision::signature&, vex::vision::signature&)
 .text._GLOBAL__sub_I_turret.cpp
                0x03802330      0x2ac build/src/turret.o
 *fill*         0x038025dc        0x4 
 .text._Z9odometeryv
                0x038025e0      0x220 build/src/odometry.o
                0x038025e0                odometery()
 .text._Z12pistonTogglev
                0x03802800       0x60 build/src/discFiring.o
                0x03802800                pistonToggle()
 .text._Z17pistonToggleReadyv
                0x03802860      0x1e8 build/src/discFiring.o
                0x03802860                pistonToggleReady()
 .text._GLOBAL__sub_I_discFiring.cpp
                0x03802a48       0x34 build/src/discFiring.o
 .text._ZN5sylib9EMAFilterC2Ev
                0x03802a7c       0x1c build/src/sylib/math.o
                0x03802a7c                sylib::EMAFilter::EMAFilter()
                0x03802a7c                sylib::EMAFilter::EMAFilter()
 .text._ZN5sylib9EMAFilter6filterEdd
                0x03802a98       0x30 build/src/sylib/math.o
                0x03802a98                sylib::EMAFilter::filter(double, double)
 .text._ZN5sylib9SMAFilterC2Ei
                0x03802ac8       0x7c build/src/sylib/math.o
                0x03802ac8                sylib::SMAFilter::SMAFilter(int)
                0x03802ac8                sylib::SMAFilter::SMAFilter(int)
 .text._ZN5sylib9SMAFilter6filterEd
                0x03802b44      0x100 build/src/sylib/math.o
                0x03802b44                sylib::SMAFilter::filter(double)
 .text._ZN5sylib12MedianFilterC2Eiii
                0x03802c44       0x64 build/src/sylib/math.o
                0x03802c44                sylib::MedianFilter::MedianFilter(int, int, int)
                0x03802c44                sylib::MedianFilter::MedianFilter(int, int, int)
 .text._ZN5sylib12MedianFilter6filterEd
                0x03802ca8      0x308 build/src/sylib/math.o
                0x03802ca8                sylib::MedianFilter::filter(double)
 .text._ZNSt5dequeIdSaIdEE9pop_frontEv
                0x03802fb0       0x54 build/src/sylib/math.o
                0x03802fb0                std::deque<double, std::allocator<double> >::pop_front()
 .text._ZNSt6vectorIdSaIdEE6resizeEj
                0x03803004       0x30 build/src/sylib/math.o
                0x03803004                std::vector<double, std::allocator<double> >::resize(unsigned int)
 .text._ZN5sylib18RangeExtremaFilterC2Ei
                0x03803034       0x58 build/src/sylib/math.o
                0x03803034                sylib::RangeExtremaFilter::RangeExtremaFilter(int)
                0x03803034                sylib::RangeExtremaFilter::RangeExtremaFilter(int)
 .text._ZN5sylib18RangeExtremaFilter6filterEd
                0x0380308c      0x1ac build/src/sylib/math.o
                0x0380308c                sylib::RangeExtremaFilter::filter(double)
 .text._ZN5sylib22SympleDerivativeSolverC2Ev
                0x03803238       0x40 build/src/sylib/math.o
                0x03803238                sylib::SympleDerivativeSolver::SympleDerivativeSolver()
                0x03803238                sylib::SympleDerivativeSolver::SympleDerivativeSolver()
 .text._ZN5sylib22SympleDerivativeSolver15solveDerivativeEd
                0x03803278       0x64 build/src/sylib/math.o
                0x03803278                sylib::SympleDerivativeSolver::solveDerivative(double)
 .text._ZN5sylib17VoltageEstimationC2ESt8functionIFddEEd
                0x038032dc       0x60 build/src/sylib/math.o
                0x038032dc                sylib::VoltageEstimation::VoltageEstimation(std::function<double (double)>, double)
                0x038032dc                sylib::VoltageEstimation::VoltageEstimation(std::function<double (double)>, double)
 .text._ZN5sylib17VoltageEstimation8estimateEd
                0x0380333c       0x48 build/src/sylib/math.o
                0x0380333c                sylib::VoltageEstimation::estimate(double)
 .text._ZN5sylib22ProportionalControllerC2EdSt10shared_ptrIdEdbdd
                0x03803384       0x60 build/src/sylib/math.o
                0x03803384                sylib::ProportionalController::ProportionalController(double, std::shared_ptr<double>, double, bool, double, double)
                0x03803384                sylib::ProportionalController::ProportionalController(double, std::shared_ptr<double>, double, bool, double, double)
 *fill*         0x038033e4        0x4 
 .text._ZN5sylib22ProportionalController6updateEv
                0x038033e8       0x68 build/src/sylib/math.o
                0x038033e8                sylib::ProportionalController::update()
 .text._ZN5sylib22ProportionalControllerdeEv
                0x03803450        0xc build/src/sylib/math.o
                0x03803450                sylib::ProportionalController::operator*()
 .text._ZN5sylib18IntegralControllerC2EdSt10shared_ptrIdEdbd
                0x0380345c       0x78 build/src/sylib/math.o
                0x0380345c                sylib::IntegralController::IntegralController(double, std::shared_ptr<double>, double, bool, double)
                0x0380345c                sylib::IntegralController::IntegralController(double, std::shared_ptr<double>, double, bool, double)
 *fill*         0x038034d4        0x4 
 .text._ZN5sylib18IntegralController6updateEv
                0x038034d8       0xb8 build/src/sylib/math.o
                0x038034d8                sylib::IntegralController::update()
 .text._ZN5sylib18IntegralControllerdeEv
                0x03803590       0x14 build/src/sylib/math.o
                0x03803590                sylib::IntegralController::operator*()
 .text._ZN5sylib18IntegralController10resetValueEv
                0x038035a4       0x10 build/src/sylib/math.o
                0x038035a4                sylib::IntegralController::resetValue()
 .text._ZN5sylib20DerivativeControllerC2EdSt10shared_ptrIdEd
                0x038035b4       0x80 build/src/sylib/math.o
                0x038035b4                sylib::DerivativeController::DerivativeController(double, std::shared_ptr<double>, double)
                0x038035b4                sylib::DerivativeController::DerivativeController(double, std::shared_ptr<double>, double)
 *fill*         0x03803634        0x4 
 .text._ZN5sylib20DerivativeController6updateEv
                0x03803638       0x80 build/src/sylib/math.o
                0x03803638                sylib::DerivativeController::update()
 .text._ZN5sylib20DerivativeControllerdeEv
                0x038036b8       0x14 build/src/sylib/math.o
                0x038036b8                sylib::DerivativeController::operator*()
 .text._ZN5sylib22TakeBackHalfControllerC2EdSt10shared_ptrIdE
                0x038036cc       0x60 build/src/sylib/math.o
                0x038036cc                sylib::TakeBackHalfController::TakeBackHalfController(double, std::shared_ptr<double>)
                0x038036cc                sylib::TakeBackHalfController::TakeBackHalfController(double, std::shared_ptr<double>)
 *fill*         0x0380372c        0x4 
 .text._ZN5sylib22TakeBackHalfController6updateEv
                0x03803730       0x90 build/src/sylib/math.o
                0x03803730                sylib::TakeBackHalfController::update()
 .text._ZNK5sylib22TakeBackHalfControllerdeEv
                0x038037c0        0xc build/src/sylib/math.o
                0x038037c0                sylib::TakeBackHalfController::operator*() const
 .text._ZNSt11_Deque_baseIdSaIdEE17_M_initialize_mapEj
                0x038037cc       0xac build/src/sylib/math.o
                0x038037cc                std::_Deque_base<double, std::allocator<double> >::_M_initialize_map(unsigned int)
 .text._ZNSt11_Deque_baseIdSaIdEEC2EOS1_
                0x03803878       0xa4 build/src/sylib/math.o
                0x03803878                std::_Deque_base<double, std::allocator<double> >::_Deque_base(std::_Deque_base<double, std::allocator<double> >&&)
 .text._ZNSt5dequeIdSaIdEE16_M_push_back_auxIJRKdEEEvDpOT_
                0x0380391c       0x7c build/src/sylib/math.o
                0x0380391c                void std::deque<double, std::allocator<double> >::_M_push_back_aux<double const&>(double const&)
 .text._ZNSt5dequeIdSaIdEE17_M_reallocate_mapEjb
                0x03803998      0x12c build/src/sylib/math.o
                0x03803998                std::deque<double, std::allocator<double> >::_M_reallocate_map(unsigned int, bool)
 .text._ZNSt6vectorIdSaIdEE17_M_default_appendEj
                0x03803ac4       0xcc build/src/sylib/math.o
                0x03803ac4                std::vector<double, std::allocator<double> >::_M_default_append(unsigned int)
 .text._ZNKSt6vectorIdSaIdEE12_M_check_lenEjPKc
                0x03803b90       0x54 build/src/sylib/math.o
                0x03803b90                std::vector<double, std::allocator<double> >::_M_check_len(unsigned int, char const*) const
 .text._ZNSt12_Vector_baseIdSaIdEE11_M_allocateEj
                0x03803be4       0x30 build/src/sylib/math.o
                0x03803be4                std::_Vector_base<double, std::allocator<double> >::_M_allocate(unsigned int)
 .text._ZNKSt15_Deque_iteratorIdRdPdEplEi
                0x03803c14       0x64 build/src/sylib/math.o
                0x03803c14                std::_Deque_iterator<double, double&, double*>::operator+(int) const
 .text._ZSt16__introsort_loopIN9__gnu_cxx17__normal_iteratorIPdSt6vectorIdSaIdEEEEiNS0_5__ops15_Iter_less_iterEEvT_S9_T0_T1_
                0x03803c78       0xe4 build/src/sylib/math.o
                0x03803c78                void std::__introsort_loop<__gnu_cxx::__normal_iterator<double*, std::vector<double, std::allocator<double> > >, int, __gnu_cxx::__ops::_Iter_less_iter>(__gnu_cxx::__normal_iterator<double*, std::vector<double, std::allocator<double> > >, __gnu_cxx::__normal_iterator<double*, std::vector<double, std::allocator<double> > >, int, __gnu_cxx::__ops::_Iter_less_iter)
 .text._ZSt22__final_insertion_sortIN9__gnu_cxx17__normal_iteratorIPdSt6vectorIdSaIdEEEENS0_5__ops15_Iter_less_iterEEvT_S9_T0_
                0x03803d5c       0x7c build/src/sylib/math.o
                0x03803d5c                void std::__final_insertion_sort<__gnu_cxx::__normal_iterator<double*, std::vector<double, std::allocator<double> > >, __gnu_cxx::__ops::_Iter_less_iter>(__gnu_cxx::__normal_iterator<double*, std::vector<double, std::allocator<double> > >, __gnu_cxx::__normal_iterator<double*, std::vector<double, std::allocator<double> > >, __gnu_cxx::__ops::_Iter_less_iter)
 .text._ZSt13__heap_selectIN9__gnu_cxx17__normal_iteratorIPdSt6vectorIdSaIdEEEENS0_5__ops15_Iter_less_iterEEvT_S9_S9_T0_
                0x03803dd8       0x6c build/src/sylib/math.o
                0x03803dd8                void std::__heap_select<__gnu_cxx::__normal_iterator<double*, std::vector<double, std::allocator<double> > >, __gnu_cxx::__ops::_Iter_less_iter>(__gnu_cxx::__normal_iterator<double*, std::vector<double, std::allocator<double> > >, __gnu_cxx::__normal_iterator<double*, std::vector<double, std::allocator<double> > >, __gnu_cxx::__normal_iterator<double*, std::vector<double, std::allocator<double> > >, __gnu_cxx::__ops::_Iter_less_iter)
 .text._ZSt11__sort_heapIN9__gnu_cxx17__normal_iteratorIPdSt6vectorIdSaIdEEEENS0_5__ops15_Iter_less_iterEEvT_S9_T0_
                0x03803e44       0x58 build/src/sylib/math.o
                0x03803e44                void std::__sort_heap<__gnu_cxx::__normal_iterator<double*, std::vector<double, std::allocator<double> > >, __gnu_cxx::__ops::_Iter_less_iter>(__gnu_cxx::__normal_iterator<double*, std::vector<double, std::allocator<double> > >, __gnu_cxx::__normal_iterator<double*, std::vector<double, std::allocator<double> > >, __gnu_cxx::__ops::_Iter_less_iter)
 .text._ZSt11__make_heapIN9__gnu_cxx17__normal_iteratorIPdSt6vectorIdSaIdEEEENS0_5__ops15_Iter_less_iterEEvT_S9_T0_
                0x03803e9c       0x60 build/src/sylib/math.o
                0x03803e9c                void std::__make_heap<__gnu_cxx::__normal_iterator<double*, std::vector<double, std::allocator<double> > >, __gnu_cxx::__ops::_Iter_less_iter>(__gnu_cxx::__normal_iterator<double*, std::vector<double, std::allocator<double> > >, __gnu_cxx::__normal_iterator<double*, std::vector<double, std::allocator<double> > >, __gnu_cxx::__ops::_Iter_less_iter)
 .text._ZSt13__adjust_heapIN9__gnu_cxx17__normal_iteratorIPdSt6vectorIdSaIdEEEEidNS0_5__ops15_Iter_less_iterEEvT_T0_SA_T1_T2_
                0x03803efc       0xf8 build/src/sylib/math.o
                0x03803efc                void std::__adjust_heap<__gnu_cxx::__normal_iterator<double*, std::vector<double, std::allocator<double> > >, int, double, __gnu_cxx::__ops::_Iter_less_iter>(__gnu_cxx::__normal_iterator<double*, std::vector<double, std::allocator<double> > >, int, int, double, __gnu_cxx::__ops::_Iter_less_iter)
 .text._ZSt22__move_median_to_firstIN9__gnu_cxx17__normal_iteratorIPdSt6vectorIdSaIdEEEENS0_5__ops15_Iter_less_iterEEvT_S9_S9_S9_T0_
                0x03803ff4       0x88 build/src/sylib/math.o
                0x03803ff4                void std::__move_median_to_first<__gnu_cxx::__normal_iterator<double*, std::vector<double, std::allocator<double> > >, __gnu_cxx::__ops::_Iter_less_iter>(__gnu_cxx::__normal_iterator<double*, std::vector<double, std::allocator<double> > >, __gnu_cxx::__normal_iterator<double*, std::vector<double, std::allocator<double> > >, __gnu_cxx::__normal_iterator<double*, std::vector<double, std::allocator<double> > >, __gnu_cxx::__normal_iterator<double*, std::vector<double, std::allocator<double> > >, __gnu_cxx::__ops::_Iter_less_iter)
 .text._ZSt16__insertion_sortIN9__gnu_cxx17__normal_iteratorIPdSt6vectorIdSaIdEEEENS0_5__ops15_Iter_less_iterEEvT_S9_T0_
                0x0380407c       0xb0 build/src/sylib/math.o
                0x0380407c                void std::__insertion_sort<__gnu_cxx::__normal_iterator<double*, std::vector<double, std::allocator<double> > >, __gnu_cxx::__ops::_Iter_less_iter>(__gnu_cxx::__normal_iterator<double*, std::vector<double, std::allocator<double> > >, __gnu_cxx::__normal_iterator<double*, std::vector<double, std::allocator<double> > >, __gnu_cxx::__ops::_Iter_less_iter)
 .text._ZSt16__introsort_loopIN9__gnu_cxx17__normal_iteratorIPdSt6vectorIdSaIdEEEEiNS0_5__ops15_Iter_comp_iterISt7greaterIdEEEEvT_SC_T0_T1_
                0x0380412c      0x10c build/src/sylib/math.o
                0x0380412c                void std::__introsort_loop<__gnu_cxx::__normal_iterator<double*, std::vector<double, std::allocator<double> > >, int, __gnu_cxx::__ops::_Iter_comp_iter<std::greater<double> > >(__gnu_cxx::__normal_iterator<double*, std::vector<double, std::allocator<double> > >, __gnu_cxx::__normal_iterator<double*, std::vector<double, std::allocator<double> > >, int, __gnu_cxx::__ops::_Iter_comp_iter<std::greater<double> >)
 .text._ZSt22__final_insertion_sortIN9__gnu_cxx17__normal_iteratorIPdSt6vectorIdSaIdEEEENS0_5__ops15_Iter_comp_iterISt7greaterIdEEEEvT_SC_T0_
                0x03804238       0x84 build/src/sylib/math.o
                0x03804238                void std::__final_insertion_sort<__gnu_cxx::__normal_iterator<double*, std::vector<double, std::allocator<double> > >, __gnu_cxx::__ops::_Iter_comp_iter<std::greater<double> > >(__gnu_cxx::__normal_iterator<double*, std::vector<double, std::allocator<double> > >, __gnu_cxx::__normal_iterator<double*, std::vector<double, std::allocator<double> > >, __gnu_cxx::__ops::_Iter_comp_iter<std::greater<double> >)
 .text._ZSt13__heap_selectIN9__gnu_cxx17__normal_iteratorIPdSt6vectorIdSaIdEEEENS0_5__ops15_Iter_comp_iterISt7greaterIdEEEEvT_SC_SC_T0_
                0x038042bc       0x78 build/src/sylib/math.o
                0x038042bc                void std::__heap_select<__gnu_cxx::__normal_iterator<double*, std::vector<double, std::allocator<double> > >, __gnu_cxx::__ops::_Iter_comp_iter<std::greater<double> > >(__gnu_cxx::__normal_iterator<double*, std::vector<double, std::allocator<double> > >, __gnu_cxx::__normal_iterator<double*, std::vector<double, std::allocator<double> > >, __gnu_cxx::__normal_iterator<double*, std::vector<double, std::allocator<double> > >, __gnu_cxx::__ops::_Iter_comp_iter<std::greater<double> >)
 .text._ZSt11__sort_heapIN9__gnu_cxx17__normal_iteratorIPdSt6vectorIdSaIdEEEENS0_5__ops15_Iter_comp_iterISt7greaterIdEEEEvT_SC_T0_
                0x03804334       0x60 build/src/sylib/math.o
                0x03804334                void std::__sort_heap<__gnu_cxx::__normal_iterator<double*, std::vector<double, std::allocator<double> > >, __gnu_cxx::__ops::_Iter_comp_iter<std::greater<double> > >(__gnu_cxx::__normal_iterator<double*, std::vector<double, std::allocator<double> > >, __gnu_cxx::__normal_iterator<double*, std::vector<double, std::allocator<double> > >, __gnu_cxx::__ops::_Iter_comp_iter<std::greater<double> >)
 .text._ZSt11__make_heapIN9__gnu_cxx17__normal_iteratorIPdSt6vectorIdSaIdEEEENS0_5__ops15_Iter_comp_iterISt7greaterIdEEEEvT_SC_T0_
                0x03804394       0x70 build/src/sylib/math.o
                0x03804394                void std::__make_heap<__gnu_cxx::__normal_iterator<double*, std::vector<double, std::allocator<double> > >, __gnu_cxx::__ops::_Iter_comp_iter<std::greater<double> > >(__gnu_cxx::__normal_iterator<double*, std::vector<double, std::allocator<double> > >, __gnu_cxx::__normal_iterator<double*, std::vector<double, std::allocator<double> > >, __gnu_cxx::__ops::_Iter_comp_iter<std::greater<double> >)
 .text._ZSt13__adjust_heapIN9__gnu_cxx17__normal_iteratorIPdSt6vectorIdSaIdEEEEidNS0_5__ops15_Iter_comp_iterISt7greaterIdEEEEvT_T0_SD_T1_T2_
                0x03804404       0xf8 build/src/sylib/math.o
                0x03804404                void std::__adjust_heap<__gnu_cxx::__normal_iterator<double*, std::vector<double, std::allocator<double> > >, int, double, __gnu_cxx::__ops::_Iter_comp_iter<std::greater<double> > >(__gnu_cxx::__normal_iterator<double*, std::vector<double, std::allocator<double> > >, int, int, double, __gnu_cxx::__ops::_Iter_comp_iter<std::greater<double> >)
 .text._ZSt22__move_median_to_firstIN9__gnu_cxx17__normal_iteratorIPdSt6vectorIdSaIdEEEENS0_5__ops15_Iter_comp_iterISt7greaterIdEEEEvT_SC_SC_SC_T0_
                0x038044fc       0x88 build/src/sylib/math.o
                0x038044fc                void std::__move_median_to_first<__gnu_cxx::__normal_iterator<double*, std::vector<double, std::allocator<double> > >, __gnu_cxx::__ops::_Iter_comp_iter<std::greater<double> > >(__gnu_cxx::__normal_iterator<double*, std::vector<double, std::allocator<double> > >, __gnu_cxx::__normal_iterator<double*, std::vector<double, std::allocator<double> > >, __gnu_cxx::__normal_iterator<double*, std::vector<double, std::allocator<double> > >, __gnu_cxx::__normal_iterator<double*, std::vector<double, std::allocator<double> > >, __gnu_cxx::__ops::_Iter_comp_iter<std::greater<double> >)
 .text._ZSt16__insertion_sortIN9__gnu_cxx17__normal_iteratorIPdSt6vectorIdSaIdEEEENS0_5__ops15_Iter_comp_iterISt7greaterIdEEEEvT_SC_T0_
                0x03804584       0xb0 build/src/sylib/math.o
                0x03804584                void std::__insertion_sort<__gnu_cxx::__normal_iterator<double*, std::vector<double, std::allocator<double> > >, __gnu_cxx::__ops::_Iter_comp_iter<std::greater<double> > >(__gnu_cxx::__normal_iterator<double*, std::vector<double, std::allocator<double> > >, __gnu_cxx::__normal_iterator<double*, std::vector<double, std::allocator<double> > >, __gnu_cxx::__ops::_Iter_comp_iter<std::greater<double> >)
 .text._GLOBAL__sub_I_math.cpp
                0x03804634       0x34 build/src/sylib/math.o
 .text._ZN5sylib6millisEv
                0x03804668        0x4 build/src/sylib/system.o
                0x03804668                sylib::millis()
 .text.__cxx_global_array_dtor
                0x0380466c       0x2c build/src/sylib/system.o
 .text.__cxx_global_array_dtor.3
                0x03804698       0x2c build/src/sylib/system.o
 .text._ZNSt6vectorIPN5sylib6DeviceESaIS2_EED2Ev
                0x038046c4       0x24 build/src/sylib/system.o
                0x038046c4                std::vector<sylib::Device*, std::allocator<sylib::Device*> >::~vector()
 .text._ZN5sylib11SylibDaemon16startSylibDaemonEv
                0x038046e8       0x50 build/src/sylib/system.o
                0x038046e8                sylib::SylibDaemon::startSylibDaemon()
 .text._ZN5sylib11SylibDaemon19managerTaskFunctionEv
                0x03804738      0x298 build/src/sylib/system.o
                0x03804738                sylib::SylibDaemon::managerTaskFunction()
 .text._ZNSt10unique_ptrIN5sylib4TaskESt14default_deleteIS1_EED2Ev
                0x038049d0       0x30 build/src/sylib/system.o
                0x038049d0                std::unique_ptr<sylib::Task, std::default_delete<sylib::Task> >::~unique_ptr()
 .text._ZN5sylib11SylibDaemonD2Ev
                0x03804a00        0x4 build/src/sylib/system.o
                0x03804a00                sylib::SylibDaemon::~SylibDaemon()
                0x03804a00                sylib::SylibDaemon::~SylibDaemon()
 .text._ZN5sylib11SylibDaemon11getInstanceEv
                0x03804a04       0x70 build/src/sylib/system.o
                0x03804a04                sylib::SylibDaemon::getInstance()
 .text._ZN5sylib11SylibDaemon19createSubTaskUnsafeEPNS_6DeviceE
                0x03804a74       0xb8 build/src/sylib/system.o
                0x03804a74                sylib::SylibDaemon::createSubTaskUnsafe(sylib::Device*)
 .text._ZN5sylib11SylibDaemon13createSubTaskEPNS_6DeviceE
                0x03804b2c       0x40 build/src/sylib/system.o
                0x03804b2c                sylib::SylibDaemon::createSubTask(sylib::Device*)
 .text._ZN5sylib11SylibDaemon13removeSubTaskEPNS_6DeviceE
                0x03804b6c       0xc4 build/src/sylib/system.o
                0x03804b6c                sylib::SylibDaemon::removeSubTask(sylib::Device*)
 .text._ZN5sylib6Device12startSubTaskEv
                0x03804c30       0xd4 build/src/sylib/system.o
                0x03804c30                sylib::Device::startSubTask()
 .text._ZN5sylib6Device11killSubTaskEv
                0x03804d04       0x50 build/src/sylib/system.o
                0x03804d04                sylib::Device::killSubTask()
 .text._ZN5sylib6DeviceC2Eii
                0x03804d54       0x48 build/src/sylib/system.o
                0x03804d54                sylib::Device::Device(int, int)
 .text._ZN5sylib6DeviceD2Ev
                0x03804d9c       0x40 build/src/sylib/system.o
                0x03804d9c                sylib::Device::~Device()
                0x03804d9c                sylib::Device::~Device()
 .text._ZN5sylib10initializeEv
                0x03804ddc       0x1c build/src/sylib/system.o
                0x03804ddc                sylib::initialize()
 .text._ZNSt10unique_ptrIN5sylib4TaskESt14default_deleteIS1_EE5resetEPS1_
                0x03804df8       0x28 build/src/sylib/system.o
                0x03804df8                std::unique_ptr<sylib::Task, std::default_delete<sylib::Task> >::reset(sylib::Task*)
 .text._ZNSt6vectorIPN5sylib6DeviceESaIS2_EE19_M_emplace_back_auxIJRKS2_EEEvDpOT_
                0x03804e20       0x8c build/src/sylib/system.o
                0x03804e20                void std::vector<sylib::Device*, std::allocator<sylib::Device*> >::_M_emplace_back_aux<sylib::Device* const&>(sylib::Device* const&)
 .text._ZNKSt6vectorIPN5sylib6DeviceESaIS2_EE12_M_check_lenEjPKc
                0x03804eac       0x54 build/src/sylib/system.o
                0x03804eac                std::vector<sylib::Device*, std::allocator<sylib::Device*> >::_M_check_len(unsigned int, char const*) const
 .text._ZNSt12_Vector_baseIPN5sylib6DeviceESaIS2_EE11_M_allocateEj
                0x03804f00       0x30 build/src/sylib/system.o
                0x03804f00                std::_Vector_base<sylib::Device*, std::allocator<sylib::Device*> >::_M_allocate(unsigned int)
 .text._ZSt11__remove_ifIN9__gnu_cxx17__normal_iteratorIPPN5sylib6DeviceESt6vectorIS4_SaIS4_EEEENS0_5__ops16_Iter_equals_valIKS4_EEET_SE_SE_T0_
                0x03804f30       0x44 build/src/sylib/system.o
                0x03804f30                __gnu_cxx::__normal_iterator<sylib::Device**, std::vector<sylib::Device*, std::allocator<sylib::Device*> > > std::__remove_if<__gnu_cxx::__normal_iterator<sylib::Device**, std::vector<sylib::Device*, std::allocator<sylib::Device*> > >, __gnu_cxx::__ops::_Iter_equals_val<sylib::Device* const> >(__gnu_cxx::__normal_iterator<sylib::Device**, std::vector<sylib::Device*, std::allocator<sylib::Device*> > >, __gnu_cxx::__normal_iterator<sylib::Device**, std::vector<sylib::Device*, std::allocator<sylib::Device*> > >, __gnu_cxx::__ops::_Iter_equals_val<sylib::Device* const>)
 .text._ZSt9__find_ifIN9__gnu_cxx17__normal_iteratorIPPN5sylib6DeviceESt6vectorIS4_SaIS4_EEEENS0_5__ops16_Iter_equals_valIKS4_EEET_SE_SE_T0_St26random_access_iterator_tag
                0x03804f74       0xdc build/src/sylib/system.o
                0x03804f74                __gnu_cxx::__normal_iterator<sylib::Device**, std::vector<sylib::Device*, std::allocator<sylib::Device*> > > std::__find_if<__gnu_cxx::__normal_iterator<sylib::Device**, std::vector<sylib::Device*, std::allocator<sylib::Device*> > >, __gnu_cxx::__ops::_Iter_equals_val<sylib::Device* const> >(__gnu_cxx::__normal_iterator<sylib::Device**, std::vector<sylib::Device*, std::allocator<sylib::Device*> > >, __gnu_cxx::__normal_iterator<sylib::Device**, std::vector<sylib::Device*, std::allocator<sylib::Device*> > >, __gnu_cxx::__ops::_Iter_equals_val<sylib::Device* const>, std::random_access_iterator_tag)
 .text._GLOBAL__sub_I_system.cpp
                0x03805050       0xd4 build/src/sylib/system.o
 .text._GLOBAL__sub_I_sylib.cpp
                0x03805124       0x34 build/src/sylib/sylib.o
 .text._ZN5sylib27SylviesPogVelocityEstimatorC2Ed
                0x03805158       0xbc build/src/sylib/motor.o
                0x03805158                sylib::SylviesPogVelocityEstimator::SylviesPogVelocityEstimator(double)
                0x03805158                sylib::SylviesPogVelocityEstimator::SylviesPogVelocityEstimator(double)
 *fill*         0x03805214        0x4 
 .text._ZN5sylib27SylviesPogVelocityEstimator11getVelocityEdm
                0x03805218      0x288 build/src/sylib/motor.o
                0x03805218                sylib::SylviesPogVelocityEstimator::getVelocity(double, unsigned long)
 .text._ZN5sylib5MotorC2EhdbNS_19SpeedControllerInfoE
                0x038054a0      0x748 build/src/sylib/motor.o
                0x038054a0                sylib::Motor::Motor(unsigned char, double, bool, sylib::SpeedControllerInfo)
                0x038054a0                sylib::Motor::Motor(unsigned char, double, bool, sylib::SpeedControllerInfo)
 .text._ZNSt11unique_lockIN5sylib5MutexEEaSEOS2_
                0x03805be8       0x78 build/src/sylib/motor.o
                0x03805be8                std::unique_lock<sylib::Mutex>::operator=(std::unique_lock<sylib::Mutex>&&)
 .text._ZN5sylib5Motor20set_motor_controllerEv
                0x03805c60      0x2c0 build/src/sylib/motor.o
                0x03805c60                sylib::Motor::set_motor_controller()
 .text._ZN5sylib5Motor6updateEv
                0x03805f20      0x238 build/src/sylib/motor.o
                0x03805f20                sylib::Motor::update()
 .text._ZN5sylib5Motor11set_voltageEs
                0x03806158       0x44 build/src/sylib/motor.o
                0x03806158                sylib::Motor::set_voltage(short)
 .text._ZNK5sylib5Motor12get_velocityEv
                0x0380619c       0x4c build/src/sylib/motor.o
                0x0380619c                sylib::Motor::get_velocity() const
 .text._ZNSt5dequeIdSaIdEE5clearEv
                0x038061e8       0x48 build/src/sylib/motor.o
                0x038061e8                std::deque<double, std::allocator<double> >::clear()
 .text._ZNSt16_Sp_counted_baseILN9__gnu_cxx12_Lock_policyE0EED2Ev
                0x03806230        0x4 build/src/sylib/motor.o
                0x03806230                std::_Sp_counted_base<(__gnu_cxx::_Lock_policy)0>::~_Sp_counted_base()
 .text._ZNSt15_Sp_counted_ptrIPdLN9__gnu_cxx12_Lock_policyE0EED0Ev
                0x03806234        0x4 build/src/sylib/motor.o
                0x03806234                std::_Sp_counted_ptr<double*, (__gnu_cxx::_Lock_policy)0>::~_Sp_counted_ptr()
 .text._ZNSt15_Sp_counted_ptrIPdLN9__gnu_cxx12_Lock_policyE0EE10_M_disposeEv
                0x03806238       0x10 build/src/sylib/motor.o
                0x03806238                std::_Sp_counted_ptr<double*, (__gnu_cxx::_Lock_policy)0>::_M_dispose()
 .text._ZNSt15_Sp_counted_ptrIPdLN9__gnu_cxx12_Lock_policyE0EE10_M_destroyEv
                0x03806248       0x14 build/src/sylib/motor.o
                0x03806248                std::_Sp_counted_ptr<double*, (__gnu_cxx::_Lock_policy)0>::_M_destroy()
 .text._ZNSt15_Sp_counted_ptrIPdLN9__gnu_cxx12_Lock_policyE0EE14_M_get_deleterERKSt9type_info
                0x0380625c        0x8 build/src/sylib/motor.o
                0x0380625c                std::_Sp_counted_ptr<double*, (__gnu_cxx::_Lock_policy)0>::_M_get_deleter(std::type_info const&)
 .text._ZNSt11unique_lockIN5sylib5MutexEE6unlockEv
                0x03806264       0x3c build/src/sylib/motor.o
                0x03806264                std::unique_lock<sylib::Mutex>::unlock()
 .text._ZNSt11unique_lockIN5sylib5MutexEE4lockEv
                0x038062a0       0x44 build/src/sylib/motor.o
                0x038062a0                std::unique_lock<sylib::Mutex>::lock()
 .text._GLOBAL__sub_I_motor.cpp
                0x038062e4       0x34 build/src/sylib/motor.o
 .text._ZNSt6vectorImSaImEED2Ev
                0x03806318       0x24 build/src/sylib/addrled.o
                0x03806318                std::vector<unsigned long, std::allocator<unsigned long> >::~vector()
 .text._GLOBAL__sub_I_addrled.cpp
                0x0380633c       0x84 build/src/sylib/addrled.o
 .text.vexMain  0x038063c0       0xb0 C:\Program Files (x86)\VEX Robotics\VEXcode Pro V5\sdk/vexv5\libv5rt.a(v5_startup.c.obj)
                0x038063c0                vexMain
 .text.__vex_function_prolog
                0x03806470       0x18 C:\Program Files (x86)\VEX Robotics\VEXcode Pro V5\sdk/vexv5\libv5rt.a(v5_startup.c.obj)
                0x03806470                __vex_function_prolog
 .text._init    0x03806488        0x4 C:\Program Files (x86)\VEX Robotics\VEXcode Pro V5\sdk/vexv5\libv5rt.a(v5_startup.c.obj)
                0x03806488                _init
 .text._fini    0x0380648c        0x4 C:\Program Files (x86)\VEX Robotics\VEXcode Pro V5\sdk/vexv5\libv5rt.a(v5_startup.c.obj)
                0x0380648c                _fini
 .text.vexStdlibVersionLinked
                0x03806490        0xc C:\Program Files (x86)\VEX Robotics\VEXcode Pro V5\sdk/vexv5\libv5rt.a(v5_util.c.obj)
                0x03806490                vexStdlibVersionLinked
 .text.vexStdlibVersionVerify
                0x0380649c       0x30 C:\Program Files (x86)\VEX Robotics\VEXcode Pro V5\sdk/vexv5\libv5rt.a(v5_util.c.obj)
                0x0380649c                vexStdlibVersionVerify
 .text.vexPrivateApiEnable
                0x038064cc       0x10 C:\Program Files (x86)\VEX Robotics\VEXcode Pro V5\sdk/vexv5\libv5rt.a(v5_apijump.c.obj)
                0x038064cc                vexPrivateApiEnable
 .text.vexStdlibMismatchError
                0x038064dc       0x3c C:\Program Files (x86)\VEX Robotics\VEXcode Pro V5\sdk/vexv5\libv5rt.a(v5_apijump.c.obj)
                0x038064dc                vexStdlibMismatchError
 .text.vexTaskAdd
                0x03806518       0x10 C:\Program Files (x86)\VEX Robotics\VEXcode Pro V5\sdk/vexv5\libv5rt.a(v5_apijump.c.obj)
                0x03806518                vexTaskAdd
 .text.vexTasksRun
                0x03806528       0x10 C:\Program Files (x86)\VEX Robotics\VEXcode Pro V5\sdk/vexv5\libv5rt.a(v5_apijump.c.obj)
                0x03806528                vexTasksRun
 .text.vexTaskYield
                0x03806538       0x10 C:\Program Files (x86)\VEX Robotics\VEXcode Pro V5\sdk/vexv5\libv5rt.a(v5_apijump.c.obj)
                0x03806538                vexTaskYield
 .text.vexTaskCheckTimeslice
                0x03806548       0x10 C:\Program Files (x86)\VEX Robotics\VEXcode Pro V5\sdk/vexv5\libv5rt.a(v5_apijump.c.obj)
                0x03806548                vexTaskCheckTimeslice
 .text.vexTaskSleep
                0x03806558       0x10 C:\Program Files (x86)\VEX Robotics\VEXcode Pro V5\sdk/vexv5\libv5rt.a(v5_apijump.c.obj)
                0x03806558                vexTaskSleep
 .text.vexSemaphoreInit
                0x03806568       0x24 C:\Program Files (x86)\VEX Robotics\VEXcode Pro V5\sdk/vexv5\libv5rt.a(v5_apijump.c.obj)
                0x03806568                vexSemaphoreInit
 .text.vexSemaphoreLock
                0x0380658c       0x2c C:\Program Files (x86)\VEX Robotics\VEXcode Pro V5\sdk/vexv5\libv5rt.a(v5_apijump.c.obj)
                0x0380658c                vexSemaphoreLock
 .text.vexSemaphoreUnlock
                0x038065b8       0x24 C:\Program Files (x86)\VEX Robotics\VEXcode Pro V5\sdk/vexv5\libv5rt.a(v5_apijump.c.obj)
                0x038065b8                vexSemaphoreUnlock
 .text.vexTasksDump
                0x038065dc       0x1c C:\Program Files (x86)\VEX Robotics\VEXcode Pro V5\sdk/vexv5\libv5rt.a(v5_apijump.c.obj)
                0x038065dc                vexTasksDump
 .text.vexTaskGetTaskIndex
                0x038065f8       0x10 C:\Program Files (x86)\VEX Robotics\VEXcode Pro V5\sdk/vexv5\libv5rt.a(v5_apijump.c.obj)
                0x038065f8                vexTaskGetTaskIndex
 .text.vexTaskStopAll
                0x03806608       0x10 C:\Program Files (x86)\VEX Robotics\VEXcode Pro V5\sdk/vexv5\libv5rt.a(v5_apijump.c.obj)
                0x03806608                vexTaskStopAll
 .text.vexTaskRemoveAllUser
                0x03806618       0x34 C:\Program Files (x86)\VEX Robotics\VEXcode Pro V5\sdk/vexv5\libv5rt.a(v5_apijump.c.obj)
                0x03806618                vexTaskRemoveAllUser
 .text.vexTaskCompletionIdSet
                0x0380664c       0x10 C:\Program Files (x86)\VEX Robotics\VEXcode Pro V5\sdk/vexv5\libv5rt.a(v5_apijump.c.obj)
                0x0380664c                vexTaskCompletionIdSet
 .text.vexTaskStopWithId
                0x0380665c       0x10 C:\Program Files (x86)\VEX Robotics\VEXcode Pro V5\sdk/vexv5\libv5rt.a(v5_apijump.c.obj)
                0x0380665c                vexTaskStopWithId
 .text.vexCriticalSection
                0x0380666c       0x2c C:\Program Files (x86)\VEX Robotics\VEXcode Pro V5\sdk/vexv5\libv5rt.a(v5_apijump.c.obj)
                0x0380666c                vexCriticalSection
 .text.vexEventAdd
                0x03806698       0x34 C:\Program Files (x86)\VEX Robotics\VEXcode Pro V5\sdk/vexv5\libv5rt.a(v5_apijump.c.obj)
                0x03806698                vexEventAdd
 .text.vexEventUserIndexGet
                0x038066cc       0x1c C:\Program Files (x86)\VEX Robotics\VEXcode Pro V5\sdk/vexv5\libv5rt.a(v5_apijump.c.obj)
                0x038066cc                vexEventUserIndexGet
 .text.vexEventAddWithArg
                0x038066e8       0x3c C:\Program Files (x86)\VEX Robotics\VEXcode Pro V5\sdk/vexv5\libv5rt.a(v5_apijump.c.obj)
                0x038066e8                vexEventAddWithArg
 .text.vexEventsCleanup
                0x03806724       0x2c C:\Program Files (x86)\VEX Robotics\VEXcode Pro V5\sdk/vexv5\libv5rt.a(v5_apijump.c.obj)
                0x03806724                vexEventsCleanup
 .text.vexDebug
                0x03806750       0x38 C:\Program Files (x86)\VEX Robotics\VEXcode Pro V5\sdk/vexv5\libv5rt.a(v5_apijump.c.obj)
                0x03806750                vexDebug
 .text.vex_sprintf
                0x03806788       0x40 C:\Program Files (x86)\VEX Robotics\VEXcode Pro V5\sdk/vexv5\libv5rt.a(v5_apijump.c.obj)
                0x03806788                vex_sprintf
 .text.vex_vsnprintf
                0x038067c8       0x3c C:\Program Files (x86)\VEX Robotics\VEXcode Pro V5\sdk/vexv5\libv5rt.a(v5_apijump.c.obj)
                0x038067c8                vex_vsnprintf
 .text.vexSystemTimeGet
                0x03806804       0x1c C:\Program Files (x86)\VEX Robotics\VEXcode Pro V5\sdk/vexv5\libv5rt.a(v5_apijump.c.obj)
                0x03806804                vexSystemTimeGet
 .text.vexSystemExitRequest
                0x03806820       0x1c C:\Program Files (x86)\VEX Robotics\VEXcode Pro V5\sdk/vexv5\libv5rt.a(v5_apijump.c.obj)
                0x03806820                vexSystemExitRequest
 .text.vexSystemHighResTimeGet
                0x0380683c       0x38 C:\Program Files (x86)\VEX Robotics\VEXcode Pro V5\sdk/vexv5\libv5rt.a(v5_apijump.c.obj)
                0x0380683c                vexSystemHighResTimeGet
 .text.vexDeviceGetByIndex
                0x03806874       0x24 C:\Program Files (x86)\VEX Robotics\VEXcode Pro V5\sdk/vexv5\libv5rt.a(v5_apijump.c.obj)
                0x03806874                vexDeviceGetByIndex
 .text.vexControllerGet
                0x03806898       0x2c C:\Program Files (x86)\VEX Robotics\VEXcode Pro V5\sdk/vexv5\libv5rt.a(v5_apijump.c.obj)
                0x03806898                vexControllerGet
 .text.vexControllerTextSet
                0x038068c4       0x74 C:\Program Files (x86)\VEX Robotics\VEXcode Pro V5\sdk/vexv5\libv5rt.a(v5_apijump.c.obj)
                0x038068c4                vexControllerTextSet
 .text.vexDeviceAdiPortConfigSet
                0x03806938       0x34 C:\Program Files (x86)\VEX Robotics\VEXcode Pro V5\sdk/vexv5\libv5rt.a(v5_apijump.c.obj)
                0x03806938                vexDeviceAdiPortConfigSet
 .text.vexDeviceAdiPortConfigGet
                0x0380696c       0x2c C:\Program Files (x86)\VEX Robotics\VEXcode Pro V5\sdk/vexv5\libv5rt.a(v5_apijump.c.obj)
                0x0380696c                vexDeviceAdiPortConfigGet
 .text.vexDeviceAdiValueSet
                0x03806998       0x34 C:\Program Files (x86)\VEX Robotics\VEXcode Pro V5\sdk/vexv5\libv5rt.a(v5_apijump.c.obj)
                0x03806998                vexDeviceAdiValueSet
 .text.vexDeviceMotorVelocitySet
                0x038069cc       0x2c C:\Program Files (x86)\VEX Robotics\VEXcode Pro V5\sdk/vexv5\libv5rt.a(v5_apijump.c.obj)
                0x038069cc                vexDeviceMotorVelocitySet
 .text.vexDeviceMotorVoltageSet
                0x038069f8       0x2c C:\Program Files (x86)\VEX Robotics\VEXcode Pro V5\sdk/vexv5\libv5rt.a(v5_apijump.c.obj)
                0x038069f8                vexDeviceMotorVoltageSet
 .text.vexDeviceMotorActualVelocityGet
                0x03806a24       0x24 C:\Program Files (x86)\VEX Robotics\VEXcode Pro V5\sdk/vexv5\libv5rt.a(v5_apijump.c.obj)
                0x03806a24                vexDeviceMotorActualVelocityGet
 .text.vexDeviceMotorDirectionGet
                0x03806a48       0x24 C:\Program Files (x86)\VEX Robotics\VEXcode Pro V5\sdk/vexv5\libv5rt.a(v5_apijump.c.obj)
                0x03806a48                vexDeviceMotorDirectionGet
 .text.vexDeviceMotorCurrentLimitGet
                0x03806a6c       0x24 C:\Program Files (x86)\VEX Robotics\VEXcode Pro V5\sdk/vexv5\libv5rt.a(v5_apijump.c.obj)
                0x03806a6c                vexDeviceMotorCurrentLimitGet
 .text.vexDeviceMotorVoltageLimitGet
                0x03806a90       0x24 C:\Program Files (x86)\VEX Robotics\VEXcode Pro V5\sdk/vexv5\libv5rt.a(v5_apijump.c.obj)
                0x03806a90                vexDeviceMotorVoltageLimitGet
 .text.vexDeviceMotorCurrentGet
                0x03806ab4       0x24 C:\Program Files (x86)\VEX Robotics\VEXcode Pro V5\sdk/vexv5\libv5rt.a(v5_apijump.c.obj)
                0x03806ab4                vexDeviceMotorCurrentGet
 .text.vexDeviceMotorVoltageGet
                0x03806ad8       0x24 C:\Program Files (x86)\VEX Robotics\VEXcode Pro V5\sdk/vexv5\libv5rt.a(v5_apijump.c.obj)
                0x03806ad8                vexDeviceMotorVoltageGet
 .text.vexDeviceMotorPowerGet
                0x03806afc       0x24 C:\Program Files (x86)\VEX Robotics\VEXcode Pro V5\sdk/vexv5\libv5rt.a(v5_apijump.c.obj)
                0x03806afc                vexDeviceMotorPowerGet
 .text.vexDeviceMotorTorqueGet
                0x03806b20       0x24 C:\Program Files (x86)\VEX Robotics\VEXcode Pro V5\sdk/vexv5\libv5rt.a(v5_apijump.c.obj)
                0x03806b20                vexDeviceMotorTorqueGet
 .text.vexDeviceMotorEfficiencyGet
                0x03806b44       0x24 C:\Program Files (x86)\VEX Robotics\VEXcode Pro V5\sdk/vexv5\libv5rt.a(v5_apijump.c.obj)
                0x03806b44                vexDeviceMotorEfficiencyGet
 .text.vexDeviceMotorTemperatureGet
                0x03806b68       0x24 C:\Program Files (x86)\VEX Robotics\VEXcode Pro V5\sdk/vexv5\libv5rt.a(v5_apijump.c.obj)
                0x03806b68                vexDeviceMotorTemperatureGet
 .text.vexDeviceMotorOverTempFlagGet
                0x03806b8c       0x24 C:\Program Files (x86)\VEX Robotics\VEXcode Pro V5\sdk/vexv5\libv5rt.a(v5_apijump.c.obj)
                0x03806b8c                vexDeviceMotorOverTempFlagGet
 .text.vexDeviceMotorCurrentLimitFlagGet
                0x03806bb0       0x24 C:\Program Files (x86)\VEX Robotics\VEXcode Pro V5\sdk/vexv5\libv5rt.a(v5_apijump.c.obj)
                0x03806bb0                vexDeviceMotorCurrentLimitFlagGet
 .text.vexDeviceMotorFaultsGet
                0x03806bd4       0x24 C:\Program Files (x86)\VEX Robotics\VEXcode Pro V5\sdk/vexv5\libv5rt.a(v5_apijump.c.obj)
                0x03806bd4                vexDeviceMotorFaultsGet
 .text.vexDeviceMotorZeroPositionFlagGet
                0x03806bf8       0x24 C:\Program Files (x86)\VEX Robotics\VEXcode Pro V5\sdk/vexv5\libv5rt.a(v5_apijump.c.obj)
                0x03806bf8                vexDeviceMotorZeroPositionFlagGet
 .text.vexDeviceMotorFlagsGet
                0x03806c1c       0x24 C:\Program Files (x86)\VEX Robotics\VEXcode Pro V5\sdk/vexv5\libv5rt.a(v5_apijump.c.obj)
                0x03806c1c                vexDeviceMotorFlagsGet
 .text.vexDeviceMotorReverseFlagSet
                0x03806c40       0x2c C:\Program Files (x86)\VEX Robotics\VEXcode Pro V5\sdk/vexv5\libv5rt.a(v5_apijump.c.obj)
                0x03806c40                vexDeviceMotorReverseFlagSet
 .text.vexDeviceMotorEncoderUnitsSet
                0x03806c6c       0x2c C:\Program Files (x86)\VEX Robotics\VEXcode Pro V5\sdk/vexv5\libv5rt.a(v5_apijump.c.obj)
                0x03806c6c                vexDeviceMotorEncoderUnitsSet
 .text.vexDeviceMotorBrakeModeSet
                0x03806c98       0x2c C:\Program Files (x86)\VEX Robotics\VEXcode Pro V5\sdk/vexv5\libv5rt.a(v5_apijump.c.obj)
                0x03806c98                vexDeviceMotorBrakeModeSet
 .text.vexDeviceMotorBrakeModeGet
                0x03806cc4       0x24 C:\Program Files (x86)\VEX Robotics\VEXcode Pro V5\sdk/vexv5\libv5rt.a(v5_apijump.c.obj)
                0x03806cc4                vexDeviceMotorBrakeModeGet
 .text.vexDeviceMotorPositionSet
                0x03806ce8       0x34 C:\Program Files (x86)\VEX Robotics\VEXcode Pro V5\sdk/vexv5\libv5rt.a(v5_apijump.c.obj)
                0x03806ce8                vexDeviceMotorPositionSet
 .text.vexDeviceMotorPositionGet
                0x03806d1c       0x24 C:\Program Files (x86)\VEX Robotics\VEXcode Pro V5\sdk/vexv5\libv5rt.a(v5_apijump.c.obj)
                0x03806d1c                vexDeviceMotorPositionGet
 .text.vexDeviceMotorPositionRawGet
                0x03806d40       0x2c C:\Program Files (x86)\VEX Robotics\VEXcode Pro V5\sdk/vexv5\libv5rt.a(v5_apijump.c.obj)
                0x03806d40                vexDeviceMotorPositionRawGet
 .text.vexDeviceMotorGearingSet
                0x03806d6c       0x2c C:\Program Files (x86)\VEX Robotics\VEXcode Pro V5\sdk/vexv5\libv5rt.a(v5_apijump.c.obj)
                0x03806d6c                vexDeviceMotorGearingSet
 .text.vexDeviceMotorGearingGet
                0x03806d98       0x24 C:\Program Files (x86)\VEX Robotics\VEXcode Pro V5\sdk/vexv5\libv5rt.a(v5_apijump.c.obj)
                0x03806d98                vexDeviceMotorGearingGet
 .text.vexDeviceVisionModeSet
                0x03806dbc       0x2c C:\Program Files (x86)\VEX Robotics\VEXcode Pro V5\sdk/vexv5\libv5rt.a(v5_apijump.c.obj)
                0x03806dbc                vexDeviceVisionModeSet
 .text.vexDeviceVisionObjectCountGet
                0x03806de8       0x24 C:\Program Files (x86)\VEX Robotics\VEXcode Pro V5\sdk/vexv5\libv5rt.a(v5_apijump.c.obj)
                0x03806de8                vexDeviceVisionObjectCountGet
 .text.vexDeviceVisionObjectGet
                0x03806e0c       0x34 C:\Program Files (x86)\VEX Robotics\VEXcode Pro V5\sdk/vexv5\libv5rt.a(v5_apijump.c.obj)
                0x03806e0c                vexDeviceVisionObjectGet
 .text.vexDeviceVisionSignatureSet
                0x03806e40       0x2c C:\Program Files (x86)\VEX Robotics\VEXcode Pro V5\sdk/vexv5\libv5rt.a(v5_apijump.c.obj)
                0x03806e40                vexDeviceVisionSignatureSet
 .text.vexDeviceVisionBrightnessSet
                0x03806e6c       0x2c C:\Program Files (x86)\VEX Robotics\VEXcode Pro V5\sdk/vexv5\libv5rt.a(v5_apijump.c.obj)
                0x03806e6c                vexDeviceVisionBrightnessSet
 .text.vexDeviceVisionLedModeSet
                0x03806e98       0x2c C:\Program Files (x86)\VEX Robotics\VEXcode Pro V5\sdk/vexv5\libv5rt.a(v5_apijump.c.obj)
                0x03806e98                vexDeviceVisionLedModeSet
 .text.vexDeviceVisionLedColorSet
                0x03806ec4       0x30 C:\Program Files (x86)\VEX Robotics\VEXcode Pro V5\sdk/vexv5\libv5rt.a(v5_apijump.c.obj)
                0x03806ec4                vexDeviceVisionLedColorSet
 .text.vexDeviceImuReset
                0x03806ef4       0x24 C:\Program Files (x86)\VEX Robotics\VEXcode Pro V5\sdk/vexv5\libv5rt.a(v5_apijump.c.obj)
                0x03806ef4                vexDeviceImuReset
 .text.vexDeviceImuHeadingGet
                0x03806f18       0x24 C:\Program Files (x86)\VEX Robotics\VEXcode Pro V5\sdk/vexv5\libv5rt.a(v5_apijump.c.obj)
                0x03806f18                vexDeviceImuHeadingGet
 .text.vexDeviceImuDegreesGet
                0x03806f3c       0x24 C:\Program Files (x86)\VEX Robotics\VEXcode Pro V5\sdk/vexv5\libv5rt.a(v5_apijump.c.obj)
                0x03806f3c                vexDeviceImuDegreesGet
 .text.vexDeviceImuAttitudeGet
                0x03806f60       0x2c C:\Program Files (x86)\VEX Robotics\VEXcode Pro V5\sdk/vexv5\libv5rt.a(v5_apijump.c.obj)
                0x03806f60                vexDeviceImuAttitudeGet
 .text.vexDeviceImuStatusGet
                0x03806f8c       0x24 C:\Program Files (x86)\VEX Robotics\VEXcode Pro V5\sdk/vexv5\libv5rt.a(v5_apijump.c.obj)
                0x03806f8c                vexDeviceImuStatusGet
 .text.vexDeviceAbsEncPositionSet
                0x03806fb0       0x2c C:\Program Files (x86)\VEX Robotics\VEXcode Pro V5\sdk/vexv5\libv5rt.a(v5_apijump.c.obj)
                0x03806fb0                vexDeviceAbsEncPositionSet
 .text.vexDeviceAbsEncPositionGet
                0x03806fdc       0x24 C:\Program Files (x86)\VEX Robotics\VEXcode Pro V5\sdk/vexv5\libv5rt.a(v5_apijump.c.obj)
                0x03806fdc                vexDeviceAbsEncPositionGet
 .text.vexDeviceAbsEncAngleGet
                0x03807000       0x24 C:\Program Files (x86)\VEX Robotics\VEXcode Pro V5\sdk/vexv5\libv5rt.a(v5_apijump.c.obj)
                0x03807000                vexDeviceAbsEncAngleGet
 .text.vexDeviceAbsEncReverseFlagSet
                0x03807024       0x2c C:\Program Files (x86)\VEX Robotics\VEXcode Pro V5\sdk/vexv5\libv5rt.a(v5_apijump.c.obj)
                0x03807024                vexDeviceAbsEncReverseFlagSet
 .text.vexDeviceOpticalHueGet
                0x03807050       0x24 C:\Program Files (x86)\VEX Robotics\VEXcode Pro V5\sdk/vexv5\libv5rt.a(v5_apijump.c.obj)
                0x03807050                vexDeviceOpticalHueGet
 .text.vexDeviceOpticalProximityGet
                0x03807074       0x24 C:\Program Files (x86)\VEX Robotics\VEXcode Pro V5\sdk/vexv5\libv5rt.a(v5_apijump.c.obj)
                0x03807074                vexDeviceOpticalProximityGet
 .text.vexDeviceOpticalLedPwmSet
                0x03807098       0x2c C:\Program Files (x86)\VEX Robotics\VEXcode Pro V5\sdk/vexv5\libv5rt.a(v5_apijump.c.obj)
                0x03807098                vexDeviceOpticalLedPwmSet
 .text.vexDeviceOpticalGestureEnable
                0x038070c4       0x24 C:\Program Files (x86)\VEX Robotics\VEXcode Pro V5\sdk/vexv5\libv5rt.a(v5_apijump.c.obj)
                0x038070c4                vexDeviceOpticalGestureEnable
 .text.vexDeviceOpticalGestureDisable
                0x038070e8       0x24 C:\Program Files (x86)\VEX Robotics\VEXcode Pro V5\sdk/vexv5\libv5rt.a(v5_apijump.c.obj)
                0x038070e8                vexDeviceOpticalGestureDisable
 .text.vexDeviceOpticalProximityThreshold
                0x0380710c       0x2c C:\Program Files (x86)\VEX Robotics\VEXcode Pro V5\sdk/vexv5\libv5rt.a(v5_apijump.c.obj)
                0x0380710c                vexDeviceOpticalProximityThreshold
 .text.vexDisplayForegroundColor
                0x03807138       0x24 C:\Program Files (x86)\VEX Robotics\VEXcode Pro V5\sdk/vexv5\libv5rt.a(v5_apijump.c.obj)
                0x03807138                vexDisplayForegroundColor
 .text.vexDisplayBackgroundColor
                0x0380715c       0x24 C:\Program Files (x86)\VEX Robotics\VEXcode Pro V5\sdk/vexv5\libv5rt.a(v5_apijump.c.obj)
                0x0380715c                vexDisplayBackgroundColor
 .text.vexDisplayBackgroundColorGet
                0x03807180       0x1c C:\Program Files (x86)\VEX Robotics\VEXcode Pro V5\sdk/vexv5\libv5rt.a(v5_apijump.c.obj)
                0x03807180                vexDisplayBackgroundColorGet
 .text.vexDisplayRectDraw
                0x0380719c       0x4c C:\Program Files (x86)\VEX Robotics\VEXcode Pro V5\sdk/vexv5\libv5rt.a(v5_apijump.c.obj)
                0x0380719c                vexDisplayRectDraw
 .text.vexDisplayRectClear
                0x038071e8       0x4c C:\Program Files (x86)\VEX Robotics\VEXcode Pro V5\sdk/vexv5\libv5rt.a(v5_apijump.c.obj)
                0x038071e8                vexDisplayRectClear
 .text.vexDisplayVPrintf
                0x03807234       0x50 C:\Program Files (x86)\VEX Robotics\VEXcode Pro V5\sdk/vexv5\libv5rt.a(v5_apijump.c.obj)
                0x03807234                vexDisplayVPrintf
 .text.vexDisplayTextReference
                0x03807284       0x24 C:\Program Files (x86)\VEX Robotics\VEXcode Pro V5\sdk/vexv5\libv5rt.a(v5_apijump.c.obj)
                0x03807284                vexDisplayTextReference
 .text.vexDisplayTextSize
                0x038072a8       0x2c C:\Program Files (x86)\VEX Robotics\VEXcode Pro V5\sdk/vexv5\libv5rt.a(v5_apijump.c.obj)
                0x038072a8                vexDisplayTextSize
 .text.vexDisplayFontNamedSet
                0x038072d4       0x24 C:\Program Files (x86)\VEX Robotics\VEXcode Pro V5\sdk/vexv5\libv5rt.a(v5_apijump.c.obj)
                0x038072d4                vexDisplayFontNamedSet
 .text.vexDisplayPenSizeGet
                0x038072f8       0x1c C:\Program Files (x86)\VEX Robotics\VEXcode Pro V5\sdk/vexv5\libv5rt.a(v5_apijump.c.obj)
                0x038072f8                vexDisplayPenSizeGet
 .text.vexSystemStdlibImpureDataAddr
                0x03807314       0x28 C:\Program Files (x86)\VEX Robotics\VEXcode Pro V5\sdk/vexv5\libv5rt.a(v5_apijump.c.obj)
                0x03807314                vexSystemStdlibImpureDataAddr
 .text.vexSystemStdlibImpureDataSize
                0x0380733c       0x28 C:\Program Files (x86)\VEX Robotics\VEXcode Pro V5\sdk/vexv5\libv5rt.a(v5_apijump.c.obj)
                0x0380733c                vexSystemStdlibImpureDataSize
 .text.vexSystemSaveUserData
                0x03807364       0x3c C:\Program Files (x86)\VEX Robotics\VEXcode Pro V5\sdk/vexv5\libv5rt.a(v5_apijump.c.obj)
                0x03807364                vexSystemSaveUserData
 .text.vexDisplayThemeIdGet
                0x038073a0       0x38 C:\Program Files (x86)\VEX Robotics\VEXcode Pro V5\sdk/vexv5\libv5rt.a(v5_apijump.c.obj)
                0x038073a0                vexDisplayThemeIdGet
 .text.vexDeviceEventMaskSet
                0x038073d8       0x48 C:\Program Files (x86)\VEX Robotics\VEXcode Pro V5\sdk/vexv5\libv5rt.a(v5_apijump.c.obj)
                0x038073d8                vexDeviceEventMaskSet
 .text.vexDeviceEventMaskGet
                0x03807420       0x3c C:\Program Files (x86)\VEX Robotics\VEXcode Pro V5\sdk/vexv5\libv5rt.a(v5_apijump.c.obj)
                0x03807420                vexDeviceEventMaskGet
 .text.vexSystemVersion
                0x0380745c       0x10 C:\Program Files (x86)\VEX Robotics\VEXcode Pro V5\sdk/vexv5\libv5rt.a(v5_apiversions.c.obj)
                0x0380745c                vexSystemVersion
 .text.vexStdlibVersion
                0x0380746c       0x10 C:\Program Files (x86)\VEX Robotics\VEXcode Pro V5\sdk/vexv5\libv5rt.a(v5_apiversions.c.obj)
                0x0380746c                vexStdlibVersion
 *fill*         0x0380747c        0x4 
 .text._ZN3vex4waitEdNS_9timeUnitsE
                0x03807480       0x30 C:\Program Files (x86)\VEX Robotics\VEXcode Pro V5\sdk/vexv5\libv5rt.a(vex_global.cpp.obj)
                0x03807480                vex::wait(double, vex::timeUnits)
 .text._ZN3vex5motorD2Ev
                0x038074b0       0x20 C:\Program Files (x86)\VEX Robotics\VEXcode Pro V5\sdk/vexv5\libv5rt.a(vex_motor.cpp.obj)
                0x038074b0                vex::motor::~motor()
                0x038074b0                vex::motor::~motor()
 .text._ZN3vex5motorD0Ev
                0x038074d0       0x1c C:\Program Files (x86)\VEX Robotics\VEXcode Pro V5\sdk/vexv5\libv5rt.a(vex_motor.cpp.obj)
                0x038074d0                vex::motor::~motor()
 .text._ZN3vex5motor9installedEv
                0x038074ec       0x18 C:\Program Files (x86)\VEX Robotics\VEXcode Pro V5\sdk/vexv5\libv5rt.a(vex_motor.cpp.obj)
                0x038074ec                vex::motor::installed()
 .text._ZN3vex5motor15defaultStoppingENS_9brakeTypeE
                0x03807504       0x30 C:\Program Files (x86)\VEX Robotics\VEXcode Pro V5\sdk/vexv5\libv5rt.a(vex_motor.cpp.obj)
                0x03807504                vex::motor::defaultStopping(vex::brakeType)
 .text._ZN3vex5motorC2El
                0x03807534       0x78 C:\Program Files (x86)\VEX Robotics\VEXcode Pro V5\sdk/vexv5\libv5rt.a(vex_motor.cpp.obj)
                0x03807534                vex::motor::motor(long)
                0x03807534                vex::motor::motor(long)
 .text._ZN3vex5motorC2ElNS_11gearSettingEb
                0x038075ac       0x34 C:\Program Files (x86)\VEX Robotics\VEXcode Pro V5\sdk/vexv5\libv5rt.a(vex_motor.cpp.obj)
                0x038075ac                vex::motor::motor(long, vex::gearSetting, bool)
                0x038075ac                vex::motor::motor(long, vex::gearSetting, bool)
 .text._ZN3vex5motor4spinENS_13directionTypeEdNS_12voltageUnitsE
                0x038075e0       0x50 C:\Program Files (x86)\VEX Robotics\VEXcode Pro V5\sdk/vexv5\libv5rt.a(vex_motor.cpp.obj)
                0x038075e0                vex::motor::spin(vex::directionType, double, vex::voltageUnits)
 .text._ZN3vex5motor4stopENS_9brakeTypeE
                0x03807630       0x30 C:\Program Files (x86)\VEX Robotics\VEXcode Pro V5\sdk/vexv5\libv5rt.a(vex_motor.cpp.obj)
                0x03807630                vex::motor::stop(vex::brakeType)
 .text._ZN3vex5motor4stopEv
                0x03807660        0x8 C:\Program Files (x86)\VEX Robotics\VEXcode Pro V5\sdk/vexv5\libv5rt.a(vex_motor.cpp.obj)
                0x03807660                vex::motor::stop()
 .text._ZN3vex5motor16velocityToScaledEdNS_13velocityUnitsE
                0x03807668       0x5c C:\Program Files (x86)\VEX Robotics\VEXcode Pro V5\sdk/vexv5\libv5rt.a(vex_motor.cpp.obj)
                0x03807668                vex::motor::velocityToScaled(double, vex::velocityUnits)
 .text._ZN3vex5motor8velocityENS_13velocityUnitsE
                0x038076c4       0x30 C:\Program Files (x86)\VEX Robotics\VEXcode Pro V5\sdk/vexv5\libv5rt.a(vex_motor.cpp.obj)
                0x038076c4                vex::motor::velocity(vex::velocityUnits)
 .text._ZN3vex5motor5valueEv
                0x038076f4       0x1c C:\Program Files (x86)\VEX Robotics\VEXcode Pro V5\sdk/vexv5\libv5rt.a(vex_motor.cpp.obj)
                0x038076f4                vex::motor::value()
 .text._ZN3vex5motor16scaledToVelocityEdNS_13velocityUnitsE
                0x03807710       0xa4 C:\Program Files (x86)\VEX Robotics\VEXcode Pro V5\sdk/vexv5\libv5rt.a(vex_motor.cpp.obj)
                0x03807710                vex::motor::scaledToVelocity(double, vex::velocityUnits)
 .text._ZN3vex5motor4spinENS_13directionTypeEdNS_13velocityUnitsE
                0x038077b4       0x5c C:\Program Files (x86)\VEX Robotics\VEXcode Pro V5\sdk/vexv5\libv5rt.a(vex_motor.cpp.obj)
                0x038077b4                vex::motor::spin(vex::directionType, double, vex::velocityUnits)
 .text._ZN3vex5motor16setRotationUnitsENS_13rotationUnitsE
                0x03807810       0x1c C:\Program Files (x86)\VEX Robotics\VEXcode Pro V5\sdk/vexv5\libv5rt.a(vex_motor.cpp.obj)
                0x03807810                vex::motor::setRotationUnits(vex::rotationUnits)
 .text._ZN3vex5motor8rotationENS_13rotationUnitsE
                0x0380782c       0x44 C:\Program Files (x86)\VEX Robotics\VEXcode Pro V5\sdk/vexv5\libv5rt.a(vex_motor.cpp.obj)
                0x0380782c                vex::motor::rotation(vex::rotationUnits)
 .text._ZN3vex5motor8positionENS_13rotationUnitsE
                0x03807870        0x4 C:\Program Files (x86)\VEX Robotics\VEXcode Pro V5\sdk/vexv5\libv5rt.a(vex_motor.cpp.obj)
                0x03807870                vex::motor::position(vex::rotationUnits)
 .text._ZN3vex6vision9installedEv
                0x03807874       0x18 C:\Program Files (x86)\VEX Robotics\VEXcode Pro V5\sdk/vexv5\libv5rt.a(vex_vision.cpp.obj)
                0x03807874                vex::vision::installed()
 .text._ZN3vex6visionD2Ev
                0x0380788c       0x38 C:\Program Files (x86)\VEX Robotics\VEXcode Pro V5\sdk/vexv5\libv5rt.a(vex_vision.cpp.obj)
                0x0380788c                vex::vision::~vision()
                0x0380788c                vex::vision::~vision()
 .text._ZN3vex6visionD0Ev
                0x038078c4       0x1c C:\Program Files (x86)\VEX Robotics\VEXcode Pro V5\sdk/vexv5\libv5rt.a(vex_vision.cpp.obj)
                0x038078c4                vex::vision::~vision()
 .text._ZN3vex6vision12setSignatureERNS0_9signatureE
                0x038078e0       0x70 C:\Program Files (x86)\VEX Robotics\VEXcode Pro V5\sdk/vexv5\libv5rt.a(vex_vision.cpp.obj)
                0x038078e0                vex::vision::setSignature(vex::vision::signature&)
 .text._ZN3vex6vision7setModeENS0_13detectionModeE
                0x03807950       0x18 C:\Program Files (x86)\VEX Robotics\VEXcode Pro V5\sdk/vexv5\libv5rt.a(vex_vision.cpp.obj)
                0x03807950                vex::vision::setMode(vex::vision::detectionMode)
 .text._ZN3vex6vision13setBrightnessEh
                0x03807968       0x30 C:\Program Files (x86)\VEX Robotics\VEXcode Pro V5\sdk/vexv5\libv5rt.a(vex_vision.cpp.obj)
                0x03807968                vex::vision::setBrightness(unsigned char)
 .text._ZN3vex6vision10setLedModeENS0_7ledModeE
                0x03807998       0x18 C:\Program Files (x86)\VEX Robotics\VEXcode Pro V5\sdk/vexv5\libv5rt.a(vex_vision.cpp.obj)
                0x03807998                vex::vision::setLedMode(vex::vision::ledMode)
 .text._ZN3vex6vision11setLedColorEhhh
                0x038079b0       0x30 C:\Program Files (x86)\VEX Robotics\VEXcode Pro V5\sdk/vexv5\libv5rt.a(vex_vision.cpp.obj)
                0x038079b0                vex::vision::setLedColor(unsigned char, unsigned char, unsigned char)
 .text._ZN3vex6vision9signatureD2Ev
                0x038079e0        0x4 C:\Program Files (x86)\VEX Robotics\VEXcode Pro V5\sdk/vexv5\libv5rt.a(vex_vision.cpp.obj)
                0x038079e0                vex::vision::signature::~signature()
                0x038079e0                vex::vision::signature::~signature()
 .text._ZN3vex6vision9signature5clearEv
                0x038079e4       0x38 C:\Program Files (x86)\VEX Robotics\VEXcode Pro V5\sdk/vexv5\libv5rt.a(vex_vision.cpp.obj)
                0x038079e4                vex::vision::signature::clear()
 .text._ZN3vex6vision9signatureC2Ev
                0x03807a1c       0x60 C:\Program Files (x86)\VEX Robotics\VEXcode Pro V5\sdk/vexv5\libv5rt.a(vex_vision.cpp.obj)
                0x03807a1c                vex::vision::signature::signature()
                0x03807a1c                vex::vision::signature::signature()
 .text._ZN3vex6vision9signatureC2Elllllllfl
                0x03807a7c       0x5c C:\Program Files (x86)\VEX Robotics\VEXcode Pro V5\sdk/vexv5\libv5rt.a(vex_vision.cpp.obj)
                0x03807a7c                vex::vision::signature::signature(long, long, long, long, long, long, long, float, long)
                0x03807a7c                vex::vision::signature::signature(long, long, long, long, long, long, long, float, long)
 .text._ZN3vex6vision6object3setE22_V5_DeviceVisionObject
                0x03807ad8       0x78 C:\Program Files (x86)\VEX Robotics\VEXcode Pro V5\sdk/vexv5\libv5rt.a(vex_vision.cpp.obj)
                0x03807ad8                vex::vision::object::set(_V5_DeviceVisionObject)
 .text._ZN3vex6vision6object5clearEv
                0x03807b50       0x38 C:\Program Files (x86)\VEX Robotics\VEXcode Pro V5\sdk/vexv5\libv5rt.a(vex_vision.cpp.obj)
                0x03807b50                vex::vision::object::clear()
 .text._ZN3vex6vision6objectC2Ev
                0x03807b88       0x58 C:\Program Files (x86)\VEX Robotics\VEXcode Pro V5\sdk/vexv5\libv5rt.a(vex_vision.cpp.obj)
                0x03807b88                vex::vision::object::object()
                0x03807b88                vex::vision::object::object()
 .text._ZN3vex6vision13_clearObjectsEv
                0x03807be0       0x40 C:\Program Files (x86)\VEX Robotics\VEXcode Pro V5\sdk/vexv5\libv5rt.a(vex_vision.cpp.obj)
                0x03807be0                vex::vision::_clearObjects()
 .text._ZN3vex6vision6objectaSERKS1_
                0x03807c20       0x74 C:\Program Files (x86)\VEX Robotics\VEXcode Pro V5\sdk/vexv5\libv5rt.a(vex_vision.cpp.obj)
                0x03807c20                vex::vision::object::operator=(vex::vision::object const&)
 .text._ZN3vex6vision12takeSnapshotEmm
                0x03807c94       0xf4 C:\Program Files (x86)\VEX Robotics\VEXcode Pro V5\sdk/vexv5\libv5rt.a(vex_vision.cpp.obj)
                0x03807c94                vex::vision::takeSnapshot(unsigned long, unsigned long)
 .text._ZN3vex6vision12takeSnapshotEm
                0x03807d88        0x8 C:\Program Files (x86)\VEX Robotics\VEXcode Pro V5\sdk/vexv5\libv5rt.a(vex_vision.cpp.obj)
                0x03807d88                vex::vision::takeSnapshot(unsigned long)
 .text._ZN3vex6vision5valueEv
                0x03807d90        0x8 C:\Program Files (x86)\VEX Robotics\VEXcode Pro V5\sdk/vexv5\libv5rt.a(vex_vision.cpp.obj)
                0x03807d90                vex::vision::value()
 .text._ZN3vex6vision12takeSnapshotERNS0_9signatureE
                0x03807d98       0x10 C:\Program Files (x86)\VEX Robotics\VEXcode Pro V5\sdk/vexv5\libv5rt.a(vex_vision.cpp.obj)
                0x03807d98                vex::vision::takeSnapshot(vex::vision::signature&)
 .text._ZN3vex6vision6objectaSEl
                0x03807da8       0x38 C:\Program Files (x86)\VEX Robotics\VEXcode Pro V5\sdk/vexv5\libv5rt.a(vex_vision.cpp.obj)
                0x03807da8                vex::vision::object::operator=(long)
 .text._ZN3vex6visionC2El
                0x03807de0       0xa4 C:\Program Files (x86)\VEX Robotics\VEXcode Pro V5\sdk/vexv5\libv5rt.a(vex_vision.cpp.obj)
                0x03807de0                vex::vision::vision(long)
                0x03807de0                vex::vision::vision(long)
 *fill*         0x03807e84        0x4 
 .text._ZN3vex8inertial10setHeadingEdNS_13rotationUnitsE
                0x03807e88       0x60 C:\Program Files (x86)\VEX Robotics\VEXcode Pro V5\sdk/vexv5\libv5rt.a(vex_imu.cpp.obj)
                0x03807e88                vex::inertial::setHeading(double, vex::rotationUnits)
 .text._ZThn16_N3vex8inertial10setHeadingEdNS_13rotationUnitsE
                0x03807ee8        0x8 C:\Program Files (x86)\VEX Robotics\VEXcode Pro V5\sdk/vexv5\libv5rt.a(vex_imu.cpp.obj)
                0x03807ee8                non-virtual thunk to vex::inertial::setHeading(double, vex::rotationUnits)
 .text._ZN3vex8inertial11setRotationEdNS_13rotationUnitsE
                0x03807ef0       0x60 C:\Program Files (x86)\VEX Robotics\VEXcode Pro V5\sdk/vexv5\libv5rt.a(vex_imu.cpp.obj)
                0x03807ef0                vex::inertial::setRotation(double, vex::rotationUnits)
 .text._ZThn16_N3vex8inertial11setRotationEdNS_13rotationUnitsE
                0x03807f50        0x8 C:\Program Files (x86)\VEX Robotics\VEXcode Pro V5\sdk/vexv5\libv5rt.a(vex_imu.cpp.obj)
                0x03807f50                non-virtual thunk to vex::inertial::setRotation(double, vex::rotationUnits)
 .text._ZN3vex8inertialD2Ev
                0x03807f58       0x20 C:\Program Files (x86)\VEX Robotics\VEXcode Pro V5\sdk/vexv5\libv5rt.a(vex_imu.cpp.obj)
                0x03807f58                vex::inertial::~inertial()
                0x03807f58                vex::inertial::~inertial()
 .text._ZThn16_N3vex8inertialD1Ev
                0x03807f78        0x8 C:\Program Files (x86)\VEX Robotics\VEXcode Pro V5\sdk/vexv5\libv5rt.a(vex_imu.cpp.obj)
                0x03807f78                non-virtual thunk to vex::inertial::~inertial()
 .text._ZN3vex8inertialD0Ev
                0x03807f80       0x1c C:\Program Files (x86)\VEX Robotics\VEXcode Pro V5\sdk/vexv5\libv5rt.a(vex_imu.cpp.obj)
                0x03807f80                vex::inertial::~inertial()
 .text._ZThn16_N3vex8inertialD0Ev
                0x03807f9c        0x8 C:\Program Files (x86)\VEX Robotics\VEXcode Pro V5\sdk/vexv5\libv5rt.a(vex_imu.cpp.obj)
                0x03807f9c                non-virtual thunk to vex::inertial::~inertial()
 .text._ZN3vex8inertial9installedEv
                0x03807fa4       0x18 C:\Program Files (x86)\VEX Robotics\VEXcode Pro V5\sdk/vexv5\libv5rt.a(vex_imu.cpp.obj)
                0x03807fa4                vex::inertial::installed()
 .text._ZN3vex8inertial5angleENS_13rotationUnitsE
                0x03807fbc       0x60 C:\Program Files (x86)\VEX Robotics\VEXcode Pro V5\sdk/vexv5\libv5rt.a(vex_imu.cpp.obj)
                0x03807fbc                vex::inertial::angle(vex::rotationUnits)
 .text._ZThn16_N3vex8inertial5angleENS_13rotationUnitsE
                0x0380801c        0x8 C:\Program Files (x86)\VEX Robotics\VEXcode Pro V5\sdk/vexv5\libv5rt.a(vex_imu.cpp.obj)
                0x0380801c                non-virtual thunk to vex::inertial::angle(vex::rotationUnits)
 .text._ZN3vex8inertial7headingENS_13rotationUnitsE
                0x03808024        0x4 C:\Program Files (x86)\VEX Robotics\VEXcode Pro V5\sdk/vexv5\libv5rt.a(vex_imu.cpp.obj)
                0x03808024                vex::inertial::heading(vex::rotationUnits)
 .text._ZThn16_N3vex8inertial7headingENS_13rotationUnitsE
                0x03808028        0x8 C:\Program Files (x86)\VEX Robotics\VEXcode Pro V5\sdk/vexv5\libv5rt.a(vex_imu.cpp.obj)
                0x03808028                non-virtual thunk to vex::inertial::heading(vex::rotationUnits)
 .text._ZN3vex8inertial5valueEv
                0x03808030       0x1c C:\Program Files (x86)\VEX Robotics\VEXcode Pro V5\sdk/vexv5\libv5rt.a(vex_imu.cpp.obj)
                0x03808030                vex::inertial::value()
 *fill*         0x0380804c        0x4 
 .text._ZN3vex8inertial8rotationENS_13rotationUnitsE
                0x03808050       0x40 C:\Program Files (x86)\VEX Robotics\VEXcode Pro V5\sdk/vexv5\libv5rt.a(vex_imu.cpp.obj)
                0x03808050                vex::inertial::rotation(vex::rotationUnits)
 .text._ZThn16_N3vex8inertial8rotationENS_13rotationUnitsE
                0x03808090        0x8 C:\Program Files (x86)\VEX Robotics\VEXcode Pro V5\sdk/vexv5\libv5rt.a(vex_imu.cpp.obj)
                0x03808090                non-virtual thunk to vex::inertial::rotation(vex::rotationUnits)
 .text._ZN3vex8inertial13isCalibratingEv
                0x03808098       0x38 C:\Program Files (x86)\VEX Robotics\VEXcode Pro V5\sdk/vexv5\libv5rt.a(vex_imu.cpp.obj)
                0x03808098                vex::inertial::isCalibrating()
 .text._ZThn16_N3vex8inertial13isCalibratingEv
                0x038080d0        0x8 C:\Program Files (x86)\VEX Robotics\VEXcode Pro V5\sdk/vexv5\libv5rt.a(vex_imu.cpp.obj)
                0x038080d0                non-virtual thunk to vex::inertial::isCalibrating()
 .text._ZN3vex8inertialC2El
                0x038080d8       0x48 C:\Program Files (x86)\VEX Robotics\VEXcode Pro V5\sdk/vexv5\libv5rt.a(vex_imu.cpp.obj)
                0x038080d8                vex::inertial::inertial(long)
                0x038080d8                vex::inertial::inertial(long)
 .text._ZN3vex8inertial4rollENS_13rotationUnitsE
                0x03808120       0x40 C:\Program Files (x86)\VEX Robotics\VEXcode Pro V5\sdk/vexv5\libv5rt.a(vex_imu.cpp.obj)
                0x03808120                vex::inertial::roll(vex::rotationUnits)
 .text._ZN3vex8inertial5pitchENS_13rotationUnitsE
                0x03808160       0x40 C:\Program Files (x86)\VEX Robotics\VEXcode Pro V5\sdk/vexv5\libv5rt.a(vex_imu.cpp.obj)
                0x03808160                vex::inertial::pitch(vex::rotationUnits)
 .text._ZN3vex8inertial3yawENS_13rotationUnitsE
                0x038081a0       0x40 C:\Program Files (x86)\VEX Robotics\VEXcode Pro V5\sdk/vexv5\libv5rt.a(vex_imu.cpp.obj)
                0x038081a0                vex::inertial::yaw(vex::rotationUnits)
 .text._ZN3vex8inertial11orientationENS_15orientationTypeENS_13rotationUnitsE
                0x038081e0       0x24 C:\Program Files (x86)\VEX Robotics\VEXcode Pro V5\sdk/vexv5\libv5rt.a(vex_imu.cpp.obj)
                0x038081e0                vex::inertial::orientation(vex::orientationType, vex::rotationUnits)
 .text._ZN3vex8inertial16startCalibrationEl
                0x03808204       0x20 C:\Program Files (x86)\VEX Robotics\VEXcode Pro V5\sdk/vexv5\libv5rt.a(vex_imu.cpp.obj)
                0x03808204                vex::inertial::startCalibration(long)
 .text._ZN3vex8inertial9calibrateEl
                0x03808224        0xc C:\Program Files (x86)\VEX Robotics\VEXcode Pro V5\sdk/vexv5\libv5rt.a(vex_imu.cpp.obj)
                0x03808224                vex::inertial::calibrate(long)
                0x03808228                non-virtual thunk to vex::inertial::calibrate(long)
 .text._ZN3vex8rotationD2Ev
                0x03808230       0x20 C:\Program Files (x86)\VEX Robotics\VEXcode Pro V5\sdk/vexv5\libv5rt.a(vex_rotation.cpp.obj)
                0x03808230                vex::rotation::~rotation()
                0x03808230                vex::rotation::~rotation()
 .text._ZN3vex8rotationD0Ev
                0x03808250       0x1c C:\Program Files (x86)\VEX Robotics\VEXcode Pro V5\sdk/vexv5\libv5rt.a(vex_rotation.cpp.obj)
                0x03808250                vex::rotation::~rotation()
 .text._ZN3vex8rotation9installedEv
                0x0380826c       0x18 C:\Program Files (x86)\VEX Robotics\VEXcode Pro V5\sdk/vexv5\libv5rt.a(vex_rotation.cpp.obj)
                0x0380826c                vex::rotation::installed()
 .text._ZN3vex8rotation5valueEv
                0x03808284        0x8 C:\Program Files (x86)\VEX Robotics\VEXcode Pro V5\sdk/vexv5\libv5rt.a(vex_rotation.cpp.obj)
                0x03808284                vex::rotation::value()
 .text._ZN3vex8rotationC2Elb
                0x0380828c       0x30 C:\Program Files (x86)\VEX Robotics\VEXcode Pro V5\sdk/vexv5\libv5rt.a(vex_rotation.cpp.obj)
                0x0380828c                vex::rotation::rotation(long, bool)
                0x0380828c                vex::rotation::rotation(long, bool)
 *fill*         0x038082bc        0x4 
 .text._ZN3vex8rotation5angleENS_13rotationUnitsE
                0x038082c0       0x50 C:\Program Files (x86)\VEX Robotics\VEXcode Pro V5\sdk/vexv5\libv5rt.a(vex_rotation.cpp.obj)
                0x038082c0                vex::rotation::angle(vex::rotationUnits)
 .text._ZN3vex8rotation13resetPositionEv
                0x03808310        0xc C:\Program Files (x86)\VEX Robotics\VEXcode Pro V5\sdk/vexv5\libv5rt.a(vex_rotation.cpp.obj)
                0x03808310                vex::rotation::resetPosition()
 *fill*         0x0380831c        0x4 
 .text._ZN3vex8rotation8positionENS_13rotationUnitsE
                0x03808320       0x50 C:\Program Files (x86)\VEX Robotics\VEXcode Pro V5\sdk/vexv5\libv5rt.a(vex_rotation.cpp.obj)
                0x03808320                vex::rotation::position(vex::rotationUnits)
 .text._ZN3vex7opticalD2Ev
                0x03808370       0x20 C:\Program Files (x86)\VEX Robotics\VEXcode Pro V5\sdk/vexv5\libv5rt.a(vex_optical.cpp.obj)
                0x03808370                vex::optical::~optical()
                0x03808370                vex::optical::~optical()
 .text._ZN3vex7opticalD0Ev
                0x03808390       0x1c C:\Program Files (x86)\VEX Robotics\VEXcode Pro V5\sdk/vexv5\libv5rt.a(vex_optical.cpp.obj)
                0x03808390                vex::optical::~optical()
 .text._ZN3vex7optical9installedEv
                0x038083ac       0x18 C:\Program Files (x86)\VEX Robotics\VEXcode Pro V5\sdk/vexv5\libv5rt.a(vex_optical.cpp.obj)
                0x038083ac                vex::optical::installed()
 .text._ZN3vex7optical3hueEv
                0x038083c4        0x8 C:\Program Files (x86)\VEX Robotics\VEXcode Pro V5\sdk/vexv5\libv5rt.a(vex_optical.cpp.obj)
                0x038083c4                vex::optical::hue()
 .text._ZN3vex7optical5valueEv
                0x038083cc       0x18 C:\Program Files (x86)\VEX Robotics\VEXcode Pro V5\sdk/vexv5\libv5rt.a(vex_optical.cpp.obj)
                0x038083cc                vex::optical::value()
 .text._ZN3vex7optical5colorEv
                0x038083e4       0xd0 C:\Program Files (x86)\VEX Robotics\VEXcode Pro V5\sdk/vexv5\libv5rt.a(vex_optical.cpp.obj)
                0x038083e4                vex::optical::color()
 .text._ZN3vex7optical12isNearObjectEv
                0x038084b4       0x24 C:\Program Files (x86)\VEX Robotics\VEXcode Pro V5\sdk/vexv5\libv5rt.a(vex_optical.cpp.obj)
                0x038084b4                vex::optical::isNearObject()
 .text._ZN3vex7optical8setLightENS_8ledStateE
                0x038084d8       0x18 C:\Program Files (x86)\VEX Robotics\VEXcode Pro V5\sdk/vexv5\libv5rt.a(vex_optical.cpp.obj)
                0x038084d8                vex::optical::setLight(vex::ledState)
 .text._ZN3vex7optical13setLightPowerElNS_12percentUnitsE
                0x038084f0       0x2c C:\Program Files (x86)\VEX Robotics\VEXcode Pro V5\sdk/vexv5\libv5rt.a(vex_optical.cpp.obj)
                0x038084f0                vex::optical::setLightPower(long, vex::percentUnits)
 .text._ZN3vex7optical13gestureEnableEv
                0x0380851c        0x8 C:\Program Files (x86)\VEX Robotics\VEXcode Pro V5\sdk/vexv5\libv5rt.a(vex_optical.cpp.obj)
                0x0380851c                vex::optical::gestureEnable()
 .text._ZN3vex7optical14gestureDisableEv
                0x03808524        0x8 C:\Program Files (x86)\VEX Robotics\VEXcode Pro V5\sdk/vexv5\libv5rt.a(vex_optical.cpp.obj)
                0x03808524                vex::optical::gestureDisable()
 .text._ZN3vex7opticalC2Elb
                0x0380852c       0x54 C:\Program Files (x86)\VEX Robotics\VEXcode Pro V5\sdk/vexv5\libv5rt.a(vex_optical.cpp.obj)
                0x0380852c                vex::optical::optical(long, bool)
                0x0380852c                vex::optical::optical(long, bool)
 .text._ZN3vex10controllerD2Ev
                0x03808580        0x4 C:\Program Files (x86)\VEX Robotics\VEXcode Pro V5\sdk/vexv5\libv5rt.a(vex_controller.cpp.obj)
                0x03808580                vex::controller::~controller()
                0x03808580                vex::controller::~controller()
 .text._ZN3vex10controller5valueE19_V5_ControllerIndex
                0x03808584        0x8 C:\Program Files (x86)\VEX Robotics\VEXcode Pro V5\sdk/vexv5\libv5rt.a(vex_controller.cpp.obj)
                0x03808584                vex::controller::value(_V5_ControllerIndex)
 .text._ZN3vex10controller6rumbleEPKc
                0x0380858c       0x4c C:\Program Files (x86)\VEX Robotics\VEXcode Pro V5\sdk/vexv5\libv5rt.a(vex_controller.cpp.obj)
                0x0380858c                vex::controller::rumble(char const*)
 .text._ZN3vex10controller6button8pressingEv
                0x038085d8       0xc8 C:\Program Files (x86)\VEX Robotics\VEXcode Pro V5\sdk/vexv5\libv5rt.a(vex_controller.cpp.obj)
                0x038085d8                vex::controller::button::pressing()
 .text._ZN3vex10controller6button7pressedEPFvvE
                0x038086a0      0x108 C:\Program Files (x86)\VEX Robotics\VEXcode Pro V5\sdk/vexv5\libv5rt.a(vex_controller.cpp.obj)
                0x038086a0                vex::controller::button::pressed(void (*)())
 .text._ZN3vex10controller6button21_buttonToPressedEventEv
                0x038087a8       0x20 C:\Program Files (x86)\VEX Robotics\VEXcode Pro V5\sdk/vexv5\libv5rt.a(vex_controller.cpp.obj)
                0x038087a8                vex::controller::button::_buttonToPressedEvent()
 .text._ZN3vex10controller6button22_buttonToReleasedEventEv
                0x038087c8       0x20 C:\Program Files (x86)\VEX Robotics\VEXcode Pro V5\sdk/vexv5\libv5rt.a(vex_controller.cpp.obj)
                0x038087c8                vex::controller::button::_buttonToReleasedEvent()
 .text._ZN3vex10controller6buttonC2ENS0_11tButtonTypeEPS0_
                0x038087e8       0x48 C:\Program Files (x86)\VEX Robotics\VEXcode Pro V5\sdk/vexv5\libv5rt.a(vex_controller.cpp.obj)
                0x038087e8                vex::controller::button::button(vex::controller::tButtonType, vex::controller*)
                0x038087e8                vex::controller::button::button(vex::controller::tButtonType, vex::controller*)
 .text._ZN3vex10controller4axis5valueEv
                0x03808830       0x58 C:\Program Files (x86)\VEX Robotics\VEXcode Pro V5\sdk/vexv5\libv5rt.a(vex_controller.cpp.obj)
                0x03808830                vex::controller::axis::value()
 .text._ZN3vex10controller4axis8positionENS_12percentUnitsE
                0x03808888       0x1c C:\Program Files (x86)\VEX Robotics\VEXcode Pro V5\sdk/vexv5\libv5rt.a(vex_controller.cpp.obj)
                0x03808888                vex::controller::axis::position(vex::percentUnits)
 .text._ZN3vex10controller4axis23_joystickToChangedEventEv
                0x038088a4       0x20 C:\Program Files (x86)\VEX Robotics\VEXcode Pro V5\sdk/vexv5\libv5rt.a(vex_controller.cpp.obj)
                0x038088a4                vex::controller::axis::_joystickToChangedEvent()
 .text._ZN3vex10controller4axisC2ENS0_9tAxisTypeEPS0_
                0x038088c4       0x2c C:\Program Files (x86)\VEX Robotics\VEXcode Pro V5\sdk/vexv5\libv5rt.a(vex_controller.cpp.obj)
                0x038088c4                vex::controller::axis::axis(vex::controller::tAxisType, vex::controller*)
                0x038088c4                vex::controller::axis::axis(vex::controller::tAxisType, vex::controller*)
 .text._ZN3vex10controllerC2ENS_14controllerTypeE
                0x038088f0      0x204 C:\Program Files (x86)\VEX Robotics\VEXcode Pro V5\sdk/vexv5\libv5rt.a(vex_controller.cpp.obj)
                0x038088f0                vex::controller::controller(vex::controllerType)
                0x038088f0                vex::controller::controller(vex::controllerType)
 .text._ZN3vex10controller3lcd15getControllerIdEv
                0x03808af4       0x10 C:\Program Files (x86)\VEX Robotics\VEXcode Pro V5\sdk/vexv5\libv5rt.a(vex_controller.cpp.obj)
                0x03808af4                vex::controller::lcd::getControllerId()
 .text._ZN3vex10controller3lcd9setCursorEll
                0x03808b04       0x40 C:\Program Files (x86)\VEX Robotics\VEXcode Pro V5\sdk/vexv5\libv5rt.a(vex_controller.cpp.obj)
                0x03808b04                vex::controller::lcd::setCursor(long, long)
 .text._ZN3vex10controller3lcd5printEPKcz
                0x03808b44       0x80 C:\Program Files (x86)\VEX Robotics\VEXcode Pro V5\sdk/vexv5\libv5rt.a(vex_controller.cpp.obj)
                0x03808b44                vex::controller::lcd::print(char const*, ...)
 .text._ZN3vex4taskC2EPFivE
                0x03808bc4       0x5c C:\Program Files (x86)\VEX Robotics\VEXcode Pro V5\sdk/vexv5\libv5rt.a(vex_task.cpp.obj)
                0x03808bc4                vex::task::task(int (*)())
                0x03808bc4                vex::task::task(int (*)())
 .text._ZN3vex4taskD2Ev
                0x03808c20        0x4 C:\Program Files (x86)\VEX Robotics\VEXcode Pro V5\sdk/vexv5\libv5rt.a(vex_task.cpp.obj)
                0x03808c20                vex::task::~task()
                0x03808c20                vex::task::~task()
 .text._ZN3vex4task4stopERKS0_
                0x03808c24       0x18 C:\Program Files (x86)\VEX Robotics\VEXcode Pro V5\sdk/vexv5\libv5rt.a(vex_task.cpp.obj)
                0x03808c24                vex::task::stop(vex::task const&)
 .text._ZN3vex4task6_indexEPFivE
                0x03808c3c       0x14 C:\Program Files (x86)\VEX Robotics\VEXcode Pro V5\sdk/vexv5\libv5rt.a(vex_task.cpp.obj)
                0x03808c3c                vex::task::_index(int (*)())
 .text._ZN3vex4task8_stopAllEv
                0x03808c50       0x3c C:\Program Files (x86)\VEX Robotics\VEXcode Pro V5\sdk/vexv5\libv5rt.a(vex_task.cpp.obj)
                0x03808c50                vex::task::_stopAll()
 .text._ZN3vex6threadC2EPFivE
                0x03808c8c       0x5c C:\Program Files (x86)\VEX Robotics\VEXcode Pro V5\sdk/vexv5\libv5rt.a(vex_thread.cpp.obj)
                0x03808c8c                vex::thread::thread(int (*)())
                0x03808c8c                vex::thread::thread(int (*)())
 .text._ZN3vex6threadD2Ev
                0x03808ce8        0x4 C:\Program Files (x86)\VEX Robotics\VEXcode Pro V5\sdk/vexv5\libv5rt.a(vex_thread.cpp.obj)
                0x03808ce8                vex::thread::~thread()
                0x03808ce8                vex::thread::~thread()
 .text._ZN3vex11this_thread9sleep_forEm
                0x03808cec        0x4 C:\Program Files (x86)\VEX Robotics\VEXcode Pro V5\sdk/vexv5\libv5rt.a(vex_thread.cpp.obj)
                0x03808cec                vex::this_thread::sleep_for(unsigned long)
 .text._ZN3vex11this_thread11sleep_untilEm
                0x03808cf0       0x20 C:\Program Files (x86)\VEX Robotics\VEXcode Pro V5\sdk/vexv5\libv5rt.a(vex_thread.cpp.obj)
                0x03808cf0                vex::this_thread::sleep_until(unsigned long)
 .text._ZN3vex5mutexC2Ev
                0x03808d10       0x1c C:\Program Files (x86)\VEX Robotics\VEXcode Pro V5\sdk/vexv5\libv5rt.a(vex_thread.cpp.obj)
                0x03808d10                vex::mutex::mutex()
                0x03808d10                vex::mutex::mutex()
 .text._ZN3vex5mutexD2Ev
                0x03808d2c        0x4 C:\Program Files (x86)\VEX Robotics\VEXcode Pro V5\sdk/vexv5\libv5rt.a(vex_thread.cpp.obj)
                0x03808d2c                vex::mutex::~mutex()
                0x03808d2c                vex::mutex::~mutex()
 .text._ZN3vex5mutex4lockEv
                0x03808d30        0x8 C:\Program Files (x86)\VEX Robotics\VEXcode Pro V5\sdk/vexv5\libv5rt.a(vex_thread.cpp.obj)
                0x03808d30                vex::mutex::lock()
 .text._ZN3vex5mutex6unlockEv
                0x03808d38        0x4 C:\Program Files (x86)\VEX Robotics\VEXcode Pro V5\sdk/vexv5\libv5rt.a(vex_thread.cpp.obj)
                0x03808d38                vex::mutex::unlock()
 .text._ZN3vex5event4initEmmPFvvE
                0x03808d3c        0x4 C:\Program Files (x86)\VEX Robotics\VEXcode Pro V5\sdk/vexv5\libv5rt.a(vex_event.cpp.obj)
                0x03808d3c                vex::event::init(unsigned long, unsigned long, void (*)())
 .text._ZN3vex5event4initEmmPFvPvES1_
                0x03808d40        0x4 C:\Program Files (x86)\VEX Robotics\VEXcode Pro V5\sdk/vexv5\libv5rt.a(vex_event.cpp.obj)
                0x03808d40                vex::event::init(unsigned long, unsigned long, void (*)(void*), void*)
 .text._ZN3vex5event9userindexEv
                0x03808d44        0x4 C:\Program Files (x86)\VEX Robotics\VEXcode Pro V5\sdk/vexv5\libv5rt.a(vex_event.cpp.obj)
                0x03808d44                vex::event::userindex()
 .text._ZZN3vex6meventC4EmmENUlvE_4_FUNEv
                0x03808d48        0x4 C:\Program Files (x86)\VEX Robotics\VEXcode Pro V5\sdk/vexv5\libv5rt.a(vex_mevent.cpp.obj)
 .text._ZN3vex6meventC2Emm
                0x03808d4c       0x70 C:\Program Files (x86)\VEX Robotics\VEXcode Pro V5\sdk/vexv5\libv5rt.a(vex_mevent.cpp.obj)
                0x03808d4c                vex::mevent::mevent(unsigned long, unsigned long)
                0x03808d4c                vex::mevent::mevent(unsigned long, unsigned long)
 .text._ZN3vex5brain9_getIndexEv
                0x03808dbc       0x10 C:\Program Files (x86)\VEX Robotics\VEXcode Pro V5\sdk/vexv5\libv5rt.a(vex_brain.cpp.obj)
                0x03808dbc                vex::brain::_getIndex()
 .text._ZN3vex5brain5timerENS_9timeUnitsE
                0x03808dcc        0x4 C:\Program Files (x86)\VEX Robotics\VEXcode Pro V5\sdk/vexv5\libv5rt.a(vex_brain.cpp.obj)
                0x03808dcc                vex::brain::timer(vex::timeUnits)
 .text._ZN3vex5brain3lcd9setCursorEll
                0x03808dd0       0x44 C:\Program Files (x86)\VEX Robotics\VEXcode Pro V5\sdk/vexv5\libv5rt.a(vex_brain.cpp.obj)
                0x03808dd0                vex::brain::lcd::setCursor(long, long)
 .text._ZN3vex5brain3lcd7setFontENS_8fontTypeE
                0x03808e14      0x23c C:\Program Files (x86)\VEX Robotics\VEXcode Pro V5\sdk/vexv5\libv5rt.a(vex_brain.cpp.obj)
                0x03808e14                vex::brain::lcd::setFont(vex::fontType)
 .text._ZN3vex5brain3lcdC2Ev
                0x03809050       0x94 C:\Program Files (x86)\VEX Robotics\VEXcode Pro V5\sdk/vexv5\libv5rt.a(vex_brain.cpp.obj)
                0x03809050                vex::brain::lcd::lcd()
                0x03809050                vex::brain::lcd::lcd()
 .text._ZN3vex5brainC2Ev