Archive member included because of file (symbol)

C:\Program Files (x86)\VEX Robotics\VEXcode Pro V5\sdk/vexv5\libv5rt.a(v5_startup.c.obj)
                              (vexStartup)
C:\Program Files (x86)\VEX Robotics\VEXcode Pro V5\sdk/vexv5\libv5rt.a(v5_util.c.obj)
                              C:\Program Files (x86)\VEX Robotics\VEXcode Pro V5\sdk/vexv5\libv5rt.a(v5_startup.c.obj) (vexStdlibVersionLinked)
C:\Program Files (x86)\VEX Robotics\VEXcode Pro V5\sdk/vexv5\libv5rt.a(v5_apijump.c.obj)
                              C:\Program Files (x86)\VEX Robotics\VEXcode Pro V5\sdk/vexv5\libv5rt.a(v5_startup.c.obj) (vexPrivateApiEnable)
C:\Program Files (x86)\VEX Robotics\VEXcode Pro V5\sdk/vexv5\libv5rt.a(v5_apiversions.c.obj)
                              C:\Program Files (x86)\VEX Robotics\VEXcode Pro V5\sdk/vexv5\libv5rt.a(v5_apijump.c.obj) (vexSystemVersion)
C:\Program Files (x86)\VEX Robotics\VEXcode Pro V5\sdk/vexv5\libv5rt.a(vex_global.cpp.obj)
                              build/src/main.o (vex::wait(double, vex::timeUnits))
C:\Program Files (x86)\VEX Robotics\VEXcode Pro V5\sdk/vexv5\libv5rt.a(vex_motor.cpp.obj)
                              build/src/robot-config.o (vex::motor::~motor())
C:\Program Files (x86)\VEX Robotics\VEXcode Pro V5\sdk/vexv5\libv5rt.a(vex_vision.cpp.obj)
                              build/src/turret.o (vex::vision::~vision())
C:\Program Files (x86)\VEX Robotics\VEXcode Pro V5\sdk/vexv5\libv5rt.a(vex_imu.cpp.obj)
                              build/src/robot-config.o (vex::inertial::~inertial())
C:\Program Files (x86)\VEX Robotics\VEXcode Pro V5\sdk/vexv5\libv5rt.a(vex_rotation.cpp.obj)
                              build/src/robot-config.o (vex::rotation::~rotation())
C:\Program Files (x86)\VEX Robotics\VEXcode Pro V5\sdk/vexv5\libv5rt.a(vex_optical.cpp.obj)
                              build/src/robot-config.o (vex::optical::~optical())
C:\Program Files (x86)\VEX Robotics\VEXcode Pro V5\sdk/vexv5\libv5rt.a(vex_controller.cpp.obj)
                              build/src/robot-config.o (vex::controller::~controller())
C:\Program Files (x86)\VEX Robotics\VEXcode Pro V5\sdk/vexv5\libv5rt.a(vex_task.cpp.obj)
                              build/src/sylib/system.o (vex::task::task(int (*)()))
C:\Program Files (x86)\VEX Robotics\VEXcode Pro V5\sdk/vexv5\libv5rt.a(vex_thread.cpp.obj)
                              build/src/main.o (vex::thread::thread(int (*)()))
C:\Program Files (x86)\VEX Robotics\VEXcode Pro V5\sdk/vexv5\libv5rt.a(vex_event.cpp.obj)
                              C:\Program Files (x86)\VEX Robotics\VEXcode Pro V5\sdk/vexv5\libv5rt.a(vex_imu.cpp.obj) (vex::event::init(unsigned long, unsigned long, void (*)()))
C:\Program Files (x86)\VEX Robotics\VEXcode Pro V5\sdk/vexv5\libv5rt.a(vex_mevent.cpp.obj)
                              C:\Program Files (x86)\VEX Robotics\VEXcode Pro V5\sdk/vexv5\libv5rt.a(vex_controller.cpp.obj) (vex::mevent::mevent(unsigned long, unsigned long))
C:\Program Files (x86)\VEX Robotics\VEXcode Pro V5\sdk/vexv5\libv5rt.a(vex_brain.cpp.obj)
                              build/src/main.o (vex::brain::timer(vex::timeUnits))
C:\Program Files (x86)\VEX Robotics\VEXcode Pro V5\sdk/vexv5\libv5rt.a(vex_competition.cpp.obj)
                              build/src/main.o (vex::competition::competition())
C:\Program Files (x86)\VEX Robotics\VEXcode Pro V5\sdk/vexv5\libv5rt.a(vex_triport.cpp.obj)
                              C:\Program Files (x86)\VEX Robotics\VEXcode Pro V5\sdk/vexv5\libv5rt.a(vex_brain.cpp.obj) (vex::triport::~triport())
C:\Program Files (x86)\VEX Robotics\VEXcode Pro V5\sdk/vexv5\libv5rt.a(vex_color.cpp.obj)
                              build/src/main.o (vex::color::~color())
C:\Program Files (x86)\VEX Robotics\VEXcode Pro V5\sdk/vexv5\libv5rt.a(vex_timer.cpp.obj)
                              C:\Program Files (x86)\VEX Robotics\VEXcode Pro V5\sdk/vexv5\libv5rt.a(vex_brain.cpp.obj) (vex::timer::~timer())
C:\Program Files (x86)\VEX Robotics\VEXcode Pro V5\sdk/vexv5\libv5rt.a(v5_apiuser.c.obj)
                              C:\Program Files (x86)\VEX Robotics\VEXcode Pro V5\sdk/vexv5\libv5rt.a(vex_triport.cpp.obj) (vexAdiPortConfigSet)
C:\Program Files (x86)\VEX Robotics\VEXcode Pro V5\sdk/vexv5\libv5rt.a(vex_device.cpp.obj)
                              C:\Program Files (x86)\VEX Robotics\VEXcode Pro V5\sdk/vexv5\libv5rt.a(vex_motor.cpp.obj) (vex::device::~device())
C:\Program Files (x86)\VEX Robotics\VEXcode Pro V5\sdk/vexv5/gcc/libs\libc.a(lib_a-aeabi_memclr.o)
                              build/src/sylib/addrled.o (__aeabi_memclr4)
C:\Program Files (x86)\VEX Robotics\VEXcode Pro V5\sdk/vexv5/gcc/libs\libc.a(lib_a-aeabi_memcpy.o)
                              build/src/sylib/motor.o (__aeabi_memcpy8)
C:\Program Files (x86)\VEX Robotics\VEXcode Pro V5\sdk/vexv5/gcc/libs\libc.a(lib_a-aeabi_memmove-soft.o)
                              build/src/sylib/math.o (__aeabi_memmove4)
[...]
Memory Configuration

Name             Origin             Length             Attributes
ps7_ddr_0_S_AXI_BASEADDR 0x03800000         0x04800000
*default*        0x00000000         0xffffffff

Linker script and memory map

                0x00002000                _STACK_SIZE = DEFINED (_STACK_SIZE)?_STACK_SIZE:0x2000
                0x00100000                _HEAP_SIZE = DEFINED (_HEAP_SIZE)?_HEAP_SIZE:0x100000
                0x00000400                _ABORT_STACK_SIZE = DEFINED (_ABORT_STACK_SIZE)?_ABORT_STACK_SIZE:0x400
                0x00000800                _SUPERVISOR_STACK_SIZE = DEFINED (_SUPERVISOR_STACK_SIZE)?_SUPERVISOR_STACK_SIZE:0x800
                0x00000400                _IRQ_STACK_SIZE = DEFINED (_IRQ_STACK_SIZE)?_IRQ_STACK_SIZE:0x400
                0x00000400                _FIQ_STACK_SIZE = DEFINED (_FIQ_STACK_SIZE)?_FIQ_STACK_SIZE:0x400
                0x00000400                _UNDEF_STACK_SIZE = DEFINED (_UNDEF_STACK_SIZE)?_UNDEF_STACK_SIZE:0x400

.text           0x03800000     0x6988
 *(.vectors)
 *(.boot_data)
 .boot_data     0x03800000       0x20 C:\Program Files (x86)\VEX Robotics\VEXcode Pro V5\sdk/vexv5\libv5rt.a(v5_startup.c.obj)
                0x03800000                vexCodeSig
                0x00000020                . = 0x20
 *(.boot)
 .boot          0x03800020       0xbc C:\Program Files (x86)\VEX Robotics\VEXcode Pro V5\sdk/vexv5\libv5rt.a(v5_startup.c.obj)
                0x03800020                vexStartup
                0x03800100                . = ALIGN (0x40)
 *fill*         0x038000dc       0x24 
 *(.freertos_vectors)
 *(.text)
 .text          0x03800100       0x9a C:\Program Files (x86)\VEX Robotics\VEXcode Pro V5\sdk/vexv5/gcc/libs\libc.a(lib_a-aeabi_memset-soft.o)
                0x03800100                __aeabi_memset8
                0x03800100                __aeabi_memset
                0x03800100                __aeabi_memset4
 *(.text.*)
 *fill*         0x0380019a        0x6 
 .text._Z15ControllerPrintv
                0x038001a0      0x1f0 build/src/main.o
                0x038001a0                ControllerPrint()
 .text._Z9pre_autonv
                0x03800390      0x214 build/src/main.o
                0x03800390                pre_auton()
 *fill*         0x038005a4        0x4 
 .text._Z10autonomousv
                0x038005a8      0x2e8 build/src/main.o
                0x038005a8                autonomous()
 .text._Z12toggleIntakev
                0x03800890       0x18 build/src/main.o
                0x03800890                toggleIntake()
 .text._Z11driveSwitchv
                0x038008a8       0x18 build/src/main.o
                0x038008a8                driveSwitch()
 .text._Z11usercontrolv
                0x038008c0      0x5c8 build/src/main.o
                0x038008c0                usercontrol()
 .text.main     0x03800e88       0xd8 build/src/main.o
                0x03800e88                main
 .text._GLOBAL__sub_I_main.cpp
                0x03800f60       0x5c build/src/main.o
 .text._Z5driveiid
                0x03800fbc      0x100 build/src/drive.o
                0x03800fbc                drive(int, int, double)
 .text._Z11drive_brakev
                0x038010bc       0x58 build/src/drive.o
                0x038010bc                drive_brake()
 *fill*         0x03801114        0x4 
 .text._Z6rotatedd
                0x03801118      0x1d8 build/src/drive.o
                0x03801118                rotate(double, double)
 .text._Z9inchDriveff
                0x038012f0      0x118 build/src/drive.o
                0x038012f0                inchDrive(float, float)
 .text._Z11vexcodeInitv
                0x03801408        0x4 build/src/robot-config.o
                0x03801408                vexcodeInit()
 .text._GLOBAL__sub_I_robot_config.cpp
                0x0380140c      0x3e0 build/src/robot-config.o
 *fill*         0x038017ec        0x4 
 .text._Z12spinFlywheeld
                0x038017f0       0x78 build/src/flywheel.o
                0x038017f0                spinFlywheel(double)
 .text._Z20controlFlywheelSpeedv
                0x03801868       0x58 build/src/flywheel.o
                0x03801868                controlFlywheelSpeed()
 .text._ZN3vex6visionC2IJNS0_9signatureES2_S2_S2_S2_S2_S2_EEElhDpRT_
                0x038018c0       0x64 build/src/turret.o
                0x038018c0                vex::vision::vision<vex::vision::signature, vex::vision::signature, vex::vision::signature, vex::vision::signature, vex::vision::signature, vex::vision::signature, vex::vision::signature>(long, unsigned char, vex::vision::signature&, vex::vision::signature&, vex::vision::signature&, vex::vision::signature&, vex::vision::signature&, vex::vision::signature&, vex::vision::signature&)
 *fill*         0x03801924        0x4 
 .text._Z12turretStablev
                0x03801928      0x3a8 build/src/turret.o
                0x03801928                turretStable()
 .text._Z12turretSpinTodb
                0x03801cd0      0x1c0 build/src/turret.o
                0x03801cd0                turretSpinTo(double, bool)
 .text._Z12toggleTurretv
                0x03801e90       0x34 build/src/turret.o
                0x03801e90                toggleTurret()
 .text._ZN3vex6vision7_setsigINS0_9signatureEJS2_S2_S2_S2_EEEvRT_DpRT0_
                0x03801ec4       0x4c build/src/turret.o
                0x03801ec4                void vex::vision::_setsig<vex::vision::signature, vex::vision::signature, vex::vision::signature, vex::vision::signature, vex::vision::signature>(vex::vision::signature&, vex::vision::signature&, vex::vision::signature&, vex::vision::signature&, vex::vision::signature&)
 .text._GLOBAL__sub_I_turret.cpp
                0x03801f10      0x2ac build/src/turret.o
 *fill*         0x038021bc        0x4 
 .text._Z9odometeryv
                0x038021c0      0x220 build/src/odometry.o
                0x038021c0                odometery()
 .text._Z12pistonTogglev
                0x038023e0       0x60 build/src/discFiring.o
                0x038023e0                pistonToggle()
 .text._Z17pistonToggleReadyv
                0x03802440      0x1f0 build/src/discFiring.o
                0x03802440                pistonToggleReady()
 .text._GLOBAL__sub_I_math.cpp
                0x03802630       0x34 build/src/sylib/math.o
 .text.__cxx_global_array_dtor
                0x03802664       0x2c build/src/sylib/system.o
 .text.__cxx_global_array_dtor.3
                0x03802690       0x2c build/src/sylib/system.o
 .text._ZNSt6vectorIPN5sylib6DeviceESaIS2_EED2Ev
                0x038026bc       0x24 build/src/sylib/system.o
                0x038026bc                std::vector<sylib::Device*, std::allocator<sylib::Device*> >::~vector()
 .text._ZN5sylib11SylibDaemon16startSylibDaemonEv
                0x038026e0       0x50 build/src/sylib/system.o
                0x038026e0                sylib::SylibDaemon::startSylibDaemon()
 .text._ZN5sylib11SylibDaemon19managerTaskFunctionEv
                0x03802730      0x298 build/src/sylib/system.o
                0x03802730                sylib::SylibDaemon::managerTaskFunction()
 .text._ZNSt10unique_ptrIN5sylib4TaskESt14default_deleteIS1_EED2Ev
                0x038029c8       0x30 build/src/sylib/system.o
                0x038029c8                std::unique_ptr<sylib::Task, std::default_delete<sylib::Task> >::~unique_ptr()
 .text._ZN5sylib11SylibDaemonD2Ev
                0x038029f8        0x4 build/src/sylib/system.o
                0x038029f8                sylib::SylibDaemon::~SylibDaemon()
                0x038029f8                sylib::SylibDaemon::~SylibDaemon()
 .text._ZN5sylib11SylibDaemon11getInstanceEv
                0x038029fc       0x70 build/src/sylib/system.o
                0x038029fc                sylib::SylibDaemon::getInstance()
 .text._ZN5sylib10initializeEv
                0x03802a6c       0x1c build/src/sylib/system.o
                0x03802a6c                sylib::initialize()
 .text._ZNSt10unique_ptrIN5sylib4TaskESt14default_deleteIS1_EE5resetEPS1_
                0x03802a88       0x28 build/src/sylib/system.o
                0x03802a88                std::unique_ptr<sylib::Task, std::default_delete<sylib::Task> >::reset(sylib::Task*)
 .text._GLOBAL__sub_I_system.cpp
                0x03802ab0       0xd4 build/src/sylib/system.o
 .text._GLOBAL__sub_I_sylib.cpp
                0x03802b84       0x34 build/src/sylib/sylib.o
 .text._GLOBAL__sub_I_motor.cpp
                0x03802bb8       0x34 build/src/sylib/motor.o
 .text._ZNSt6vectorImSaImEED2Ev
                0x03802bec       0x24 build/src/sylib/addrled.o
                0x03802bec                std::vector<unsigned long, std::allocator<unsigned long> >::~vector()
 .text._GLOBAL__sub_I_addrled.cpp
                0x03802c10       0x84 build/src/sylib/addrled.o
 .text.vexMain  0x03802c94       0xb0 C:\Program Files (x86)\VEX Robotics\VEXcode Pro V5\sdk/vexv5\libv5rt.a(v5_startup.c.obj)
                0x03802c94                vexMain
 .text.__vex_function_prolog
                0x03802d44       0x18 C:\Program Files (x86)\VEX Robotics\VEXcode Pro V5\sdk/vexv5\libv5rt.a(v5_startup.c.obj)
                0x03802d44                __vex_function_prolog
 .text._init    0x03802d5c        0x4 C:\Program Files (x86)\VEX Robotics\VEXcode Pro V5\sdk/vexv5\libv5rt.a(v5_startup.c.obj)
                0x03802d5c                _init
 .text._fini    0x03802d60        0x4 C:\Program Files (x86)\VEX Robotics\VEXcode Pro V5\sdk/vexv5\libv5rt.a(v5_startup.c.obj)
                0x03802d60                _fini
 .text.vexStdlibVersionLinked
                0x03802d64        0xc C:\Program Files (x86)\VEX Robotics\VEXcode Pro V5\sdk/vexv5\libv5rt.a(v5_util.c.obj)
                0x03802d64                vexStdlibVersionLinked
 .text.vexStdlibVersionVerify
                0x03802d70       0x30 C:\Program Files (x86)\VEX Robotics\VEXcode Pro V5\sdk/vexv5\libv5rt.a(v5_util.c.obj)
                0x03802d70                vexStdlibVersionVerify
 .text.vexPrivateApiEnable
                0x03802da0       0x10 C:\Program Files (x86)\VEX Robotics\VEXcode Pro V5\sdk/vexv5\libv5rt.a(v5_apijump.c.obj)
                0x03802da0                vexPrivateApiEnable
 .text.vexStdlibMismatchError
                0x03802db0       0x3c C:\Program Files (x86)\VEX Robotics\VEXcode Pro V5\sdk/vexv5\libv5rt.a(v5_apijump.c.obj)
                0x03802db0                vexStdlibMismatchError
 .text.vexTaskAdd
                0x03802dec       0x10 C:\Program Files (x86)\VEX Robotics\VEXcode Pro V5\sdk/vexv5\libv5rt.a(v5_apijump.c.obj)
                0x03802dec                vexTaskAdd
 .text.vexTasksRun
                0x03802dfc       0x10 C:\Program Files (x86)\VEX Robotics\VEXcode Pro V5\sdk/vexv5\libv5rt.a(v5_apijump.c.obj)
                0x03802dfc                vexTasksRun
 .text.vexTaskYield
                0x03802e0c       0x10 C:\Program Files (x86)\VEX Robotics\VEXcode Pro V5\sdk/vexv5\libv5rt.a(v5_apijump.c.obj)
                0x03802e0c                vexTaskYield
 .text.vexTaskCheckTimeslice
                0x03802e1c       0x10 C:\Program Files (x86)\VEX Robotics\VEXcode Pro V5\sdk/vexv5\libv5rt.a(v5_apijump.c.obj)
                0x03802e1c                vexTaskCheckTimeslice
 .text.vexTaskSleep
                0x03802e2c       0x10 C:\Program Files (x86)\VEX Robotics\VEXcode Pro V5\sdk/vexv5\libv5rt.a(v5_apijump.c.obj)
                0x03802e2c                vexTaskSleep
 .text.vexSemaphoreInit
                0x03802e3c       0x24 C:\Program Files (x86)\VEX Robotics\VEXcode Pro V5\sdk/vexv5\libv5rt.a(v5_apijump.c.obj)
                0x03802e3c                vexSemaphoreInit
 .text.vexSemaphoreLock
                0x03802e60       0x2c C:\Program Files (x86)\VEX Robotics\VEXcode Pro V5\sdk/vexv5\libv5rt.a(v5_apijump.c.obj)
                0x03802e60                vexSemaphoreLock
 .text.vexSemaphoreUnlock
                0x03802e8c       0x24 C:\Program Files (x86)\VEX Robotics\VEXcode Pro V5\sdk/vexv5\libv5rt.a(v5_apijump.c.obj)
                0x03802e8c                vexSemaphoreUnlock
 .text.vexTasksDump
                0x03802eb0       0x1c C:\Program Files (x86)\VEX Robotics\VEXcode Pro V5\sdk/vexv5\libv5rt.a(v5_apijump.c.obj)
                0x03802eb0                vexTasksDump
 .text.vexTaskGetTaskIndex
                0x03802ecc       0x10 C:\Program Files (x86)\VEX Robotics\VEXcode Pro V5\sdk/vexv5\libv5rt.a(v5_apijump.c.obj)
                0x03802ecc                vexTaskGetTaskIndex
 .text.vexTaskStopAll
                0x03802edc       0x10 C:\Program Files (x86)\VEX Robotics\VEXcode Pro V5\sdk/vexv5\libv5rt.a(v5_apijump.c.obj)
                0x03802edc                vexTaskStopAll
 .text.vexTaskRemoveAllUser
                0x03802eec       0x34 C:\Program Files (x86)\VEX Robotics\VEXcode Pro V5\sdk/vexv5\libv5rt.a(v5_apijump.c.obj)
                0x03802eec                vexTaskRemoveAllUser
 .text.vexTaskCompletionIdSet
                0x03802f20       0x10 C:\Program Files (x86)\VEX Robotics\VEXcode Pro V5\sdk/vexv5\libv5rt.a(v5_apijump.c.obj)
                0x03802f20                vexTaskCompletionIdSet
 .text.vexTaskStopWithId
                0x03802f30       0x10 C:\Program Files (x86)\VEX Robotics\VEXcode Pro V5\sdk/vexv5\libv5rt.a(v5_apijump.c.obj)
                0x03802f30                vexTaskStopWithId
 .text.vexCriticalSection
                0x03802f40       0x2c C:\Program Files (x86)\VEX Robotics\VEXcode Pro V5\sdk/vexv5\libv5rt.a(v5_apijump.c.obj)
                0x03802f40                vexCriticalSection
 .text.vexEventAdd
                0x03802f6c       0x34 C:\Program Files (x86)\VEX Robotics\VEXcode Pro V5\sdk/vexv5\libv5rt.a(v5_apijump.c.obj)
                0x03802f6c                vexEventAdd
 .text.vexEventUserIndexGet
                0x03802fa0       0x1c C:\Program Files (x86)\VEX Robotics\VEXcode Pro V5\sdk/vexv5\libv5rt.a(v5_apijump.c.obj)
                0x03802fa0                vexEventUserIndexGet
 .text.vexEventAddWithArg
                0x03802fbc       0x3c C:\Program Files (x86)\VEX Robotics\VEXcode Pro V5\sdk/vexv5\libv5rt.a(v5_apijump.c.obj)
                0x03802fbc                vexEventAddWithArg
 .text.vexEventsCleanup
                0x03802ff8       0x2c C:\Program Files (x86)\VEX Robotics\VEXcode Pro V5\sdk/vexv5\libv5rt.a(v5_apijump.c.obj)
                0x03802ff8                vexEventsCleanup
 .text.vexDebug
                0x03803024       0x38 C:\Program Files (x86)\VEX Robotics\VEXcode Pro V5\sdk/vexv5\libv5rt.a(v5_apijump.c.obj)
                0x03803024                vexDebug
 .text.vex_sprintf
                0x0380305c       0x40 C:\Program Files (x86)\VEX Robotics\VEXcode Pro V5\sdk/vexv5\libv5rt.a(v5_apijump.c.obj)
                0x0380305c                vex_sprintf
 .text.vex_vsnprintf
                0x0380309c       0x3c C:\Program Files (x86)\VEX Robotics\VEXcode Pro V5\sdk/vexv5\libv5rt.a(v5_apijump.c.obj)
                0x0380309c                vex_vsnprintf
 .text.vexSystemTimeGet
                0x038030d8       0x1c C:\Program Files (x86)\VEX Robotics\VEXcode Pro V5\sdk/vexv5\libv5rt.a(v5_apijump.c.obj)
                0x038030d8                vexSystemTimeGet
 .text.vexSystemExitRequest
                0x038030f4       0x1c C:\Program Files (x86)\VEX Robotics\VEXcode Pro V5\sdk/vexv5\libv5rt.a(v5_apijump.c.obj)
                0x038030f4                vexSystemExitRequest
 .text.vexSystemHighResTimeGet
                0x03803110       0x38 C:\Program Files (x86)\VEX Robotics\VEXcode Pro V5\sdk/vexv5\libv5rt.a(v5_apijump.c.obj)
                0x03803110                vexSystemHighResTimeGet
 .text.vexDeviceGetByIndex
                0x03803148       0x24 C:\Program Files (x86)\VEX Robotics\VEXcode Pro V5\sdk/vexv5\libv5rt.a(v5_apijump.c.obj)
                0x03803148                vexDeviceGetByIndex
 .text.vexControllerGet
                0x0380316c       0x2c C:\Program Files (x86)\VEX Robotics\VEXcode Pro V5\sdk/vexv5\libv5rt.a(v5_apijump.c.obj)
                0x0380316c                vexControllerGet
 .text.vexControllerTextSet
                0x03803198       0x74 C:\Program Files (x86)\VEX Robotics\VEXcode Pro V5\sdk/vexv5\libv5rt.a(v5_apijump.c.obj)
                0x03803198                vexControllerTextSet
 .text.vexDeviceAdiPortConfigSet
                0x0380320c       0x34 C:\Program Files (x86)\VEX Robotics\VEXcode Pro V5\sdk/vexv5\libv5rt.a(v5_apijump.c.obj)
                0x0380320c                vexDeviceAdiPortConfigSet
 .text.vexDeviceAdiPortConfigGet
                0x03803240       0x2c C:\Program Files (x86)\VEX Robotics\VEXcode Pro V5\sdk/vexv5\libv5rt.a(v5_apijump.c.obj)
                0x03803240                vexDeviceAdiPortConfigGet
 .text.vexDeviceAdiValueSet
                0x0380326c       0x34 C:\Program Files (x86)\VEX Robotics\VEXcode Pro V5\sdk/vexv5\libv5rt.a(v5_apijump.c.obj)
                0x0380326c                vexDeviceAdiValueSet
 .text.vexDeviceMotorVelocitySet
                0x038032a0       0x2c C:\Program Files (x86)\VEX Robotics\VEXcode Pro V5\sdk/vexv5\libv5rt.a(v5_apijump.c.obj)
                0x038032a0                vexDeviceMotorVelocitySet
 .text.vexDeviceMotorVoltageSet
                0x038032cc       0x2c C:\Program Files (x86)\VEX Robotics\VEXcode Pro V5\sdk/vexv5\libv5rt.a(v5_apijump.c.obj)
                0x038032cc                vexDeviceMotorVoltageSet
 .text.vexDeviceMotorActualVelocityGet
                0x038032f8       0x24 C:\Program Files (x86)\VEX Robotics\VEXcode Pro V5\sdk/vexv5\libv5rt.a(v5_apijump.c.obj)
                0x038032f8                vexDeviceMotorActualVelocityGet
 .text.vexDeviceMotorReverseFlagSet
                0x0380331c       0x2c C:\Program Files (x86)\VEX Robotics\VEXcode Pro V5\sdk/vexv5\libv5rt.a(v5_apijump.c.obj)
                0x0380331c                vexDeviceMotorReverseFlagSet
 .text.vexDeviceMotorEncoderUnitsSet
                0x03803348       0x2c C:\Program Files (x86)\VEX Robotics\VEXcode Pro V5\sdk/vexv5\libv5rt.a(v5_apijump.c.obj)
                0x03803348                vexDeviceMotorEncoderUnitsSet
 .text.vexDeviceMotorBrakeModeSet
                0x03803374       0x2c C:\Program Files (x86)\VEX Robotics\VEXcode Pro V5\sdk/vexv5\libv5rt.a(v5_apijump.c.obj)
                0x03803374                vexDeviceMotorBrakeModeSet
 .text.vexDeviceMotorPositionSet
                0x038033a0       0x34 C:\Program Files (x86)\VEX Robotics\VEXcode Pro V5\sdk/vexv5\libv5rt.a(v5_apijump.c.obj)
                0x038033a0                vexDeviceMotorPositionSet
 .text.vexDeviceMotorPositionGet
                0x038033d4       0x24 C:\Program Files (x86)\VEX Robotics\VEXcode Pro V5\sdk/vexv5\libv5rt.a(v5_apijump.c.obj)
                0x038033d4                vexDeviceMotorPositionGet
 .text.vexDeviceMotorGearingSet
                0x038033f8       0x2c C:\Program Files (x86)\VEX Robotics\VEXcode Pro V5\sdk/vexv5\libv5rt.a(v5_apijump.c.obj)
                0x038033f8                vexDeviceMotorGearingSet
 .text.vexDeviceMotorGearingGet
                0x03803424       0x24 C:\Program Files (x86)\VEX Robotics\VEXcode Pro V5\sdk/vexv5\libv5rt.a(v5_apijump.c.obj)
                0x03803424                vexDeviceMotorGearingGet
 .text.vexDeviceVisionModeSet
                0x03803448       0x2c C:\Program Files (x86)\VEX Robotics\VEXcode Pro V5\sdk/vexv5\libv5rt.a(v5_apijump.c.obj)
                0x03803448                vexDeviceVisionModeSet
 .text.vexDeviceVisionObjectCountGet
                0x03803474       0x24 C:\Program Files (x86)\VEX Robotics\VEXcode Pro V5\sdk/vexv5\libv5rt.a(v5_apijump.c.obj)
                0x03803474                vexDeviceVisionObjectCountGet
 .text.vexDeviceVisionObjectGet
                0x03803498       0x34 C:\Program Files (x86)\VEX Robotics\VEXcode Pro V5\sdk/vexv5\libv5rt.a(v5_apijump.c.obj)
                0x03803498                vexDeviceVisionObjectGet
 .text.vexDeviceVisionSignatureSet
                0x038034cc       0x2c C:\Program Files (x86)\VEX Robotics\VEXcode Pro V5\sdk/vexv5\libv5rt.a(v5_apijump.c.obj)
                0x038034cc                vexDeviceVisionSignatureSet
 .text.vexDeviceVisionBrightnessSet
                0x038034f8       0x2c C:\Program Files (x86)\VEX Robotics\VEXcode Pro V5\sdk/vexv5\libv5rt.a(v5_apijump.c.obj)
                0x038034f8                vexDeviceVisionBrightnessSet
 .text.vexDeviceVisionLedModeSet
                0x03803524       0x2c C:\Program Files (x86)\VEX Robotics\VEXcode Pro V5\sdk/vexv5\libv5rt.a(v5_apijump.c.obj)
                0x03803524                vexDeviceVisionLedModeSet
 .text.vexDeviceVisionLedColorSet
                0x03803550       0x30 C:\Program Files (x86)\VEX Robotics\VEXcode Pro V5\sdk/vexv5\libv5rt.a(v5_apijump.c.obj)
                0x03803550                vexDeviceVisionLedColorSet
 .text.vexDeviceImuReset
                0x03803580       0x24 C:\Program Files (x86)\VEX Robotics\VEXcode Pro V5\sdk/vexv5\libv5rt.a(v5_apijump.c.obj)
                0x03803580                vexDeviceImuReset
 .text.vexDeviceImuHeadingGet
                0x038035a4       0x24 C:\Program Files (x86)\VEX Robotics\VEXcode Pro V5\sdk/vexv5\libv5rt.a(v5_apijump.c.obj)
                0x038035a4                vexDeviceImuHeadingGet
 .text.vexDeviceImuDegreesGet
                0x038035c8       0x24 C:\Program Files (x86)\VEX Robotics\VEXcode Pro V5\sdk/vexv5\libv5rt.a(v5_apijump.c.obj)
                0x038035c8                vexDeviceImuDegreesGet
 .text.vexDeviceImuAttitudeGet
                0x038035ec       0x2c C:\Program Files (x86)\VEX Robotics\VEXcode Pro V5\sdk/vexv5\libv5rt.a(v5_apijump.c.obj)
                0x038035ec                vexDeviceImuAttitudeGet
 .text.vexDeviceImuStatusGet
                0x03803618       0x24 C:\Program Files (x86)\VEX Robotics\VEXcode Pro V5\sdk/vexv5\libv5rt.a(v5_apijump.c.obj)
                0x03803618                vexDeviceImuStatusGet
 .text.vexDeviceAbsEncPositionSet
                0x0380363c       0x2c C:\Program Files (x86)\VEX Robotics\VEXcode Pro V5\sdk/vexv5\libv5rt.a(v5_apijump.c.obj)
                0x0380363c                vexDeviceAbsEncPositionSet
 .text.vexDeviceAbsEncPositionGet
                0x03803668       0x24 C:\Program Files (x86)\VEX Robotics\VEXcode Pro V5\sdk/vexv5\libv5rt.a(v5_apijump.c.obj)
                0x03803668                vexDeviceAbsEncPositionGet
 .text.vexDeviceAbsEncAngleGet
                0x0380368c       0x24 C:\Program Files (x86)\VEX Robotics\VEXcode Pro V5\sdk/vexv5\libv5rt.a(v5_apijump.c.obj)
                0x0380368c                vexDeviceAbsEncAngleGet
 .text.vexDeviceAbsEncReverseFlagSet
                0x038036b0       0x2c C:\Program Files (x86)\VEX Robotics\VEXcode Pro V5\sdk/vexv5\libv5rt.a(v5_apijump.c.obj)
                0x038036b0                vexDeviceAbsEncReverseFlagSet
 .text.vexDeviceOpticalHueGet
                0x038036dc       0x24 C:\Program Files (x86)\VEX Robotics\VEXcode Pro V5\sdk/vexv5\libv5rt.a(v5_apijump.c.obj)
                0x038036dc                vexDeviceOpticalHueGet
 .text.vexDeviceOpticalProximityGet
                0x03803700       0x24 C:\Program Files (x86)\VEX Robotics\VEXcode Pro V5\sdk/vexv5\libv5rt.a(v5_apijump.c.obj)
                0x03803700                vexDeviceOpticalProximityGet
 .text.vexDeviceOpticalLedPwmSet
                0x03803724       0x2c C:\Program Files (x86)\VEX Robotics\VEXcode Pro V5\sdk/vexv5\libv5rt.a(v5_apijump.c.obj)
                0x03803724                vexDeviceOpticalLedPwmSet
 .text.vexDeviceOpticalGestureEnable
                0x03803750       0x24 C:\Program Files (x86)\VEX Robotics\VEXcode Pro V5\sdk/vexv5\libv5rt.a(v5_apijump.c.obj)
                0x03803750                vexDeviceOpticalGestureEnable
 .text.vexDeviceOpticalGestureDisable
                0x03803774       0x24 C:\Program Files (x86)\VEX Robotics\VEXcode Pro V5\sdk/vexv5\libv5rt.a(v5_apijump.c.obj)
                0x03803774                vexDeviceOpticalGestureDisable
 .text.vexDeviceOpticalProximityThreshold
                0x03803798       0x2c C:\Program Files (x86)\VEX Robotics\VEXcode Pro V5\sdk/vexv5\libv5rt.a(v5_apijump.c.obj)
                0x03803798                vexDeviceOpticalProximityThreshold
 .text.vexDisplayForegroundColor
                0x038037c4       0x24 C:\Program Files (x86)\VEX Robotics\VEXcode Pro V5\sdk/vexv5\libv5rt.a(v5_apijump.c.obj)
                0x038037c4                vexDisplayForegroundColor
 .text.vexDisplayBackgroundColor
                0x038037e8       0x24 C:\Program Files (x86)\VEX Robotics\VEXcode Pro V5\sdk/vexv5\libv5rt.a(v5_apijump.c.obj)
                0x038037e8                vexDisplayBackgroundColor
 .text.vexDisplayBackgroundColorGet
                0x0380380c       0x1c C:\Program Files (x86)\VEX Robotics\VEXcode Pro V5\sdk/vexv5\libv5rt.a(v5_apijump.c.obj)
                0x0380380c                vexDisplayBackgroundColorGet
 .text.vexDisplayRectDraw
                0x03803828       0x4c C:\Program Files (x86)\VEX Robotics\VEXcode Pro V5\sdk/vexv5\libv5rt.a(v5_apijump.c.obj)
                0x03803828                vexDisplayRectDraw
 .text.vexDisplayRectClear
                0x03803874       0x4c C:\Program Files (x86)\VEX Robotics\VEXcode Pro V5\sdk/vexv5\libv5rt.a(v5_apijump.c.obj)
                0x03803874                vexDisplayRectClear
 .text.vexDisplayVPrintf
                0x038038c0       0x50 C:\Program Files (x86)\VEX Robotics\VEXcode Pro V5\sdk/vexv5\libv5rt.a(v5_apijump.c.obj)
                0x038038c0                vexDisplayVPrintf
 .text.vexDisplayTextReference
                0x03803910       0x24 C:\Program Files (x86)\VEX Robotics\VEXcode Pro V5\sdk/vexv5\libv5rt.a(v5_apijump.c.obj)
                0x03803910                vexDisplayTextReference
 .text.vexDisplayTextSize
                0x03803934       0x2c C:\Program Files (x86)\VEX Robotics\VEXcode Pro V5\sdk/vexv5\libv5rt.a(v5_apijump.c.obj)
                0x03803934                vexDisplayTextSize
 .text.vexDisplayFontNamedSet
                0x03803960       0x24 C:\Program Files (x86)\VEX Robotics\VEXcode Pro V5\sdk/vexv5\libv5rt.a(v5_apijump.c.obj)
                0x03803960                vexDisplayFontNamedSet
 .text.vexDisplayPenSizeGet
                0x03803984       0x1c C:\Program Files (x86)\VEX Robotics\VEXcode Pro V5\sdk/vexv5\libv5rt.a(v5_apijump.c.obj)
                0x03803984                vexDisplayPenSizeGet
 .text.vexSystemStdlibImpureDataAddr
                0x038039a0       0x28 C:\Program Files (x86)\VEX Robotics\VEXcode Pro V5\sdk/vexv5\libv5rt.a(v5_apijump.c.obj)
                0x038039a0                vexSystemStdlibImpureDataAddr
 .text.vexSystemStdlibImpureDataSize
                0x038039c8       0x28 C:\Program Files (x86)\VEX Robotics\VEXcode Pro V5\sdk/vexv5\libv5rt.a(v5_apijump.c.obj)
                0x038039c8                vexSystemStdlibImpureDataSize
 .text.vexSystemSaveUserData
                0x038039f0       0x3c C:\Program Files (x86)\VEX Robotics\VEXcode Pro V5\sdk/vexv5\libv5rt.a(v5_apijump.c.obj)
                0x038039f0                vexSystemSaveUserData
 .text.vexDisplayThemeIdGet
                0x03803a2c       0x38 C:\Program Files (x86)\VEX Robotics\VEXcode Pro V5\sdk/vexv5\libv5rt.a(v5_apijump.c.obj)
                0x03803a2c                vexDisplayThemeIdGet
 .text.vexDeviceEventMaskSet
                0x03803a64       0x48 C:\Program Files (x86)\VEX Robotics\VEXcode Pro V5\sdk/vexv5\libv5rt.a(v5_apijump.c.obj)
                0x03803a64                vexDeviceEventMaskSet
 .text.vexDeviceEventMaskGet
                0x03803aac       0x3c C:\Program Files (x86)\VEX Robotics\VEXcode Pro V5\sdk/vexv5\libv5rt.a(v5_apijump.c.obj)
                0x03803aac                vexDeviceEventMaskGet
 .text.vexSystemVersion
                0x03803ae8       0x10 C:\Program Files (x86)\VEX Robotics\VEXcode Pro V5\sdk/vexv5\libv5rt.a(v5_apiversions.c.obj)
                0x03803ae8                vexSystemVersion
 .text.vexStdlibVersion
                0x03803af8       0x10 C:\Program Files (x86)\VEX Robotics\VEXcode Pro V5\sdk/vexv5\libv5rt.a(v5_apiversions.c.obj)
                0x03803af8                vexStdlibVersion
 .text._ZN3vex4waitEdNS_9timeUnitsE
                0x03803b08       0x30 C:\Program Files (x86)\VEX Robotics\VEXcode Pro V5\sdk/vexv5\libv5rt.a(vex_global.cpp.obj)
                0x03803b08                vex::wait(double, vex::timeUnits)
 .text._ZN3vex5motorD2Ev
                0x03803b38       0x20 C:\Program Files (x86)\VEX Robotics\VEXcode Pro V5\sdk/vexv5\libv5rt.a(vex_motor.cpp.obj)
                0x03803b38                vex::motor::~motor()
                0x03803b38                vex::motor::~motor()
 .text._ZN3vex5motorD0Ev
                0x03803b58       0x1c C:\Program Files (x86)\VEX Robotics\VEXcode Pro V5\sdk/vexv5\libv5rt.a(vex_motor.cpp.obj)
                0x03803b58                vex::motor::~motor()
 .text._ZN3vex5motor9installedEv
                0x03803b74       0x18 C:\Program Files (x86)\VEX Robotics\VEXcode Pro V5\sdk/vexv5\libv5rt.a(vex_motor.cpp.obj)
                0x03803b74                vex::motor::installed()
 .text._ZN3vex5motor15defaultStoppingENS_9brakeTypeE
                0x03803b8c       0x30 C:\Program Files (x86)\VEX Robotics\VEXcode Pro V5\sdk/vexv5\libv5rt.a(vex_motor.cpp.obj)
                0x03803b8c                vex::motor::defaultStopping(vex::brakeType)
 .text._ZN3vex5motorC2El
                0x03803bbc       0x78 C:\Program Files (x86)\VEX Robotics\VEXcode Pro V5\sdk/vexv5\libv5rt.a(vex_motor.cpp.obj)
                0x03803bbc                vex::motor::motor(long)
                0x03803bbc                vex::motor::motor(long)
 .text._ZN3vex5motorC2ElNS_11gearSettingEb
                0x03803c34       0x34 C:\Program Files (x86)\VEX Robotics\VEXcode Pro V5\sdk/vexv5\libv5rt.a(vex_motor.cpp.obj)
                0x03803c34                vex::motor::motor(long, vex::gearSetting, bool)
                0x03803c34                vex::motor::motor(long, vex::gearSetting, bool)
 .text._ZN3vex5motor4spinENS_13directionTypeEdNS_12voltageUnitsE
                0x03803c68       0x50 C:\Program Files (x86)\VEX Robotics\VEXcode Pro V5\sdk/vexv5\libv5rt.a(vex_motor.cpp.obj)
                0x03803c68                vex::motor::spin(vex::directionType, double, vex::voltageUnits)
 .text._ZN3vex5motor4stopENS_9brakeTypeE
                0x03803cb8       0x30 C:\Program Files (x86)\VEX Robotics\VEXcode Pro V5\sdk/vexv5\libv5rt.a(vex_motor.cpp.obj)
                0x03803cb8                vex::motor::stop(vex::brakeType)
 .text._ZN3vex5motor4stopEv
                0x03803ce8        0x8 C:\Program Files (x86)\VEX Robotics\VEXcode Pro V5\sdk/vexv5\libv5rt.a(vex_motor.cpp.obj)
                0x03803ce8                vex::motor::stop()
 .text._ZN3vex5motor16velocityToScaledEdNS_13velocityUnitsE
                0x03803cf0       0x5c C:\Program Files (x86)\VEX Robotics\VEXcode Pro V5\sdk/vexv5\libv5rt.a(vex_motor.cpp.obj)
                0x03803cf0                vex::motor::velocityToScaled(double, vex::velocityUnits)
 .text._ZN3vex5motor8velocityENS_13velocityUnitsE
                0x03803d4c       0x30 C:\Program Files (x86)\VEX Robotics\VEXcode Pro V5\sdk/vexv5\libv5rt.a(vex_motor.cpp.obj)
                0x03803d4c                vex::motor::velocity(vex::velocityUnits)
 .text._ZN3vex5motor5valueEv
                0x03803d7c       0x1c C:\Program Files (x86)\VEX Robotics\VEXcode Pro V5\sdk/vexv5\libv5rt.a(vex_motor.cpp.obj)
                0x03803d7c                vex::motor::value()
 .text._ZN3vex5motor16scaledToVelocityEdNS_13velocityUnitsE
                0x03803d98       0xa4 C:\Program Files (x86)\VEX Robotics\VEXcode Pro V5\sdk/vexv5\libv5rt.a(vex_motor.cpp.obj)
                0x03803d98                vex::motor::scaledToVelocity(double, vex::velocityUnits)
 .text._ZN3vex5motor4spinENS_13directionTypeEdNS_13velocityUnitsE
                0x03803e3c       0x5c C:\Program Files (x86)\VEX Robotics\VEXcode Pro V5\sdk/vexv5\libv5rt.a(vex_motor.cpp.obj)
                0x03803e3c                vex::motor::spin(vex::directionType, double, vex::velocityUnits)
 .text._ZN3vex5motor16setRotationUnitsENS_13rotationUnitsE
                0x03803e98       0x1c C:\Program Files (x86)\VEX Robotics\VEXcode Pro V5\sdk/vexv5\libv5rt.a(vex_motor.cpp.obj)
                0x03803e98                vex::motor::setRotationUnits(vex::rotationUnits)
 .text._ZN3vex5motor8rotationENS_13rotationUnitsE
                0x03803eb4       0x44 C:\Program Files (x86)\VEX Robotics\VEXcode Pro V5\sdk/vexv5\libv5rt.a(vex_motor.cpp.obj)
                0x03803eb4                vex::motor::rotation(vex::rotationUnits)
 .text._ZN3vex5motor8positionENS_13rotationUnitsE
                0x03803ef8        0x4 C:\Program Files (x86)\VEX Robotics\VEXcode Pro V5\sdk/vexv5\libv5rt.a(vex_motor.cpp.obj)
                0x03803ef8                vex::motor::position(vex::rotationUnits)
 .text._ZN3vex6vision9installedEv
                0x03803efc       0x18 C:\Program Files (x86)\VEX Robotics\VEXcode Pro V5\sdk/vexv5\libv5rt.a(vex_vision.cpp.obj)
                0x03803efc                vex::vision::installed()
 .text._ZN3vex6visionD2Ev
                0x03803f14       0x38 C:\Program Files (x86)\VEX Robotics\VEXcode Pro V5\sdk/vexv5\libv5rt.a(vex_vision.cpp.obj)
                0x03803f14                vex::vision::~vision()
                0x03803f14                vex::vision::~vision()
 .text._ZN3vex6visionD0Ev
                0x03803f4c       0x1c C:\Program Files (x86)\VEX Robotics\VEXcode Pro V5\sdk/vexv5\libv5rt.a(vex_vision.cpp.obj)
                0x03803f4c                vex::vision::~vision()
 .text._ZN3vex6vision12setSignatureERNS0_9signatureE
                0x03803f68       0x70 C:\Program Files (x86)\VEX Robotics\VEXcode Pro V5\sdk/vexv5\libv5rt.a(vex_vision.cpp.obj)
                0x03803f68                vex::vision::setSignature(vex::vision::signature&)
 .text._ZN3vex6vision7setModeENS0_13detectionModeE
                0x03803fd8       0x18 C:\Program Files (x86)\VEX Robotics\VEXcode Pro V5\sdk/vexv5\libv5rt.a(vex_vision.cpp.obj)
                0x03803fd8                vex::vision::setMode(vex::vision::detectionMode)
 .text._ZN3vex6vision13setBrightnessEh
                0x03803ff0       0x30 C:\Program Files (x86)\VEX Robotics\VEXcode Pro V5\sdk/vexv5\libv5rt.a(vex_vision.cpp.obj)
                0x03803ff0                vex::vision::setBrightness(unsigned char)
 .text._ZN3vex6vision10setLedModeENS0_7ledModeE
                0x03804020       0x18 C:\Program Files (x86)\VEX Robotics\VEXcode Pro V5\sdk/vexv5\libv5rt.a(vex_vision.cpp.obj)
                0x03804020                vex::vision::setLedMode(vex::vision::ledMode)
 .text._ZN3vex6vision11setLedColorEhhh
                0x03804038       0x30 C:\Program Files (x86)\VEX Robotics\VEXcode Pro V5\sdk/vexv5\libv5rt.a(vex_vision.cpp.obj)
                0x03804038                vex::vision::setLedColor(unsigned char, unsigned char, unsigned char)
 .text._ZN3vex6vision9signatureD2Ev
                0x03804068        0x4 C:\Program Files (x86)\VEX Robotics\VEXcode Pro V5\sdk/vexv5\libv5rt.a(vex_vision.cpp.obj)
                0x03804068                vex::vision::signature::~signature()
                0x03804068                vex::vision::signature::~signature()
 .text._ZN3vex6vision9signature5clearEv
                0x0380406c       0x38 C:\Program Files (x86)\VEX Robotics\VEXcode Pro V5\sdk/vexv5\libv5rt.a(vex_vision.cpp.obj)
                0x0380406c                vex::vision::signature::clear()
 .text._ZN3vex6vision9signatureC2Ev
                0x038040a4       0x60 C:\Program Files (x86)\VEX Robotics\VEXcode Pro V5\sdk/vexv5\libv5rt.a(vex_vision.cpp.obj)
                0x038040a4                vex::vision::signature::signature()
                0x038040a4                vex::vision::signature::signature()
 .text._ZN3vex6vision9signatureC2Elllllllfl
                0x03804104       0x5c C:\Program Files (x86)\VEX Robotics\VEXcode Pro V5\sdk/vexv5\libv5rt.a(vex_vision.cpp.obj)
                0x03804104                vex::vision::signature::signature(long, long, long, long, long, long, long, float, long)
                0x03804104                vex::vision::signature::signature(long, long, long, long, long, long, long, float, long)
 .text._ZN3vex6vision6object3setE22_V5_DeviceVisionObject
                0x03804160       0x78 C:\Program Files (x86)\VEX Robotics\VEXcode Pro V5\sdk/vexv5\libv5rt.a(vex_vision.cpp.obj)
                0x03804160                vex::vision::object::set(_V5_DeviceVisionObject)
 .text._ZN3vex6vision6object5clearEv
                0x038041d8       0x38 C:\Program Files (x86)\VEX Robotics\VEXcode Pro V5\sdk/vexv5\libv5rt.a(vex_vision.cpp.obj)
                0x038041d8                vex::vision::object::clear()
 .text._ZN3vex6vision6objectC2Ev
                0x03804210       0x58 C:\Program Files (x86)\VEX Robotics\VEXcode Pro V5\sdk/vexv5\libv5rt.a(vex_vision.cpp.obj)
                0x03804210                vex::vision::object::object()
                0x03804210                vex::vision::object::object()
 .text._ZN3vex6vision13_clearObjectsEv
                0x03804268       0x40 C:\Program Files (x86)\VEX Robotics\VEXcode Pro V5\sdk/vexv5\libv5rt.a(vex_vision.cpp.obj)
                0x03804268                vex::vision::_clearObjects()
 .text._ZN3vex6vision6objectaSERKS1_
                0x038042a8       0x74 C:\Program Files (x86)\VEX Robotics\VEXcode Pro V5\sdk/vexv5\libv5rt.a(vex_vision.cpp.obj)
                0x038042a8                vex::vision::object::operator=(vex::vision::object const&)
 .text._ZN3vex6vision12takeSnapshotEmm
                0x0380431c       0xf4 C:\Program Files (x86)\VEX Robotics\VEXcode Pro V5\sdk/vexv5\libv5rt.a(vex_vision.cpp.obj)
                0x0380431c                vex::vision::takeSnapshot(unsigned long, unsigned long)
 .text._ZN3vex6vision12takeSnapshotEm
                0x03804410        0x8 C:\Program Files (x86)\VEX Robotics\VEXcode Pro V5\sdk/vexv5\libv5rt.a(vex_vision.cpp.obj)
                0x03804410                vex::vision::takeSnapshot(unsigned long)
 .text._ZN3vex6vision5valueEv
                0x03804418        0x8 C:\Program Files (x86)\VEX Robotics\VEXcode Pro V5\sdk/vexv5\libv5rt.a(vex_vision.cpp.obj)
                0x03804418                vex::vision::value()
 .text._ZN3vex6vision12takeSnapshotERNS0_9signatureE
                0x03804420       0x10 C:\Program Files (x86)\VEX Robotics\VEXcode Pro V5\sdk/vexv5\libv5rt.a(vex_vision.cpp.obj)
                0x03804420                vex::vision::takeSnapshot(vex::vision::signature&)
 .text._ZN3vex6vision6objectaSEl
                0x03804430       0x38 C:\Program Files (x86)\VEX Robotics\VEXcode Pro V5\sdk/vexv5\libv5rt.a(vex_vision.cpp.obj)
                0x03804430                vex::vision::object::operator=(long)
 .text._ZN3vex6visionC2El
                0x03804468       0xa4 C:\Program Files (x86)\VEX Robotics\VEXcode Pro V5\sdk/vexv5\libv5rt.a(vex_vision.cpp.obj)
                0x03804468                vex::vision::vision(long)
                0x03804468                vex::vision::vision(long)
 *fill*         0x0380450c        0x4 
 .text._ZN3vex8inertial10setHeadingEdNS_13rotationUnitsE
                0x03804510       0x60 C:\Program Files (x86)\VEX Robotics\VEXcode Pro V5\sdk/vexv5\libv5rt.a(vex_imu.cpp.obj)
                0x03804510                vex::inertial::setHeading(double, vex::rotationUnits)
 .text._ZThn16_N3vex8inertial10setHeadingEdNS_13rotationUnitsE
                0x03804570        0x8 C:\Program Files (x86)\VEX Robotics\VEXcode Pro V5\sdk/vexv5\libv5rt.a(vex_imu.cpp.obj)
                0x03804570                non-virtual thunk to vex::inertial::setHeading(double, vex::rotationUnits)
 .text._ZN3vex8inertial11setRotationEdNS_13rotationUnitsE
                0x03804578       0x60 C:\Program Files (x86)\VEX Robotics\VEXcode Pro V5\sdk/vexv5\libv5rt.a(vex_imu.cpp.obj)
                0x03804578                vex::inertial::setRotation(double, vex::rotationUnits)
 .text._ZThn16_N3vex8inertial11setRotationEdNS_13rotationUnitsE
                0x038045d8        0x8 C:\Program Files (x86)\VEX Robotics\VEXcode Pro V5\sdk/vexv5\libv5rt.a(vex_imu.cpp.obj)
                0x038045d8                non-virtual thunk to vex::inertial::setRotation(double, vex::rotationUnits)
 .text._ZN3vex8inertialD2Ev
                0x038045e0       0x20 C:\Program Files (x86)\VEX Robotics\VEXcode Pro V5\sdk/vexv5\libv5rt.a(vex_imu.cpp.obj)
                0x038045e0                vex::inertial::~inertial()
                0x038045e0                vex::inertial::~inertial()
 .text._ZThn16_N3vex8inertialD1Ev
                0x03804600        0x8 C:\Program Files (x86)\VEX Robotics\VEXcode Pro V5\sdk/vexv5\libv5rt.a(vex_imu.cpp.obj)
                0x03804600                non-virtual thunk to vex::inertial::~inertial()
 .text._ZN3vex8inertialD0Ev
                0x03804608       0x1c C:\Program Files (x86)\VEX Robotics\VEXcode Pro V5\sdk/vexv5\libv5rt.a(vex_imu.cpp.obj)
                0x03804608                vex::inertial::~inertial()
 .text._ZThn16_N3vex8inertialD0Ev
                0x03804624        0x8 C:\Program Files (x86)\VEX Robotics\VEXcode Pro V5\sdk/vexv5\libv5rt.a(vex_imu.cpp.obj)
                0x03804624                non-virtual thunk to vex::inertial::~inertial()
 .text._ZN3vex8inertial9installedEv
                0x0380462c       0x18 C:\Program Files (x86)\VEX Robotics\VEXcode Pro V5\sdk/vexv5\libv5rt.a(vex_imu.cpp.obj)
                0x0380462c                vex::inertial::installed()
 .text._ZN3vex8inertial5angleENS_13rotationUnitsE
                0x03804644       0x60 C:\Program Files (x86)\VEX Robotics\VEXcode Pro V5\sdk/vexv5\libv5rt.a(vex_imu.cpp.obj)
                0x03804644                vex::inertial::angle(vex::rotationUnits)
 .text._ZThn16_N3vex8inertial5angleENS_13rotationUnitsE
                0x038046a4        0x8 C:\Program Files (x86)\VEX Robotics\VEXcode Pro V5\sdk/vexv5\libv5rt.a(vex_imu.cpp.obj)
                0x038046a4                non-virtual thunk to vex::inertial::angle(vex::rotationUnits)
 .text._ZN3vex8inertial7headingENS_13rotationUnitsE
                0x038046ac        0x4 C:\Program Files (x86)\VEX Robotics\VEXcode Pro V5\sdk/vexv5\libv5rt.a(vex_imu.cpp.obj)
                0x038046ac                vex::inertial::heading(vex::rotationUnits)
 .text._ZThn16_N3vex8inertial7headingENS_13rotationUnitsE
                0x038046b0        0x8 C:\Program Files (x86)\VEX Robotics\VEXcode Pro V5\sdk/vexv5\libv5rt.a(vex_imu.cpp.obj)
                0x038046b0                non-virtual thunk to vex::inertial::heading(vex::rotationUnits)
 .text._ZN3vex8inertial5valueEv
                0x038046b8       0x1c C:\Program Files (x86)\VEX Robotics\VEXcode Pro V5\sdk/vexv5\libv5rt.a(vex_imu.cpp.obj)
                0x038046b8                vex::inertial::value()
 *fill*         0x038046d4        0x4 
 .text._ZN3vex8inertial8rotationENS_13rotationUnitsE
                0x038046d8       0x40 C:\Program Files (x86)\VEX Robotics\VEXcode Pro V5\sdk/vexv5\libv5rt.a(vex_imu.cpp.obj)
                0x038046d8                vex::inertial::rotation(vex::rotationUnits)
 .text._ZThn16_N3vex8inertial8rotationENS_13rotationUnitsE
                0x03804718        0x8 C:\Program Files (x86)\VEX Robotics\VEXcode Pro V5\sdk/vexv5\libv5rt.a(vex_imu.cpp.obj)
                0x03804718                non-virtual thunk to vex::inertial::rotation(vex::rotationUnits)
 .text._ZN3vex8inertial13isCalibratingEv
                0x03804720       0x38 C:\Program Files (x86)\VEX Robotics\VEXcode Pro V5\sdk/vexv5\libv5rt.a(vex_imu.cpp.obj)
                0x03804720                vex::inertial::isCalibrating()
 .text._ZThn16_N3vex8inertial13isCalibratingEv
                0x03804758        0x8 C:\Program Files (x86)\VEX Robotics\VEXcode Pro V5\sdk/vexv5\libv5rt.a(vex_imu.cpp.obj)
                0x03804758                non-virtual thunk to vex::inertial::isCalibrating()
 .text._ZN3vex8inertialC2El
                0x03804760       0x48 C:\Program Files (x86)\VEX Robotics\VEXcode Pro V5\sdk/vexv5\libv5rt.a(vex_imu.cpp.obj)
                0x03804760                vex::inertial::inertial(long)
                0x03804760                vex::inertial::inertial(long)
 .text._ZN3vex8inertial4rollENS_13rotationUnitsE
                0x038047a8       0x40 C:\Program Files (x86)\VEX Robotics\VEXcode Pro V5\sdk/vexv5\libv5rt.a(vex_imu.cpp.obj)
                0x038047a8                vex::inertial::roll(vex::rotationUnits)
 .text._ZN3vex8inertial5pitchENS_13rotationUnitsE
                0x038047e8       0x40 C:\Program Files (x86)\VEX Robotics\VEXcode Pro V5\sdk/vexv5\libv5rt.a(vex_imu.cpp.obj)
                0x038047e8                vex::inertial::pitch(vex::rotationUnits)
 .text._ZN3vex8inertial3yawENS_13rotationUnitsE
                0x03804828       0x40 C:\Program Files (x86)\VEX Robotics\VEXcode Pro V5\sdk/vexv5\libv5rt.a(vex_imu.cpp.obj)
                0x03804828                vex::inertial::yaw(vex::rotationUnits)
 .text._ZN3vex8inertial11orientationENS_15orientationTypeENS_13rotationUnitsE
                0x03804868       0x24 C:\Program Files (x86)\VEX Robotics\VEXcode Pro V5\sdk/vexv5\libv5rt.a(vex_imu.cpp.obj)
                0x03804868                vex::inertial::orientation(vex::orientationType, vex::rotationUnits)
 .text._ZN3vex8inertial16startCalibrationEl
                0x0380488c       0x20 C:\Program Files (x86)\VEX Robotics\VEXcode Pro V5\sdk/vexv5\libv5rt.a(vex_imu.cpp.obj)
                0x0380488c                vex::inertial::startCalibration(long)
 .text._ZN3vex8inertial9calibrateEl
                0x038048ac        0xc C:\Program Files (x86)\VEX Robotics\VEXcode Pro V5\sdk/vexv5\libv5rt.a(vex_imu.cpp.obj)
                0x038048ac                vex::inertial::calibrate(long)
                0x038048b0                non-virtual thunk to vex::inertial::calibrate(long)
 .text._ZN3vex8rotationD2Ev
                0x038048b8       0x20 C:\Program Files (x86)\VEX Robotics\VEXcode Pro V5\sdk/vexv5\libv5rt.a(vex_rotation.cpp.obj)
                0x038048b8                vex::rotation::~rotation()
                0x038048b8                vex::rotation::~rotation()
 .text._ZN3vex8rotationD0Ev
                0x038048d8       0x1c C:\Program Files (x86)\VEX Robotics\VEXcode Pro V5\sdk/vexv5\libv5rt.a(vex_rotation.cpp.obj)
                0x038048d8                vex::rotation::~rotation()
 .text._ZN3vex8rotation9installedEv
                0x038048f4       0x18 C:\Program Files (x86)\VEX Robotics\VEXcode Pro V5\sdk/vexv5\libv5rt.a(vex_rotation.cpp.obj)
                0x038048f4                vex::rotation::installed()
 .text._ZN3vex8rotation5valueEv
                0x0380490c        0x8 C:\Program Files (x86)\VEX Robotics\VEXcode Pro V5\sdk/vexv5\libv5rt.a(vex_rotation.cpp.obj)
                0x0380490c                vex::rotation::value()
 .text._ZN3vex8rotationC2Elb
                0x03804914       0x30 C:\Program Files (x86)\VEX Robotics\VEXcode Pro V5\sdk/vexv5\libv5rt.a(vex_rotation.cpp.obj)
                0x03804914                vex::rotation::rotation(long, bool)
                0x03804914                vex::rotation::rotation(long, bool)
 *fill*         0x03804944        0x4 
 .text._ZN3vex8rotation5angleENS_13rotationUnitsE
                0x03804948       0x50 C:\Program Files (x86)\VEX Robotics\VEXcode Pro V5\sdk/vexv5\libv5rt.a(vex_rotation.cpp.obj)
                0x03804948                vex::rotation::angle(vex::rotationUnits)
 .text._ZN3vex8rotation13resetPositionEv
                0x03804998        0xc C:\Program Files (x86)\VEX Robotics\VEXcode Pro V5\sdk/vexv5\libv5rt.a(vex_rotation.cpp.obj)
                0x03804998                vex::rotation::resetPosition()
 *fill*         0x038049a4        0x4 
 .text._ZN3vex8rotation8positionENS_13rotationUnitsE
                0x038049a8       0x50 C:\Program Files (x86)\VEX Robotics\VEXcode Pro V5\sdk/vexv5\libv5rt.a(vex_rotation.cpp.obj)
                0x038049a8                vex::rotation::position(vex::rotationUnits)
 .text._ZN3vex7opticalD2Ev
                0x038049f8       0x20 C:\Program Files (x86)\VEX Robotics\VEXcode Pro V5\sdk/vexv5\libv5rt.a(vex_optical.cpp.obj)
                0x038049f8                vex::optical::~optical()
                0x038049f8                vex::optical::~optical()
 .text._ZN3vex7opticalD0Ev
                0x03804a18       0x1c C:\Program Files (x86)\VEX Robotics\VEXcode Pro V5\sdk/vexv5\libv5rt.a(vex_optical.cpp.obj)
                0x03804a18                vex::optical::~optical()
 .text._ZN3vex7optical9installedEv
                0x03804a34       0x18 C:\Program Files (x86)\VEX Robotics\VEXcode Pro V5\sdk/vexv5\libv5rt.a(vex_optical.cpp.obj)
                0x03804a34                vex::optical::installed()
 .text._ZN3vex7optical3hueEv
                0x03804a4c        0x8 C:\Program Files (x86)\VEX Robotics\VEXcode Pro V5\sdk/vexv5\libv5rt.a(vex_optical.cpp.obj)
                0x03804a4c                vex::optical::hue()
 .text._ZN3vex7optical5valueEv
                0x03804a54       0x18 C:\Program Files (x86)\VEX Robotics\VEXcode Pro V5\sdk/vexv5\libv5rt.a(vex_optical.cpp.obj)
                0x03804a54                vex::optical::value()
 .text._ZN3vex7optical5colorEv
                0x03804a6c       0xd0 C:\Program Files (x86)\VEX Robotics\VEXcode Pro V5\sdk/vexv5\libv5rt.a(vex_optical.cpp.obj)
                0x03804a6c                vex::optical::color()
 .text._ZN3vex7optical12isNearObjectEv
                0x03804b3c       0x24 C:\Program Files (x86)\VEX Robotics\VEXcode Pro V5\sdk/vexv5\libv5rt.a(vex_optical.cpp.obj)
                0x03804b3c                vex::optical::isNearObject()
 .text._ZN3vex7optical8setLightENS_8ledStateE
                0x03804b60       0x18 C:\Program Files (x86)\VEX Robotics\VEXcode Pro V5\sdk/vexv5\libv5rt.a(vex_optical.cpp.obj)
                0x03804b60                vex::optical::setLight(vex::ledState)
 .text._ZN3vex7optical13setLightPowerElNS_12percentUnitsE
                0x03804b78       0x2c C:\Program Files (x86)\VEX Robotics\VEXcode Pro V5\sdk/vexv5\libv5rt.a(vex_optical.cpp.obj)
                0x03804b78                vex::optical::setLightPower(long, vex::percentUnits)
 .text._ZN3vex7optical13gestureEnableEv
                0x03804ba4        0x8 C:\Program Files (x86)\VEX Robotics\VEXcode Pro V5\sdk/vexv5\libv5rt.a(vex_optical.cpp.obj)
                0x03804ba4                vex::optical::gestureEnable()
 .text._ZN3vex7optical14gestureDisableEv
                0x03804bac        0x8 C:\Program Files (x86)\VEX Robotics\VEXcode Pro V5\sdk/vexv5\libv5rt.a(vex_optical.cpp.obj)
                0x03804bac                vex::optical::gestureDisable()
 .text._ZN3vex7opticalC2Elb
                0x03804bb4       0x54 C:\Program Files (x86)\VEX Robotics\VEXcode Pro V5\sdk/vexv5\libv5rt.a(vex_optical.cpp.obj)
                0x03804bb4                vex::optical::optical(long, bool)
                0x03804bb4                vex::optical::optical(long, bool)
 .text._ZN3vex10controllerD2Ev
                0x03804c08        0x4 C:\Program Files (x86)\VEX Robotics\VEXcode Pro V5\sdk/vexv5\libv5rt.a(vex_controller.cpp.obj)
                0x03804c08                vex::controller::~controller()
                0x03804c08                vex::controller::~controller()
 .text._ZN3vex10controller5valueE19_V5_ControllerIndex
                0x03804c0c        0x8 C:\Program Files (x86)\VEX Robotics\VEXcode Pro V5\sdk/vexv5\libv5rt.a(vex_controller.cpp.obj)
                0x03804c0c                vex::controller::value(_V5_ControllerIndex)
 .text._ZN3vex10controller6rumbleEPKc
                0x03804c14       0x4c C:\Program Files (x86)\VEX Robotics\VEXcode Pro V5\sdk/vexv5\libv5rt.a(vex_controller.cpp.obj)
                0x03804c14                vex::controller::rumble(char const*)
 .text._ZN3vex10controller6button8pressingEv
                0x03804c60       0xc8 C:\Program Files (x86)\VEX Robotics\VEXcode Pro V5\sdk/vexv5\libv5rt.a(vex_controller.cpp.obj)
                0x03804c60                vex::controller::button::pressing()
 .text._ZN3vex10controller6button7pressedEPFvvE
                0x03804d28      0x108 C:\Program Files (x86)\VEX Robotics\VEXcode Pro V5\sdk/vexv5\libv5rt.a(vex_controller.cpp.obj)
                0x03804d28                vex::controller::button::pressed(void (*)())
 .text._ZN3vex10controller6button21_buttonToPressedEventEv
                0x03804e30       0x20 C:\Program Files (x86)\VEX Robotics\VEXcode Pro V5\sdk/vexv5\libv5rt.a(vex_controller.cpp.obj)
                0x03804e30                vex::controller::button::_buttonToPressedEvent()
 .text._ZN3vex10controller6button22_buttonToReleasedEventEv
                0x03804e50       0x20 C:\Program Files (x86)\VEX Robotics\VEXcode Pro V5\sdk/vexv5\libv5rt.a(vex_controller.cpp.obj)
                0x03804e50                vex::controller::button::_buttonToReleasedEvent()
 .text._ZN3vex10controller6buttonC2ENS0_11tButtonTypeEPS0_
                0x03804e70       0x48 C:\Program Files (x86)\VEX Robotics\VEXcode Pro V5\sdk/vexv5\libv5rt.a(vex_controller.cpp.obj)
                0x03804e70                vex::controller::button::button(vex::controller::tButtonType, vex::controller*)
                0x03804e70                vex::controller::button::button(vex::controller::tButtonType, vex::controller*)
 .text._ZN3vex10controller4axis5valueEv
                0x03804eb8       0x58 C:\Program Files (x86)\VEX Robotics\VEXcode Pro V5\sdk/vexv5\libv5rt.a(vex_controller.cpp.obj)
                0x03804eb8                vex::controller::axis::value()
 .text._ZN3vex10controller4axis8positionENS_12percentUnitsE
                0x03804f10       0x1c C:\Program Files (x86)\VEX Robotics\VEXcode Pro V5\sdk/vexv5\libv5rt.a(vex_controller.cpp.obj)
                0x03804f10                vex::controller::axis::position(vex::percentUnits)
 .text._ZN3vex10controller4axis23_joystickToChangedEventEv
                0x03804f2c       0x20 C:\Program Files (x86)\VEX Robotics\VEXcode Pro V5\sdk/vexv5\libv5rt.a(vex_controller.cpp.obj)
                0x03804f2c                vex::controller::axis::_joystickToChangedEvent()
 .text._ZN3vex10controller4axisC2ENS0_9tAxisTypeEPS0_
                0x03804f4c       0x2c C:\Program Files (x86)\VEX Robotics\VEXcode Pro V5\sdk/vexv5\libv5rt.a(vex_controller.cpp.obj)
                0x03804f4c                vex::controller::axis::axis(vex::controller::tAxisType, vex::controller*)
                0x03804f4c                vex::controller::axis::axis(vex::controller::tAxisType, vex::controller*)
 .text._ZN3vex10controllerC2ENS_14controllerTypeE
                0x03804f78      0x204 C:\Program Files (x86)\VEX Robotics\VEXcode Pro V5\sdk/vexv5\libv5rt.a(vex_controller.cpp.obj)
                0x03804f78                vex::controller::controller(vex::controllerType)
                0x03804f78                vex::controller::controller(vex::controllerType)
 .text._ZN3vex10controller3lcd15getControllerIdEv
                0x0380517c       0x10 C:\Program Files (x86)\VEX Robotics\VEXcode Pro V5\sdk/vexv5\libv5rt.a(vex_controller.cpp.obj)
                0x0380517c                vex::controller::lcd::getControllerId()
 .text._ZN3vex10controller3lcd9setCursorEll
                0x0380518c       0x40 C:\Program Files (x86)\VEX Robotics\VEXcode Pro V5\sdk/vexv5\libv5rt.a(vex_controller.cpp.obj)
                0x0380518c                vex::controller::lcd::setCursor(long, long)
 .text._ZN3vex10controller3lcd5printEPKcz
                0x038051cc       0x80 C:\Program Files (x86)\VEX Robotics\VEXcode Pro V5\sdk/vexv5\libv5rt.a(vex_controller.cpp.obj)
                0x038051cc                vex::controller::lcd::print(char const*, ...)
 .text._ZN3vex4taskC2EPFivE
                0x0380524c       0x5c C:\Program Files (x86)\VEX Robotics\VEXcode Pro V5\sdk/vexv5\libv5rt.a(vex_task.cpp.obj)
                0x0380524c                vex::task::task(int (*)())
                0x0380524c                vex::task::task(int (*)())
 .text._ZN3vex4taskD2Ev
                0x038052a8        0x4 C:\Program Files (x86)\VEX Robotics\VEXcode Pro V5\sdk/vexv5\libv5rt.a(vex_task.cpp.obj)
                0x038052a8                vex::task::~task()
                0x038052a8                vex::task::~task()
 .text._ZN3vex4task4stopERKS0_
                0x038052ac       0x18 C:\Program Files (x86)\VEX Robotics\VEXcode Pro V5\sdk/vexv5\libv5rt.a(vex_task.cpp.obj)
                0x038052ac                vex::task::stop(vex::task const&)
 .text._ZN3vex4task6_indexEPFivE
                0x038052c4       0x14 C:\Program Files (x86)\VEX Robotics\VEXcode Pro V5\sdk/vexv5\libv5rt.a(vex_task.cpp.obj)
                0x038052c4                vex::task::_index(int (*)())
 .text._ZN3vex4task8_stopAllEv
                0x038052d8       0x3c C:\Program Files (x86)\VEX Robotics\VEXcode Pro V5\sdk/vexv5\libv5rt.a(vex_task.cpp.obj)
                0x038052d8                vex::task::_stopAll()
 .text._ZN3vex6threadC2EPFivE
                0x03805314       0x5c C:\Program Files (x86)\VEX Robotics\VEXcode Pro V5\sdk/vexv5\libv5rt.a(vex_thread.cpp.obj)
                0x03805314                vex::thread::thread(int (*)())
                0x03805314                vex::thread::thread(int (*)())
 .text._ZN3vex6threadD2Ev
                0x03805370        0x4 C:\Program Files (x86)\VEX Robotics\VEXcode Pro V5\sdk/vexv5\libv5rt.a(vex_thread.cpp.obj)
                0x03805370                vex::thread::~thread()
                0x03805370                vex::thread::~thread()
 .text._ZN3vex11this_thread9sleep_forEm
                0x03805374        0x4 C:\Program Files (x86)\VEX Robotics\VEXcode Pro V5\sdk/vexv5\libv5rt.a(vex_thread.cpp.obj)
                0x03805374                vex::this_thread::sleep_for(unsigned long)
 .text._ZN3vex11this_thread11sleep_untilEm
                0x03805378       0x20 C:\Program Files (x86)\VEX Robotics\VEXcode Pro V5\sdk/vexv5\libv5rt.a(vex_thread.cpp.obj)
                0x03805378                vex::this_thread::sleep_until(unsigned long)
 .text._ZN3vex5mutexC2Ev
                0x03805398       0x1c C:\Program Files (x86)\VEX Robotics\VEXcode Pro V5\sdk/vexv5\libv5rt.a(vex_thread.cpp.obj)
                0x03805398                vex::mutex::mutex()
                0x03805398                vex::mutex::mutex()
 .text._ZN3vex5mutexD2Ev
                0x038053b4        0x4 C:\Program Files (x86)\VEX Robotics\VEXcode Pro V5\sdk/vexv5\libv5rt.a(vex_thread.cpp.obj)
                0x038053b4                vex::mutex::~mutex()
                0x038053b4                vex::mutex::~mutex()
 .text._ZN3vex5mutex4lockEv
                0x038053b8        0x8 C:\Program Files (x86)\VEX Robotics\VEXcode Pro V5\sdk/vexv5\libv5rt.a(vex_thread.cpp.obj)
                0x038053b8                vex::mutex::lock()
 .text._ZN3vex5mutex6unlockEv
                0x038053c0        0x4 C:\Program Files (x86)\VEX Robotics\VEXcode Pro V5\sdk/vexv5\libv5rt.a(vex_thread.cpp.obj)
                0x038053c0                vex::mutex::unlock()
 .text._ZN3vex5event4initEmmPFvvE
                0x038053c4        0x4 C:\Program Files (x86)\VEX Robotics\VEXcode Pro V5\sdk/vexv5\libv5rt.a(vex_event.cpp.obj)
                0x038053c4                vex::event::init(unsigned long, unsigned long, void (*)())
 .text._ZN3vex5event4initEmmPFvPvES1_
                0x038053c8        0x4 C:\Program Files (x86)\VEX Robotics\VEXcode Pro V5\sdk/vexv5\libv5rt.a(vex_event.cpp.obj)
                0x038053c8                vex::event::init(unsigned long, unsigned long, void (*)(void*), void*)
 .text._ZN3vex5event9userindexEv
                0x038053cc        0x4 C:\Program Files (x86)\VEX Robotics\VEXcode Pro V5\sdk/vexv5\libv5rt.a(vex_event.cpp.obj)
                0x038053cc                vex::event::userindex()
 .text._ZZN3vex6meventC4EmmENUlvE_4_FUNEv
                0x038053d0        0x4 C:\Program Files (x86)\VEX Robotics\VEXcode Pro V5\sdk/vexv5\libv5rt.a(vex_mevent.cpp.obj)
 .text._ZN3vex6meventC2Emm
                0x038053d4       0x70 C:\Program Files (x86)\VEX Robotics\VEXcode Pro V5\sdk/vexv5\libv5rt.a(vex_mevent.cpp.obj)
                0x038053d4                vex::mevent::mevent(unsigned long, unsigned long)
                0x038053d4                vex::mevent::mevent(unsigned long, unsigned long)
 .text._ZN3vex5brain9_getIndexEv
                0x03805444       0x10 C:\Program Files (x86)\VEX Robotics\VEXcode Pro V5\sdk/vexv5\libv5rt.a(vex_brain.cpp.obj)
                0x03805444                vex::brain::_getIndex()
 .text._ZN3vex5brain5timerENS_9timeUnitsE
                0x03805454        0x4 C:\Program Files (x86)\VEX Robotics\VEXcode Pro V5\sdk/vexv5\libv5rt.a(vex_brain.cpp.obj)
                0x03805454                vex::brain::timer(vex::timeUnits)
 .text._ZN3vex5brain3lcd9setCursorEll
                0x03805458       0x44 C:\Program Files (x86)\VEX Robotics\VEXcode Pro V5\sdk/vexv5\libv5rt.a(vex_brain.cpp.obj)
                0x03805458                vex::brain::lcd::setCursor(long, long)
 .text._ZN3vex5brain3lcd7setFontENS_8fontTypeE
                0x0380549c      0x23c C:\Program Files (x86)\VEX Robotics\VEXcode Pro V5\sdk/vexv5\libv5rt.a(vex_brain.cpp.obj)
                0x0380549c                vex::brain::lcd::setFont(vex::fontType)
 .text._ZN3vex5brain3lcdC2Ev
                0x038056d8       0x94 C:\Program Files (x86)\VEX Robotics\VEXcode Pro V5\sdk/vexv5\libv5rt.a(vex_brain.cpp.obj)
                0x038056d8                vex::brain::lcd::lcd()
                0x038056d8                vex::brain::lcd::lcd()
 .text._ZN3vex5brainC2Ev
                0x0380576c       0x38 C:\Program Files (x86)\VEX Robotics\VEXcode Pro V5\sdk/vexv5\libv5rt.a(vex_brain.cpp.obj)
                0x0380576c                vex::brain::brain()
                0x0380576c                vex::brain::brain()
 .text._ZN3vex5brain3lcd7printAtEllPKcz
                0x038057a4       0x54 C:\Program Files (x86)\VEX Robotics\VEXcode Pro V5\sdk/vexv5\libv5rt.a(vex_brain.cpp.obj)
                0x038057a4                vex::brain::lcd::printAt(long, long, char const*, ...)
 .text._ZN3vex5brain3lcd13drawRectangleEiiii
                0x038057f8       0xdc C:\Program Files (x86)\VEX Robotics\VEXcode Pro V5\sdk/vexv5\libv5rt.a(vex_brain.cpp.obj)
                0x038057f8                vex::brain::lcd::drawRectangle(int, int, int, int)
 .text._ZN3vex5brain3lcd14_drawRectangleEiiiim
                0x038058d4       0x74 C:\Program Files (x86)\VEX Robotics\VEXcode Pro V5\sdk/vexv5\libv5rt.a(vex_brain.cpp.obj)
                0x038058d4                vex::brain::lcd::_drawRectangle(int, int, int, int, unsigned long)
 .text._ZN3vex5brain3lcd13drawRectangleEiiiiRKNS_5colorE
                0x03805948       0x68 C:\Program Files (x86)\VEX Robotics\VEXcode Pro V5\sdk/vexv5\libv5rt.a(vex_brain.cpp.obj)
                0x03805948                vex::brain::lcd::drawRectangle(int, int, int, int, vex::color const&)
 .text._ZN3vex5brainD2Ev
                0x038059b0       0x20 C:\Program Files (x86)\VEX Robotics\VEXcode Pro V5\sdk/vexv5\libv5rt.a(vex_brain.cpp.obj)
                0x038059b0                vex::brain::~brain()
                0x038059b0                vex::brain::~brain()
 .text._ZN3vex11competition11_autonomousEv
                0x038059d0       0x90 C:\Program Files (x86)\VEX Robotics\VEXcode Pro V5\sdk/vexv5\libv5rt.a(vex_competition.cpp.obj)
                0x038059d0                vex::competition::_autonomous()
 .text._ZN3vex11competition14_drivercontrolEv
                0x03805a60       0x90 C:\Program Files (x86)\VEX Robotics\VEXcode Pro V5\sdk/vexv5\libv5rt.a(vex_competition.cpp.obj)
                0x03805a60                vex::competition::_drivercontrol()
 .text._ZN3vex11competition8_disableEPv
                0x03805af0       0xc8 C:\Program Files (x86)\VEX Robotics\VEXcode Pro V5\sdk/vexv5\libv5rt.a(vex_competition.cpp.obj)
                0x03805af0                vex::competition::_disable(void*)
 .text._ZN3vex11competitionC2Ev
                0x03805bb8      0x13c C:\Program Files (x86)\VEX Robotics\VEXcode Pro V5\sdk/vexv5\libv5rt.a(vex_competition.cpp.obj)
                0x03805bb8                vex::competition::competition()
                0x03805bb8                vex::competition::competition()
 .text._ZN3vex11competitionD2Ev
                0x03805cf4        0x4 C:\Program Files (x86)\VEX Robotics\VEXcode Pro V5\sdk/vexv5\libv5rt.a(vex_competition.cpp.obj)
                0x03805cf4                vex::competition::~competition()
                0x03805cf4                vex::competition::~competition()
 .text._ZN3vex11competition10autonomousEPFvvE
                0x03805cf8       0x44 C:\Program Files (x86)\VEX Robotics\VEXcode Pro V5\sdk/vexv5\libv5rt.a(vex_competition.cpp.obj)
                0x03805cf8                vex::competition::autonomous(void (*)())
 .text._ZN3vex11competition13drivercontrolEPFvvE
                0x03805d3c       0x44 C:\Program Files (x86)\VEX Robotics\VEXcode Pro V5\sdk/vexv5\libv5rt.a(vex_competition.cpp.obj)
                0x03805d3c                vex::competition::drivercontrol(void (*)())
 .text._ZN3vex7triportD2Ev
                0x03805d80       0x38 C:\Program Files (x86)\VEX Robotics\VEXcode Pro V5\sdk/vexv5\libv5rt.a(vex_triport.cpp.obj)
                0x03805d80                vex::triport::~triport()
                0x03805d80                vex::triport::~triport()
 .text._ZN3vex7triportD0Ev
                0x03805db8       0x1c C:\Program Files (x86)\VEX Robotics\VEXcode Pro V5\sdk/vexv5\libv5rt.a(vex_triport.cpp.obj)
                0x03805db8                vex::triport::~triport()
 .text._ZN3vex7triport9installedEv
                0x03805dd4       0x18 C:\Program Files (x86)\VEX Robotics\VEXcode Pro V5\sdk/vexv5\libv5rt.a(vex_triport.cpp.obj)
                0x03805dd4                vex::triport::installed()
 .text._ZN3vex7triport4portC2ElPS0_
                0x03805dec       0x74 C:\Program Files (x86)\VEX Robotics\VEXcode Pro V5\sdk/vexv5\libv5rt.a(vex_triport.cpp.obj)
                0x03805dec                vex::triport::port::port(long, vex::triport*)
                0x03805dec                vex::triport::port::port(long, vex::triport*)
 .text._ZN3vex7triportC2El
                0x03805e60       0xf0 C:\Program Files (x86)\VEX Robotics\VEXcode Pro V5\sdk/vexv5\libv5rt.a(vex_triport.cpp.obj)
                0x03805e60                vex::triport::triport(long)
                0x03805e60                vex::triport::triport(long)
 .text._ZN3vex7triport4port4typeENS_11triportTypeE
                0x03805f50       0x30 C:\Program Files (x86)\VEX Robotics\VEXcode Pro V5\sdk/vexv5\libv5rt.a(vex_triport.cpp.obj)
                0x03805f50                vex::triport::port::type(vex::triportType)
 .text._ZN3vex7triport4port4typeEv
                0x03805f80       0x38 C:\Program Files (x86)\VEX Robotics\VEXcode Pro V5\sdk/vexv5\libv5rt.a(vex_triport.cpp.obj)
                0x03805f80                vex::triport::port::type()
 .text._ZN3vex7triport4port5valueEl
                0x03805fb8       0x18 C:\Program Files (x86)\VEX Robotics\VEXcode Pro V5\sdk/vexv5\libv5rt.a(vex_triport.cpp.obj)
                0x03805fb8                vex::triport::port::value(long)
 .text._ZN3vex11__trideviceC2ERNS_7triport4portENS_11triportTypeE
                0x03805fd0       0x5c C:\Program Files (x86)\VEX Robotics\VEXcode Pro V5\sdk/vexv5\libv5rt.a(vex_triport.cpp.obj)
                0x03805fd0                vex::__tridevice::__tridevice(vex::triport::port&, vex::triportType)
                0x03805fd0                vex::__tridevice::__tridevice(vex::triport::port&, vex::triportType)
 .text._ZN3vex11digital_outC2ERNS_7triport4portE
                0x0380602c       0x18 C:\Program Files (x86)\VEX Robotics\VEXcode Pro V5\sdk/vexv5\libv5rt.a(vex_triport.cpp.obj)
                0x0380602c                vex::digital_out::digital_out(vex::triport::port&)
                0x0380602c                vex::digital_out::digital_out(vex::triport::port&)
 .text._ZN3vex11digital_outD2Ev
                0x03806044        0x4 C:\Program Files (x86)\VEX Robotics\VEXcode Pro V5\sdk/vexv5\libv5rt.a(vex_triport.cpp.obj)
                0x03806044                vex::digital_out::~digital_out()
                0x03806044                vex::digital_out::~digital_out()
 .text._ZN3vex11digital_out3setEb
                0x03806048        0x8 C:\Program Files (x86)\VEX Robotics\VEXcode Pro V5\sdk/vexv5\libv5rt.a(vex_triport.cpp.obj)
                0x03806048                vex::digital_out::set(bool)
 .text.startup._GLOBAL__sub_I__ZN3vex7triportC2El
                0x03806050       0x30 C:\Program Files (x86)\VEX Robotics\VEXcode Pro V5\sdk/vexv5\libv5rt.a(vex_triport.cpp.obj)
 .text._ZN3vex5colorD2Ev
                0x03806080        0x4 C:\Program Files (x86)\VEX Robotics\VEXcode Pro V5\sdk/vexv5\libv5rt.a(vex_color.cpp.obj)
                0x03806080                vex::color::~color()
                0x03806080                vex::color::~color()
 .text._ZN3vex5colorC2Ev
                0x03806084       0x10 C:\Program Files (x86)\VEX Robotics\VEXcode Pro V5\sdk/vexv5\libv5rt.a(vex_color.cpp.obj)
                0x03806084                vex::color::color()
                0x03806084                vex::color::color()
 .text._ZNK3vex5colorcvmEv
                0x03806094        0x8 C:\Program Files (x86)\VEX Robotics\VEXcode Pro V5\sdk/vexv5\libv5rt.a(vex_color.cpp.obj)
                0x03806094                vex::color::operator unsigned long() const
 .text._ZNK3vex5color13isTransparentEv
                0x0380609c        0x8 C:\Program Files (x86)\VEX Robotics\VEXcode Pro V5\sdk/vexv5\libv5rt.a(vex_color.cpp.obj)
                0x0380609c                vex::color::isTransparent() const
 *fill*         0x038060a4        0x4 
 .text._ZN3vex5color3hsvEmdd
                0x038060a8      0x13c C:\Program Files (x86)\VEX Robotics\VEXcode Pro V5\sdk/vexv5\libv5rt.a(vex_color.cpp.obj)
                0x038060a8                vex::color::hsv(unsigned long, double, double)
 .text.startup._GLOBAL__sub_I__ZN3vex5color5blackE
                0x038061e4      0x164 C:\Program Files (x86)\VEX Robotics\VEXcode Pro V5\sdk/vexv5\libv5rt.a(vex_color.cpp.obj)
 .text._ZN3vex5timerD2Ev
                0x03806348        0x4 C:\Program Files (x86)\VEX Robotics\VEXcode Pro V5\sdk/vexv5\libv5rt.a(vex_timer.cpp.obj)
                0x03806348                vex::timer::~timer()
                0x03806348                vex::timer::~timer()
 .text._ZN3vex5timer5clearEv
                0x0380634c       0x1c C:\Program Files (x86)\VEX Robotics\VEXcode Pro V5\sdk/vexv5\libv5rt.a(vex_timer.cpp.obj)
                0x0380634c                vex::timer::clear()
 .text._ZN3vex5timerC2Ev
                0x03806368       0x14 C:\Program Files (x86)\VEX Robotics\VEXcode Pro V5\sdk/vexv5\libv5rt.a(vex_timer.cpp.obj)
                0x03806368                vex::timer::timer()
                0x03806368                vex::timer::timer()
 .text._ZN3vex5timer5resetEv
                0x0380637c        0x4 C:\Program Files (x86)\VEX Robotics\VEXcode Pro V5\sdk/vexv5\libv5rt.a(vex_timer.cpp.obj)
                0x0380637c                vex::timer::reset()
 .text._ZNK3vex5timer4timeENS_9timeUnitsE
                0x03806380       0x40 C:\Program Files (x86)\VEX Robotics\VEXcode Pro V5\sdk/vexv5\libv5rt.a(vex_timer.cpp.obj)
                0x03806380                vex::timer::time(vex::timeUnits) const
 .text._ZN3vex5timer6systemEv
                0x038063c0        0x4 C:\Program Files (x86)\VEX Robotics\VEXcode Pro V5\sdk/vexv5\libv5rt.a(vex_timer.cpp.obj)
                0x038063c0                vex::timer::system()
 .text.vexAdiPortConfigSet
                0x038063c4       0x28 C:\Program Files (x86)\VEX Robotics\VEXcode Pro V5\sdk/vexv5\libv5rt.a(v5_apiuser.c.obj)
                0x038063c4                vexAdiPortConfigSet
 .text.vexAdiPortConfigGet
                0x038063ec       0x28 C:\Program Files (x86)\VEX Robotics\VEXcode Pro V5\sdk/vexv5\libv5rt.a(v5_apiuser.c.obj)
                0x038063ec                vexAdiPortConfigGet
 .text.vexAdiValueSet
                0x03806414       0x28 C:\Program Files (x86)\VEX Robotics\VEXcode Pro V5\sdk/vexv5\libv5rt.a(v5_apiuser.c.obj)
                0x03806414                vexAdiValueSet
 .text.vexMotorVelocitySet
                0x0380643c       0x20 C:\Program Files (x86)\VEX Robotics\VEXcode Pro V5\sdk/vexv5\libv5rt.a(v5_apiuser.c.obj)
                0x0380643c                vexMotorVelocitySet
 .text.vexMotorVoltageSet
                0x0380645c       0x20 C:\Program Files (x86)\VEX Robotics\VEXcode Pro V5\sdk/vexv5\libv5rt.a(v5_apiuser.c.obj)
                0x0380645c                vexMotorVoltageSet
 .text.vexMotorActualVelocityGet
                0x0380647c       0x24 C:\Program Files (x86)\VEX Robotics\VEXcode Pro V5\sdk/vexv5\libv5rt.a(v5_apiuser.c.obj)
                0x0380647c                vexMotorActualVelocityGet
 .text.vexMotorReverseFlagSet
                0x038064a0       0x20 C:\Program Files (x86)\VEX Robotics\VEXcode Pro V5\sdk/vexv5\libv5rt.a(v5_apiuser.c.obj)
                0x038064a0                vexMotorReverseFlagSet
 .text.vexMotorEncoderUnitsSet
                0x038064c0       0x20 C:\Program Files (x86)\VEX Robotics\VEXcode Pro V5\sdk/vexv5\libv5rt.a(v5_apiuser.c.obj)
                0x038064c0                vexMotorEncoderUnitsSet
 .text.vexMotorBrakeModeSet
                0x038064e0       0x20 C:\Program Files (x86)\VEX Robotics\VEXcode Pro V5\sdk/vexv5\libv5rt.a(v5_apiuser.c.obj)
                0x038064e0                vexMotorBrakeModeSet
 .text.vexMotorPositionSet
                0x03806500       0x28 C:\Program Files (x86)\VEX Robotics\VEXcode Pro V5\sdk/vexv5\libv5rt.a(v5_apiuser.c.obj)
                0x03806500                vexMotorPositionSet
 .text.vexMotorPositionGet
                0x03806528       0x24 C:\Program Files (x86)\VEX Robotics\VEXcode Pro V5\sdk/vexv5\libv5rt.a(v5_apiuser.c.obj)
                0x03806528                vexMotorPositionGet
 .text.vexMotorGearingSet
                0x0380654c       0x20 C:\Program Files (x86)\VEX Robotics\VEXcode Pro V5\sdk/vexv5\libv5rt.a(v5_apiuser.c.obj)
                0x0380654c                vexMotorGearingSet
 .text.vexMotorGearingGet
                0x0380656c       0x18 C:\Program Files (x86)\VEX Robotics\VEXcode Pro V5\sdk/vexv5\libv5rt.a(v5_apiuser.c.obj)
                0x0380656c                vexMotorGearingGet
 .text.vexVisionModeSet
                0x03806584       0x20 C:\Program Files (x86)\VEX Robotics\VEXcode Pro V5\sdk/vexv5\libv5rt.a(v5_apiuser.c.obj)
                0x03806584                vexVisionModeSet
 .text.vexVisionObjectCountGet
                0x038065a4       0x18 C:\Program Files (x86)\VEX Robotics\VEXcode Pro V5\sdk/vexv5\libv5rt.a(v5_apiuser.c.obj)
                0x038065a4                vexVisionObjectCountGet
 .text.vexVisionObjectGet
                0x038065bc       0x28 C:\Program Files (x86)\VEX Robotics\VEXcode Pro V5\sdk/vexv5\libv5rt.a(v5_apiuser.c.obj)
                0x038065bc                vexVisionObjectGet
 .text.vexVisionSignatureSet
                0x038065e4       0x20 C:\Program Files (x86)\VEX Robotics\VEXcode Pro V5\sdk/vexv5\libv5rt.a(v5_apiuser.c.obj)
                0x038065e4                vexVisionSignatureSet
 .text.vexVisionBrightnessSet
                0x03806604       0x20 C:\Program Files (x86)\VEX Robotics\VEXcode Pro V5\sdk/vexv5\libv5rt.a(v5_apiuser.c.obj)
                0x03806604                vexVisionBrightnessSet
 .text.vexVisionLedModeSet
                0x03806624       0x20 C:\Program Files (x86)\VEX Robotics\VEXcode Pro V5\sdk/vexv5\libv5rt.a(v5_apiuser.c.obj)
                0x03806624                vexVisionLedModeSet
 .text.vexVisionLedColorSet
                0x03806644       0x2c C:\Program Files (x86)\VEX Robotics\VEXcode Pro V5\sdk/vexv5\libv5rt.a(v5_apiuser.c.obj)
                0x03806644                vexVisionLedColorSet
 .text.vexImuReset
                0x03806670       0x10 C:\Program Files (x86)\VEX Robotics\VEXcode Pro V5\sdk/vexv5\libv5rt.a(v5_apiuser.c.obj)
                0x03806670                vexImuReset
 .text.vexImuHeadingGet
                0x03806680       0x10 C:\Program Files (x86)\VEX Robotics\VEXcode Pro V5\sdk/vexv5\libv5rt.a(v5_apiuser.c.obj)
                0x03806680                vexImuHeadingGet
 .text.vexImuDegreesGet
                0x03806690       0x10 C:\Program Files (x86)\VEX Robotics\VEXcode Pro V5\sdk/vexv5\libv5rt.a(v5_apiuser.c.obj)
                0x03806690                vexImuDegreesGet
 .text.vexImuAttitudeGet
                0x038066a0       0x18 C:\Program Files (x86)\VEX Robotics\VEXcode Pro V5\sdk/vexv5\libv5rt.a(v5_apiuser.c.obj)
                0x038066a0                vexImuAttitudeGet
 .text.vexImuStatusGet
                0x038066b8       0x10 C:\Program Files (x86)\VEX Robotics\VEXcode Pro V5\sdk/vexv5\libv5rt.a(v5_apiuser.c.obj)
                0x038066b8                vexImuStatusGet
 .text.vexAbsEncPositionSet
                0x038066c8       0x18 C:\Program Files (x86)\VEX Robotics\VEXcode Pro V5\sdk/vexv5\libv5rt.a(v5_apiuser.c.obj)
                0x038066c8                vexAbsEncPositionSet
 .text.vexAbsEncPositionGet
                0x038066e0       0x10 C:\Program Files (x86)\VEX Robotics\VEXcode Pro V5\sdk/vexv5\libv5rt.a(v5_apiuser.c.obj)
                0x038066e0                vexAbsEncPositionGet
 .text.vexAbsEncAngleGet
                0x038066f0       0x10 C:\Program Files (x86)\VEX Robotics\VEXcode Pro V5\sdk/vexv5\libv5rt.a(v5_apiuser.c.obj)
                0x038066f0                vexAbsEncAngleGet
 .text.vexAbsEncReverseFlagSet
                0x03806700       0x18 C:\Program Files (x86)\VEX Robotics\VEXcode Pro V5\sdk/vexv5\libv5rt.a(v5_apiuser.c.obj)
                0x03806700                vexAbsEncReverseFlagSet
 .text.vexOpticalHueGet
                0x03806718       0x10 C:\Program Files (x86)\VEX Robotics\VEXcode Pro V5\sdk/vexv5\libv5rt.a(v5_apiuser.c.obj)
                0x03806718                vexOpticalHueGet
 .text.vexOpticalProximityGet
                0x03806728       0x10 C:\Program Files (x86)\VEX Robotics\VEXcode Pro V5\sdk/vexv5\libv5rt.a(v5_apiuser.c.obj)
                0x03806728                vexOpticalProximityGet
 .text.vexOpticalLedPwmSet
                0x03806738       0x18 C:\Program Files (x86)\VEX Robotics\VEXcode Pro V5\sdk/vexv5\libv5rt.a(v5_apiuser.c.obj)
                0x03806738                vexOpticalLedPwmSet
 .text.vexOpticalGestureEnable
                0x03806750       0x10 C:\Program Files (x86)\VEX Robotics\VEXcode Pro V5\sdk/vexv5\libv5rt.a(v5_apiuser.c.obj)
                0x03806750                vexOpticalGestureEnable
 .text.vexOpticalGestureDisable
                0x03806760       0x10 C:\Program Files (x86)\VEX Robotics\VEXcode Pro V5\sdk/vexv5\libv5rt.a(v5_apiuser.c.obj)
                0x03806760                vexOpticalGestureDisable
 .text.vexOpticalProximityThreshold
                0x03806770       0x18 C:\Program Files (x86)\VEX Robotics\VEXcode Pro V5\sdk/vexv5\libv5rt.a(v5_apiuser.c.obj)
                0x03806770                vexOpticalProximityThreshold
 .text.vexEventMaskSet
                0x03806788       0x28 C:\Program Files (x86)\VEX Robotics\VEXcode Pro V5\sdk/vexv5\libv5rt.a(v5_apiuser.c.obj)
                0x03806788                vexEventMaskSet
 .text.vexEventMaskGet
                0x038067b0       0x18 C:\Program Files (x86)\VEX Robotics\VEXcode Pro V5\sdk/vexv5\libv5rt.a(v5_apiuser.c.obj)
                0x038067b0                vexEventMaskGet
 .text._ZN3vex6deviceD2Ev
                0x038067c8        0x4 C:\Program Files (x86)\VEX Robotics\VEXcode Pro V5\sdk/vexv5\libv5rt.a(vex_device.cpp.obj)
                0x038067c8                vex::device::~device()
                0x038067c8                vex::device::~device()
 .text._ZN3vex6device5valueEv
                0x038067cc        0x8 C:\Program Files (x86)\VEX Robotics\VEXcode Pro V5\sdk/vexv5\libv5rt.a(vex_device.cpp.obj)
                0x038067cc                vex::device::value()
 .text._ZN3vex6deviceD0Ev
                0x038067d4       0x14 C:\Program Files (x86)\VEX Robotics\VEXcode Pro V5\sdk/vexv5\libv5rt.a(vex_device.cpp.obj)
                0x038067d4                vex::device::~device()
 .text._ZN3vex6device4initEl
                0x038067e8       0x30 C:\Program Files (x86)\VEX Robotics\VEXcode Pro V5\sdk/vexv5\libv5rt.a(vex_device.cpp.obj)
                0x038067e8                vex::device::init(long)
 .text._ZN3vex6deviceC2El
                0x03806818       0x20 C:\Program Files (x86)\VEX Robotics\VEXcode Pro V5\sdk/vexv5\libv5rt.a(vex_device.cpp.obj)
                0x03806818                vex::device::device(long)
                0x03806818                vex::device::device(long)
 .text._ZN3vex6device4typeEv
                0x03806838       0x10 C:\Program Files (x86)\VEX Robotics\VEXcode Pro V5\sdk/vexv5\libv5rt.a(vex_device.cpp.obj)
                0x03806838                vex::device::type()
 .text._ZN3vex6device9installedEv
                0x03806848       0x14 C:\Program Files (x86)\VEX Robotics\VEXcode Pro V5\sdk/vexv5\libv5rt.a(vex_device.cpp.obj)
                0x03806848                vex::device::installed()
 .text.__aeabi_memclr
                0x0380685c        0x8 C:\Program Files (x86)\VEX Robotics\VEXcode Pro V5\sdk/vexv5/gcc/libs\libc.a(lib_a-aeabi_memclr.o)
                0x0380685c                __aeabi_memclr4
                0x0380685c                __aeabi_memclr
                0x0380685c                __aeabi_memclr8
 .text.__libc_fini_array
                0x03806864       0x30 C:\Program Files (x86)\VEX Robotics\VEXcode Pro V5\sdk/vexv5/gcc/libs\libc.a(lib_a-fini.o)
                0x03806864                __libc_fini_array
 .text.__libc_init_array
                0x03806894       0x58 C:\Program Files (x86)\VEX Robotics\VEXcode Pro V5\sdk/vexv5/gcc/libs\libc.a(lib_a-init.o)
                0x03806894                __libc_init_array
 .text._puts_r  0x038068ec       0x68 C:\Program Files (x86)\VEX Robotics\VEXcode Pro V5\sdk/vexv5/gcc/libs\libc.a(lib_a-puts.o)
                0x038068ec                _puts_r
 .text.puts     0x03806954       0x10 C:\Program Files (x86)\VEX Robotics\VEXcode Pro V5\sdk/vexv5/gcc/libs\libc.a(lib_a-puts.o)
                0x03806954                puts
 *fill*         0x03806964        0x4 
 .text.puts.__stub
                0x03806968       0x20 linker stubs
 *(.gnu.linkonce.t.*)
 *(.plt)
 *(.gnu_warning)
 *(.gcc_except_table)
 *(.glue_7)
 .glue_7        0x00000000        0x0 linker stubs
 *(.glue_7t)
 .glue_7t       0x00000000        0x0 linker stubs
 *(.vfp11_veneer)
 .vfp11_veneer  0x00000000        0x0 linker stubs
 *(.ARM.extab)
 *(.gnu.linkonce.armextab.*)

.v4_bx          0x03806988        0x0
 .v4_bx         0x00000000        0x0 linker stubs

.iplt           0x03806988        0x0
 .iplt          0x00000000        0x0 build/src/main.o

.init
 *(.init)

.fini
 *(.fini)

.rodata         0x03806988      0x338
                0x03806988                __rodata_start = .
 *(.rodata)
 *(.rodata.*)
 .rodata.str1.1
                0x03806988       0x8e build/src/main.o
                                 0x97 (size before relaxing)
 .rodata.str1.1
                0x03806a16       0x29 build/src/turret.o
                                 0x2e (size before relaxing)
 .rodata.str1.1
                0x00000000        0x2 build/src/odometry.o
 .rodata.str1.1
                0x03806a3f       0x32 build/src/sylib/system.o
 .rodata.str1.1
                0x03806a71       0x2e C:\Program Files (x86)\VEX Robotics\VEXcode Pro V5\sdk/vexv5\libv5rt.a(v5_startup.c.obj)
 *fill*         0x03806a9f        0x1 
 .rodata._ZN3vex6PORT20E
                0x03806aa0        0x4 C:\Program Files (x86)\VEX Robotics\VEXcode Pro V5\sdk/vexv5\libv5rt.a(vex_global.cpp.obj)
                0x03806aa0                vex::PORT20
 .rodata._ZN3vex3revE
                0x03806aa4        0x4 C:\Program Files (x86)\VEX Robotics\VEXcode Pro V5\sdk/vexv5\libv5rt.a(vex_global.cpp.obj)
                0x03806aa4                vex::rev
 .rodata._ZN3vex3fwdE
                0x03806aa8        0x4 C:\Program Files (x86)\VEX Robotics\VEXcode Pro V5\sdk/vexv5\libv5rt.a(vex_global.cpp.obj)
                0x03806aa8                vex::fwd
 .rodata._ZN3vex5PORT3E
                0x03806aac        0x4 C:\Program Files (x86)\VEX Robotics\VEXcode Pro V5\sdk/vexv5\libv5rt.a(vex_global.cpp.obj)
                0x03806aac                vex::PORT3
 .rodata._ZN3vex5PORT1E
                0x03806ab0        0x4 C:\Program Files (x86)\VEX Robotics\VEXcode Pro V5\sdk/vexv5\libv5rt.a(vex_global.cpp.obj)
                0x03806ab0                vex::PORT1
 .rodata._ZN3vex7reverseE
                0x03806ab4        0x4 C:\Program Files (x86)\VEX Robotics\VEXcode Pro V5\sdk/vexv5\libv5rt.a(vex_global.cpp.obj)
                0x03806ab4                vex::reverse
 .rodata._ZN3vex4voltE
                0x03806ab8        0x4 C:\Program Files (x86)\VEX Robotics\VEXcode Pro V5\sdk/vexv5\libv5rt.a(vex_global.cpp.obj)
                0x03806ab8                vex::volt
 .rodata._ZN3vex5PORT5E
                0x03806abc        0x4 C:\Program Files (x86)\VEX Robotics\VEXcode Pro V5\sdk/vexv5\libv5rt.a(vex_global.cpp.obj)
                0x03806abc                vex::PORT5
 .rodata._ZN3vex7forwardE
                0x03806ac0        0x4 C:\Program Files (x86)\VEX Robotics\VEXcode Pro V5\sdk/vexv5\libv5rt.a(vex_global.cpp.obj)
                0x03806ac0                vex::forward
 .rodata._ZN3vex6PORT14E
                0x03806ac4        0x4 C:\Program Files (x86)\VEX Robotics\VEXcode Pro V5\sdk/vexv5\libv5rt.a(vex_global.cpp.obj)
                0x03806ac4                vex::PORT14
 .rodata._ZN3vex3pctE
                0x03806ac8        0x4 C:\Program Files (x86)\VEX Robotics\VEXcode Pro V5\sdk/vexv5\libv5rt.a(vex_global.cpp.obj)
                0x03806ac8                vex::pct
 .rodata._ZN3vex3secE
                0x03806acc        0x4 C:\Program Files (x86)\VEX Robotics\VEXcode Pro V5\sdk/vexv5\libv5rt.a(vex_global.cpp.obj)
                0x03806acc                vex::sec
 .rodata._ZN3vex3redE
                0x03806ad0        0x4 C:\Program Files (x86)\VEX Robotics\VEXcode Pro V5\sdk/vexv5\libv5rt.a(vex_global.cpp.obj)
                0x03806ad0                vex::red
 .rodata._ZN3vex5blackE
                0x03806ad4        0x4 C:\Program Files (x86)\VEX Robotics\VEXcode Pro V5\sdk/vexv5\libv5rt.a(vex_global.cpp.obj)
                0x03806ad4                vex::black
 .rodata._ZN3vex4msecE
                0x03806ad8        0x4 C:\Program Files (x86)\VEX Robotics\VEXcode Pro V5\sdk/vexv5\libv5rt.a(vex_global.cpp.obj)
                0x03806ad8                vex::msec
 .rodata._ZN3vex6PORT18E
                0x03806adc        0x4 C:\Program Files (x86)\VEX Robotics\VEXcode Pro V5\sdk/vexv5\libv5rt.a(vex_global.cpp.obj)
                0x03806adc                vex::PORT18
 .rodata._ZN3vex5PORT9E
                0x03806ae0        0x4 C:\Program Files (x86)\VEX Robotics\VEXcode Pro V5\sdk/vexv5\libv5rt.a(vex_global.cpp.obj)
                0x03806ae0                vex::PORT9
 .rodata._ZN3vex6PORT21E
                0x03806ae4        0x4 C:\Program Files (x86)\VEX Robotics\VEXcode Pro V5\sdk/vexv5\libv5rt.a(vex_global.cpp.obj)
                0x03806ae4                vex::PORT21
 .rodata._ZN3vex5PORT2E
                0x03806ae8        0x4 C:\Program Files (x86)\VEX Robotics\VEXcode Pro V5\sdk/vexv5\libv5rt.a(vex_global.cpp.obj)
                0x03806ae8                vex::PORT2
 .rodata._ZN3vex3rpmE
                0x03806aec        0x4 C:\Program Files (x86)\VEX Robotics\VEXcode Pro V5\sdk/vexv5\libv5rt.a(vex_global.cpp.obj)
                0x03806aec                vex::rpm
 .rodata._ZN3vex6PORT11E
                0x03806af0        0x4 C:\Program Files (x86)\VEX Robotics\VEXcode Pro V5\sdk/vexv5\libv5rt.a(vex_global.cpp.obj)
                0x03806af0                vex::PORT11
 .rodata._ZN3vex7primaryE
                0x03806af4        0x4 C:\Program Files (x86)\VEX Robotics\VEXcode Pro V5\sdk/vexv5\libv5rt.a(vex_global.cpp.obj)
                0x03806af4                vex::primary
 .rodata._ZN3vex7percentE
                0x03806af8        0x4 C:\Program Files (x86)\VEX Robotics\VEXcode Pro V5\sdk/vexv5\libv5rt.a(vex_global.cpp.obj)
                0x03806af8                vex::percent
 .rodata._ZN3vex6PORT15E
                0x03806afc        0x4 C:\Program Files (x86)\VEX Robotics\VEXcode Pro V5\sdk/vexv5\libv5rt.a(vex_global.cpp.obj)
                0x03806afc                vex::PORT15
 .rodata._ZN3vex7degreesE
                0x03806b00        0x4 C:\Program Files (x86)\VEX Robotics\VEXcode Pro V5\sdk/vexv5\libv5rt.a(vex_global.cpp.obj)
                0x03806b00                vex::degrees
 .rodata._ZN3vex6PORT22E
                0x03806b04        0x4 C:\Program Files (x86)\VEX Robotics\VEXcode Pro V5\sdk/vexv5\libv5rt.a(vex_global.cpp.obj)
                0x03806b04                vex::PORT22
 .rodata._ZN3vex7partnerE
                0x03806b08        0x4 C:\Program Files (x86)\VEX Robotics\VEXcode Pro V5\sdk/vexv5\libv5rt.a(vex_global.cpp.obj)
                0x03806b08                vex::partner
 .rodata._ZN3vex3yawE
                0x03806b0c        0x4 C:\Program Files (x86)\VEX Robotics\VEXcode Pro V5\sdk/vexv5\libv5rt.a(vex_global.cpp.obj)
                0x03806b0c                vex::yaw
 .rodata._ZN3vex6orangeE
                0x03806b10        0x4 C:\Program Files (x86)\VEX Robotics\VEXcode Pro V5\sdk/vexv5\libv5rt.a(vex_global.cpp.obj)
                0x03806b10                vex::orange
 .rodata._ZN3vex6PORT12E
                0x03806b14        0x4 C:\Program Files (x86)\VEX Robotics\VEXcode Pro V5\sdk/vexv5\libv5rt.a(vex_global.cpp.obj)
                0x03806b14                vex::PORT12
 .rodata._ZN3vex5PORT7E
                0x03806b18        0x4 C:\Program Files (x86)\VEX Robotics\VEXcode Pro V5\sdk/vexv5\libv5rt.a(vex_global.cpp.obj)
                0x03806b18                vex::PORT7
 .rodata._ZN3vex6PORT16E
                0x03806b1c        0x4 C:\Program Files (x86)\VEX Robotics\VEXcode Pro V5\sdk/vexv5\libv5rt.a(vex_global.cpp.obj)
                0x03806b1c                vex::PORT16
 .rodata._ZN3vex8ratio6_1E
                0x03806b20        0x4 C:\Program Files (x86)\VEX Robotics\VEXcode Pro V5\sdk/vexv5\libv5rt.a(vex_global.cpp.obj)
                0x03806b20                vex::ratio6_1
 .rodata._ZN3vex5brakeE
                0x03806b24        0x4 C:\Program Files (x86)\VEX Robotics\VEXcode Pro V5\sdk/vexv5\libv5rt.a(vex_global.cpp.obj)
                0x03806b24                vex::brake
 .rodata._ZN3vex5coastE
                0x03806b28        0x4 C:\Program Files (x86)\VEX Robotics\VEXcode Pro V5\sdk/vexv5\libv5rt.a(vex_global.cpp.obj)
                0x03806b28                vex::coast
 .rodata._ZN3vex5PORT4E
                0x03806b2c        0x4 C:\Program Files (x86)\VEX Robotics\VEXcode Pro V5\sdk/vexv5\libv5rt.a(vex_global.cpp.obj)
                0x03806b2c                vex::PORT4
 .rodata._ZN3vex9ratio18_1E
                0x03806b30        0x4 C:\Program Files (x86)\VEX Robotics\VEXcode Pro V5\sdk/vexv5\libv5rt.a(vex_global.cpp.obj)
                0x03806b30                vex::ratio18_1
 .rodata._ZN3vex6PORT17E
                0x03806b34        0x4 C:\Program Files (x86)\VEX Robotics\VEXcode Pro V5\sdk/vexv5\libv5rt.a(vex_global.cpp.obj)
                0x03806b34                vex::PORT17
 .rodata._ZTVN3vex5motorE
                0x03806b38       0x18 C:\Program Files (x86)\VEX Robotics\VEXcode Pro V5\sdk/vexv5\libv5rt.a(vex_motor.cpp.obj)
                0x03806b38                vtable for vex::motor
 .rodata._ZTVN3vex6visionE
                0x03806b50       0x18 C:\Program Files (x86)\VEX Robotics\VEXcode Pro V5\sdk/vexv5\libv5rt.a(vex_vision.cpp.obj)
                0x03806b50                vtable for vex::vision
 .rodata._ZTVN3vex8inertialE
                0x03806b68       0x60 C:\Program Files (x86)\VEX Robotics\VEXcode Pro V5\sdk/vexv5\libv5rt.a(vex_imu.cpp.obj)
                0x03806b68                vtable for vex::inertial
 .rodata._ZTVN3vex8rotationE
                0x03806bc8       0x18 C:\Program Files (x86)\VEX Robotics\VEXcode Pro V5\sdk/vexv5\libv5rt.a(vex_rotation.cpp.obj)
                0x03806bc8                vtable for vex::rotation
 .rodata._ZTVN3vex7opticalE
                0x03806be0       0x18 C:\Program Files (x86)\VEX Robotics\VEXcode Pro V5\sdk/vexv5\libv5rt.a(vex_optical.cpp.obj)
                0x03806be0                vtable for vex::optical
 .rodata.CSWTCH.16
                0x03806bf8        0xb C:\Program Files (x86)\VEX Robotics\VEXcode Pro V5\sdk/vexv5\libv5rt.a(vex_controller.cpp.obj)
 .rodata.CSWTCH.18
                0x03806c03        0xb C:\Program Files (x86)\VEX Robotics\VEXcode Pro V5\sdk/vexv5\libv5rt.a(vex_controller.cpp.obj)
 .rodata.CSWTCH.24
                0x03806c0e        0x3 C:\Program Files (x86)\VEX Robotics\VEXcode Pro V5\sdk/vexv5\libv5rt.a(vex_controller.cpp.obj)
 .rodata.str1.1
                0x03806c11       0x14 C:\Program Files (x86)\VEX Robotics\VEXcode Pro V5\sdk/vexv5\libv5rt.a(vex_task.cpp.obj)
 .rodata.str1.1
                0x03806c25       0x14 C:\Program Files (x86)\VEX Robotics\VEXcode Pro V5\sdk/vexv5\libv5rt.a(vex_thread.cpp.obj)
 .rodata.str1.1
                0x03806c39       0x2d C:\Program Files (x86)\VEX Robotics\VEXcode Pro V5\sdk/vexv5\libv5rt.a(vex_brain.cpp.obj)
 .rodata.CSWTCH.36
                0x03806c66       0x10 C:\Program Files (x86)\VEX Robotics\VEXcode Pro V5\sdk/vexv5\libv5rt.a(vex_triport.cpp.obj)
 *fill*         0x03806c76        0x2 
 .rodata._ZTVN3vex7triportE
                0x03806c78       0x18 C:\Program Files (x86)\VEX Robotics\VEXcode Pro V5\sdk/vexv5\libv5rt.a(vex_triport.cpp.obj)
                0x03806c78                vtable for vex::triport
 .rodata.CSWTCH.31
                0x03806c90        0xe C:\Program Files (x86)\VEX Robotics\VEXcode Pro V5\sdk/vexv5\libv5rt.a(vex_triport.cpp.obj)
 *fill*         0x03806c9e        0x2 
 .rodata._ZTVN3vex6deviceE